[92mINFO [0m:      Starting Flower SuperNode
[93mWARNING [0m:   Option `--insecure` was set. Starting insecure HTTP channel to 127.0.0.1:9092.
[92mINFO [0m:      Flower Deployment Runtime: Starting ClientAppIo API on 127.0.0.1:9098
I0929 14:24:12.502847 12090058 fork_posix.cc:71] Other threads are currently calling into gRPC, skipping fork() handlers
I0929 14:24:12.504694 12090202 ev_poll_posix.cc:587] FD from fork parent still in poll list: fd(3, generation: 1)
I0929 14:24:12.504781 12090202 ev_poll_posix.cc:587] FD from fork parent still in poll list: fd(3, generation: 1)
I0929 14:24:12.504795 12090202 ev_poll_posix.cc:587] FD from fork parent still in poll list: fd(3, generation: 1)
I0929 14:24:12.504800 12090202 ev_poll_posix.cc:587] FD from fork parent still in poll list: fd(3, generation: 1)
I0929 14:24:12.504805 12090202 ev_poll_posix.cc:587] FD from fork parent still in poll list: fd(3, generation: 1)
I0929 14:24:12.504809 12090202 ev_poll_posix.cc:587] FD from fork parent still in poll list: fd(3, generation: 1)
I0929 14:24:12.504812 12090202 ev_poll_posix.cc:587] FD from fork parent still in poll list: fd(3, generation: 1)
I0929 14:24:12.504816 12090202 ev_poll_posix.cc:587] FD from fork parent still in poll list: fd(3, generation: 1)
I0929 14:24:12.504819 12090202 ev_poll_posix.cc:587] FD from fork parent still in poll list: fd(3, generation: 1)
I0929 14:24:12.504823 12090202 ev_poll_posix.cc:587] FD from fork parent still in poll list: fd(3, generation: 1)
I0929 14:24:12.504826 12090202 ev_poll_posix.cc:587] FD from fork parent still in poll list: fd(3, generation: 1)
I0929 14:24:12.504830 12090202 ev_poll_posix.cc:587] FD from fork parent still in poll list: fd(3, generation: 1)
I0929 14:24:12.504833 12090202 ev_poll_posix.cc:587] FD from fork parent still in poll list: fd(3, generation: 1)
I0929 14:24:12.504836 12090202 ev_poll_posix.cc:587] FD from fork parent still in poll list: fd(3, generation: 1)
I0929 14:24:12.504839 12090202 ev_poll_posix.cc:587] FD from fork parent still in poll list: fd(3, generation: 1)
I0929 14:24:12.504842 12090202 ev_poll_posix.cc:587] FD from fork parent still in poll list: fd(3, generation: 1)
I0929 14:24:12.504845 12090202 ev_poll_posix.cc:587] FD from fork parent still in poll list: fd(3, generation: 1)
I0929 14:24:12.504849 12090202 ev_poll_posix.cc:587] FD from fork parent still in poll list: fd(3, generation: 1)
I0929 14:24:12.504852 12090202 ev_poll_posix.cc:587] FD from fork parent still in poll list: fd(3, generation: 1)
I0929 14:24:12.504855 12090202 ev_poll_posix.cc:587] FD from fork parent still in poll list: fd(3, generation: 1)
I0929 14:24:12.504858 12090202 ev_poll_posix.cc:587] FD from fork parent still in poll list: fd(3, generation: 1)
I0929 14:24:12.504861 12090202 ev_poll_posix.cc:587] FD from fork parent still in poll list: fd(3, generation: 1)
I0929 14:24:12.504865 12090202 ev_poll_posix.cc:587] FD from fork parent still in poll list: fd(3, generation: 1)
I0929 14:24:12.504868 12090202 ev_poll_posix.cc:587] FD from fork parent still in poll list: fd(3, generation: 1)
I0929 14:24:12.504871 12090202 ev_poll_posix.cc:587] FD from fork parent still in poll list: fd(3, generation: 1)
I0929 14:24:12.504874 12090202 ev_poll_posix.cc:587] FD from fork parent still in poll list: fd(3, generation: 1)
I0929 14:24:12.504877 12090202 ev_poll_posix.cc:587] FD from fork parent still in poll list: fd(3, generation: 1)
I0929 14:24:12.504879 12090202 ev_poll_posix.cc:587] FD from fork parent still in poll list: fd(3, generation: 1)
I0929 14:24:12.506319 12090114 fork_posix.cc:71] Other threads are currently calling into gRPC, skipping fork() handlers
I0929 14:24:12.517458 12090114 fork_posix.cc:71] Other threads are currently calling into gRPC, skipping fork() handlers
[92mINFO [0m:      SuperNode ID: 4154389164809950881
[92mINFO [0m:      Starting Flower SuperExec
[92mINFO [0m:      
[92mINFO [0m:      [RUN 15511954915919828759]
[92mINFO [0m:      Receiving: train message (ID: 80c210532004683baacdd16bead478bc105de8b5d055fb8e548abd66346fe63e)
[92mINFO [0m:      Received successfully
[92mINFO [0m:      Start `flwr-clientapp` process
[92mINFO [0m:      
[92mINFO [0m:      
[92mINFO [0m:      [RUN 15511954915919828759]
[92mINFO [0m:      Sending: train message (ID: 33db29e0416ead1411f8c2cfee490a5c6582b3b2b9191a8063ede55bb07f292c)
[92mINFO [0m:      Sent successfully
[92mINFO [0m:      
[92mINFO [0m:      [RUN 15511954915919828759]
[92mINFO [0m:      Receiving: evaluate message (ID: 221040bf043acc33a91d013e69001d1927c76ddc99d0fd7dcdb28947f985b3bf)
[92mINFO [0m:      Received successfully
[92mINFO [0m:      Start `flwr-clientapp` process
[92mINFO [0m:      
[92mINFO [0m:      
[92mINFO [0m:      [RUN 15511954915919828759]
[92mINFO [0m:      Sending: evaluate message (ID: 6089f7a6a76985da0b739a3592f33e5ec0c6f862dc9f3bf52ccfe36758008b5b)
[92mINFO [0m:      Sent successfully
[92mINFO [0m:      
[92mINFO [0m:      [RUN 15511954915919828759]
[92mINFO [0m:      Receiving: train message (ID: ee522340a60d644f75bb3cb572d6d40d0124b9ae262c8529e66655462e6ca59e)
[92mINFO [0m:      Received successfully
[92mINFO [0m:      Start `flwr-clientapp` process
[92mINFO [0m:      
[92mINFO [0m:      
[92mINFO [0m:      [RUN 15511954915919828759]
[92mINFO [0m:      Sending: train message (ID: a6077a7712b1891d8a3559b710192b37a1d86baa09731cdfb268ca3a6c83baa3)
[92mINFO [0m:      Sent successfully
[92mINFO [0m:      
[92mINFO [0m:      [RUN 15511954915919828759]
[92mINFO [0m:      Receiving: evaluate message (ID: 87d43a9115ef7727acccc24492648dfceefd9b9b8a4fd0b12000a926dd13045a)
[92mINFO [0m:      Received successfully
[92mINFO [0m:      Start `flwr-clientapp` process
[92mINFO [0m:      
[92mINFO [0m:      [RUN 15511954915919828759]
[92mINFO [0m:      Sending: evaluate message (ID: c277e457d7f7cef21ef319cd38a1e9a53ae847b518b99fc4e88d2d202c81eeed)
[92mINFO [0m:      Sent successfully
[92mINFO [0m:      
[92mINFO [0m:      
[92mINFO [0m:      [RUN 15511954915919828759]
[92mINFO [0m:      Receiving: train message (ID: c4116bdb9591a1da4ab040f603ac62ba887e45e804846d02d93dc265249aa3f1)
[92mINFO [0m:      Received successfully
[92mINFO [0m:      Start `flwr-clientapp` process
[92mINFO [0m:      
[92mINFO [0m:      
[92mINFO [0m:      [RUN 15511954915919828759]
[92mINFO [0m:      Sending: train message (ID: 4f0582b3d5fd1ee46a2f9ae74df5b976b05d7c067ce45c3e01579aa695773c8c)
[92mINFO [0m:      Sent successfully
[92mINFO [0m:      
[92mINFO [0m:      [RUN 15511954915919828759]
[92mINFO [0m:      Receiving: evaluate message (ID: 5a6e1857afe33788c0af24e4d12fe03b80eb1d158ad4810a24a131003b794736)
[92mINFO [0m:      Received successfully
[92mINFO [0m:      Start `flwr-clientapp` process
[92mINFO [0m:      
[92mINFO [0m:      
[92mINFO [0m:      [RUN 15511954915919828759]
[92mINFO [0m:      Sending: evaluate message (ID: 113d442ef12680bca5331b7503f91097a94da266a62dbd15cef04ab9215d3e78)
[92mINFO [0m:      Sent successfully
[92mINFO [0m:      
[92mINFO [0m:      [RUN 15511954915919828759]
[92mINFO [0m:      Receiving: train message (ID: 39018335c3a81eb517044a9247751c4639da7a8219564648aa6f9b3e4af7f557)
[92mINFO [0m:      Received successfully
[92mINFO [0m:      Start `flwr-clientapp` process
[92mINFO [0m:      
[92mINFO [0m:      
[92mINFO [0m:      [RUN 15511954915919828759]
[92mINFO [0m:      Sending: train message (ID: d2c6765850765744dfe90da75960c6a68e2213fdd07769eadf35dc36199f3371)
[92mINFO [0m:      Sent successfully
[92mINFO [0m:      
[92mINFO [0m:      [RUN 15511954915919828759]
[92mINFO [0m:      Receiving: evaluate message (ID: 77ab26aac6661e6272e8f3d88eb509df03d64bef82a095a2b85abcce6d769d2a)
[92mINFO [0m:      Received successfully
[92mINFO [0m:      Start `flwr-clientapp` process
[92mINFO [0m:      
[92mINFO [0m:      
[92mINFO [0m:      [RUN 15511954915919828759]
[92mINFO [0m:      Sending: evaluate message (ID: dddadfaa1c70702e9717a68a5fa0148ef61ce7866d61bb3f7743bba17a19086d)
[92mINFO [0m:      Sent successfully
[92mINFO [0m:      
[92mINFO [0m:      [RUN 15511954915919828759]
[92mINFO [0m:      Receiving: train message (ID: cf02886a8f98a262feac03f0b07c0c3552f4f4547a920a57148d5da5db455db5)
[92mINFO [0m:      Received successfully
[92mINFO [0m:      Start `flwr-clientapp` process
[92mINFO [0m:      
[92mINFO [0m:      
[92mINFO [0m:      [RUN 15511954915919828759]
[92mINFO [0m:      Sending: train message (ID: 43234f64e17ef80f855a6a799e77f559b7046903217727a1ce8b5616da276070)
[92mINFO [0m:      Sent successfully
[92mINFO [0m:      
[92mINFO [0m:      [RUN 15511954915919828759]
[92mINFO [0m:      Receiving: evaluate message (ID: 93b71487623c40409e53cb148f996b7c94a9b1233c0a1050cfc6094a5f5568fc)
[92mINFO [0m:      Received successfully
[92mINFO [0m:      Start `flwr-clientapp` process
[92mINFO [0m:      
[92mINFO [0m:      
[92mINFO [0m:      [RUN 15511954915919828759]
[92mINFO [0m:      Sending: evaluate message (ID: 4bfd8d0bfa90854785f8ca70943edbc912f3d9804b2c27ac3f79552d0d8d65ed)
[92mINFO [0m:      Sent successfully
[92mINFO [0m:      
[92mINFO [0m:      [RUN 15511954915919828759]
[92mINFO [0m:      Receiving: train message (ID: abcd2078db95ecc79c322fef0201ae1dbf5312a1d8d6ba755ed9ec5d1dc54e32)
[92mINFO [0m:      Received successfully
[92mINFO [0m:      Start `flwr-clientapp` process
[92mINFO [0m:      
[92mINFO [0m:      
[92mINFO [0m:      [RUN 15511954915919828759]
[92mINFO [0m:      Sending: train message (ID: 6898b2c49394b72b79edbcbc80f00fab44725aa80bfad0d5815b043d54057952)
[92mINFO [0m:      Sent successfully
[92mINFO [0m:      
[92mINFO [0m:      [RUN 15511954915919828759]
[92mINFO [0m:      Receiving: evaluate message (ID: 22f1235af34a17ebb0cb16fa1accd097f648c630c161b7dec72b47b941b11d67)
[92mINFO [0m:      Received successfully
[92mINFO [0m:      Start `flwr-clientapp` process
[92mINFO [0m:      
[92mINFO [0m:      
[92mINFO [0m:      [RUN 15511954915919828759]
[92mINFO [0m:      Sending: evaluate message (ID: bdde96499062a4ee5c6e7d2d1aa31a10e27f8901ad3d74187793dc48f59872ea)
[92mINFO [0m:      Sent successfully
[92mINFO [0m:      
[92mINFO [0m:      [RUN 15511954915919828759]
[92mINFO [0m:      Receiving: train message (ID: 013a0929e7dffcbee9313cd784391f2b783ad4631c950a957bd6c9551569e3b0)
[92mINFO [0m:      Received successfully
[92mINFO [0m:      Start `flwr-clientapp` process
[92mINFO [0m:      
[92mINFO [0m:      
[92mINFO [0m:      [RUN 15511954915919828759]
[92mINFO [0m:      Sending: train message (ID: 7c37be27e935a15a4bbc12cd014293bab54297ea047b52f93409fde0b5f2debe)
[92mINFO [0m:      Sent successfully
[92mINFO [0m:      
[92mINFO [0m:      [RUN 15511954915919828759]
[92mINFO [0m:      Receiving: evaluate message (ID: 2968669c6d4f9250d3493f6aea3272f35b72e2451257419fb3772972c3fe7866)
[92mINFO [0m:      Received successfully
[92mINFO [0m:      Start `flwr-clientapp` process
[92mINFO [0m:      
[92mINFO [0m:      
[92mINFO [0m:      [RUN 15511954915919828759]
[92mINFO [0m:      Sending: evaluate message (ID: ed988db5256d2c1484255c869563d91ed5b7279aee0bb90adfb19ebf8bd239e2)
[92mINFO [0m:      Sent successfully
[92mINFO [0m:      
[92mINFO [0m:      [RUN 15511954915919828759]
[92mINFO [0m:      Receiving: train message (ID: 034b0c251182993dfb301faff72f8ab1cabf2cff0ffbfe3941a3c71dd2defb49)
[92mINFO [0m:      Received successfully
[92mINFO [0m:      Start `flwr-clientapp` process
[92mINFO [0m:      
[92mINFO [0m:      
[92mINFO [0m:      [RUN 15511954915919828759]
[92mINFO [0m:      Sending: train message (ID: 696ed89ab1bd3168db86900dcbc73b947d7766b225891ca7eabad985efe1f50d)
[92mINFO [0m:      Sent successfully
[92mINFO [0m:      
[92mINFO [0m:      [RUN 15511954915919828759]
[92mINFO [0m:      Receiving: evaluate message (ID: de4eb5ec91d2e6506ed44d13e273feb95440fc169a208466ae655d0a37b16bbe)
[92mINFO [0m:      Received successfully
[92mINFO [0m:      Start `flwr-clientapp` process
[92mINFO [0m:      
[92mINFO [0m:      
[92mINFO [0m:      [RUN 15511954915919828759]
[92mINFO [0m:      Sending: evaluate message (ID: 9723ebe3c2bcfe0c2e25129229b3cba715a378e39eecc9e80a7f0a5e8ce700d8)
[92mINFO [0m:      Sent successfully
[92mINFO [0m:      SuperExec terminated gracefully.
[92mINFO [0m:      SuperExec terminated gracefully.
