[92mINFO [0m:      Starting Flower SuperNode
[93mWARNING [0m:   Option `--insecure` was set. Starting insecure HTTP channel to 127.0.0.1:9092.
[92mINFO [0m:      Flower Deployment Runtime: Starting ClientAppIo API on 127.0.0.1:9095
I0929 14:24:12.539981 12090061 fork_posix.cc:71] Other threads are currently calling into gRPC, skipping fork() handlers
I0929 14:24:12.545255 12090473 ev_poll_posix.cc:587] FD from fork parent still in poll list: fd(3, generation: 1)
I0929 14:24:12.549965 12090184 fork_posix.cc:71] Other threads are currently calling into gRPC, skipping fork() handlers
I0929 14:24:12.577075 12090184 fork_posix.cc:71] Other threads are currently calling into gRPC, skipping fork() handlers
[92mINFO [0m:      SuperNode ID: 2434874171621193384
[92mINFO [0m:      Starting Flower SuperExec
[92mINFO [0m:      
[92mINFO [0m:      [RUN 15511954915919828759]
[92mINFO [0m:      Receiving: train message (ID: ea5e0a658d63f58ccd8262b749d62a6584852a7814c3a9a5b79392613c660e5f)
[92mINFO [0m:      Received successfully
[92mINFO [0m:      Start `flwr-clientapp` process
[92mINFO [0m:      
[92mINFO [0m:      
[92mINFO [0m:      [RUN 15511954915919828759]
[92mINFO [0m:      Sending: train message (ID: d2541b6841d15a648c29cad4456dd1b277587f70ad7b71e3cedd93bb4baa8fa8)
[92mINFO [0m:      Sent successfully
[92mINFO [0m:      
[92mINFO [0m:      [RUN 15511954915919828759]
[92mINFO [0m:      Receiving: evaluate message (ID: 71dec9068b0b053353a341142697ef7a1b5d9da057bba68c304512cdee29f643)
[92mINFO [0m:      Received successfully
[92mINFO [0m:      Start `flwr-clientapp` process
[92mINFO [0m:      
[92mINFO [0m:      [RUN 15511954915919828759]
[92mINFO [0m:      Sending: evaluate message (ID: d676067a118695597a9a12ef279c16c5a44907786260987095b599e2db17975c)
[92mINFO [0m:      
[92mINFO [0m:      Sent successfully
[92mINFO [0m:      
[92mINFO [0m:      [RUN 15511954915919828759]
[92mINFO [0m:      Receiving: train message (ID: 705072a3774dabdf0244c721965ab4bd45b80648fe17ab1b96ac82c3d8ce4b33)
[92mINFO [0m:      Received successfully
[92mINFO [0m:      Start `flwr-clientapp` process
[92mINFO [0m:      
[92mINFO [0m:      
[92mINFO [0m:      [RUN 15511954915919828759]
[92mINFO [0m:      Sending: train message (ID: 93a924d977cdc07ae16c0cbd539210af1957821ddacc04b080c544556a007fe1)
[92mINFO [0m:      Sent successfully
[92mINFO [0m:      
[92mINFO [0m:      [RUN 15511954915919828759]
[92mINFO [0m:      Receiving: evaluate message (ID: 54be00757c98a5e26a2d4f67f7756500d699f763c4474a94e1fb6826dfc39e5c)
[92mINFO [0m:      Received successfully
[92mINFO [0m:      Start `flwr-clientapp` process
[92mINFO [0m:      
[92mINFO [0m:      
[92mINFO [0m:      [RUN 15511954915919828759]
[92mINFO [0m:      Sending: evaluate message (ID: 24c776e6383fd7c836eb3511a088fd2181abddf51077863c5ff939b12e16b206)
[92mINFO [0m:      Sent successfully
[92mINFO [0m:      
[92mINFO [0m:      [RUN 15511954915919828759]
[92mINFO [0m:      Receiving: train message (ID: c57b1a76ff96cf497f22bd80d795b7cf62ffc394774f4f49b31abb852c5c7499)
[92mINFO [0m:      Received successfully
[92mINFO [0m:      Start `flwr-clientapp` process
[92mINFO [0m:      
[92mINFO [0m:      
[92mINFO [0m:      [RUN 15511954915919828759]
[92mINFO [0m:      Sending: train message (ID: 49bd36fa956f177c4de5721f52f6f02c411718c6f2f05f02f09873603c72455c)
[92mINFO [0m:      Sent successfully
[92mINFO [0m:      
[92mINFO [0m:      [RUN 15511954915919828759]
[92mINFO [0m:      Receiving: evaluate message (ID: 973ddca38d72b2e8fccb1167cfb5cd5096ad3e503af814ff54c2e57c97de378c)
[92mINFO [0m:      Received successfully
[92mINFO [0m:      Start `flwr-clientapp` process
[92mINFO [0m:      
[92mINFO [0m:      
[92mINFO [0m:      [RUN 15511954915919828759]
[92mINFO [0m:      Sending: evaluate message (ID: 08a6ee5c155dd5f46c03b0babaf16c2a7059f2404f64165515130a88eb82f4b4)
[92mINFO [0m:      Sent successfully
[92mINFO [0m:      
[92mINFO [0m:      [RUN 15511954915919828759]
[92mINFO [0m:      Receiving: train message (ID: 85ab3dec76cfa2dc1f8e64fd6d0d4429e24d4583ecb5c3700f2bbe42a01600f8)
[92mINFO [0m:      Received successfully
[92mINFO [0m:      Start `flwr-clientapp` process
[92mINFO [0m:      
[92mINFO [0m:      
[92mINFO [0m:      [RUN 15511954915919828759]
[92mINFO [0m:      Sending: train message (ID: efa11e74814580affc8a4d89a04f8fafa4e5c39490e847a1ee36e8aa0b832342)
[92mINFO [0m:      Sent successfully
[92mINFO [0m:      
[92mINFO [0m:      [RUN 15511954915919828759]
[92mINFO [0m:      Receiving: evaluate message (ID: 32c61e718038e93eada911e3a74dbe039d8895a93efcb108b2e6d5a40ba99393)
[92mINFO [0m:      Received successfully
[92mINFO [0m:      Start `flwr-clientapp` process
[92mINFO [0m:      
[92mINFO [0m:      
[92mINFO [0m:      [RUN 15511954915919828759]
[92mINFO [0m:      Sending: evaluate message (ID: db826dbef28210b841111e2c78c41c0dd418dee541e329ada9b952c8c33f3c8a)
[92mINFO [0m:      Sent successfully
[92mINFO [0m:      
[92mINFO [0m:      [RUN 15511954915919828759]
[92mINFO [0m:      Receiving: train message (ID: 1da21732ade5f6976820d79948bebeee298c179c93f287816b7e8177af7ae004)
[92mINFO [0m:      Received successfully
[92mINFO [0m:      Start `flwr-clientapp` process
[92mINFO [0m:      
[92mINFO [0m:      
[92mINFO [0m:      [RUN 15511954915919828759]
[92mINFO [0m:      Sending: train message (ID: 1273a0b230613dbb19c014aed47c7808f2f23db0d0ef6240a4ab17dec3124679)
[92mINFO [0m:      Sent successfully
[92mINFO [0m:      
[92mINFO [0m:      [RUN 15511954915919828759]
[92mINFO [0m:      Receiving: evaluate message (ID: f4091301e62aa1f096655a66c5f3a92d300769827d03d9894ac45ca60c054c15)
[92mINFO [0m:      Received successfully
[92mINFO [0m:      Start `flwr-clientapp` process
[92mINFO [0m:      
[92mINFO [0m:      [RUN 15511954915919828759]
[92mINFO [0m:      Sending: evaluate message (ID: 1a95be94dab7b6609435b4b6baa48424e6209ba1679c99d8daa9775734ad95bc)
[92mINFO [0m:      Sent successfully
[92mINFO [0m:      
[92mINFO [0m:      
[92mINFO [0m:      [RUN 15511954915919828759]
[92mINFO [0m:      Receiving: train message (ID: cc24dd0b2d410ef73d2f84cf08e12754c943af9644c1d84850e5e527a4d843d2)
[92mINFO [0m:      Received successfully
[92mINFO [0m:      Start `flwr-clientapp` process
[92mINFO [0m:      
[92mINFO [0m:      
[92mINFO [0m:      [RUN 15511954915919828759]
[92mINFO [0m:      Sending: train message (ID: 1f0c56f1a892b1c99ff33a76ba2f98579a2f01ec3aba4b103f524f0f9d904a32)
[92mINFO [0m:      Sent successfully
[92mINFO [0m:      
[92mINFO [0m:      [RUN 15511954915919828759]
[92mINFO [0m:      Receiving: evaluate message (ID: 7dcd3ca1e49e2901d2b5ecf15fa424b8d87238d245581b4f90bbc9d80acaf97e)
[92mINFO [0m:      Received successfully
[92mINFO [0m:      Start `flwr-clientapp` process
[92mINFO [0m:      
[92mINFO [0m:      
[92mINFO [0m:      [RUN 15511954915919828759]
[92mINFO [0m:      Sending: evaluate message (ID: 58993933b8a3df1d85d36cbd4ab58dfcc1f3f86d77faca731ccf4ae7f2753171)
[92mINFO [0m:      Sent successfully
[92mINFO [0m:      
[92mINFO [0m:      [RUN 15511954915919828759]
[92mINFO [0m:      Receiving: train message (ID: 1481f163cc935b58aefb5ca7899ad9a01f055dc5ef671398039fbb4eb4d45683)
[92mINFO [0m:      Received successfully
[92mINFO [0m:      Start `flwr-clientapp` process
[92mINFO [0m:      
[92mINFO [0m:      
[92mINFO [0m:      [RUN 15511954915919828759]
[92mINFO [0m:      Sending: train message (ID: af7848daa247ac36142e9e42dc32593518f0f08e89fcdb9bd5f4ef6eabf99bea)
[92mINFO [0m:      Sent successfully
[92mINFO [0m:      
[92mINFO [0m:      [RUN 15511954915919828759]
[92mINFO [0m:      Receiving: evaluate message (ID: 60420c776bae31fb00fa65965fd2eaffd62617a87800d0a8a7a18c562b2862b5)
[92mINFO [0m:      Received successfully
[92mINFO [0m:      Start `flwr-clientapp` process
[92mINFO [0m:      
[92mINFO [0m:      [RUN 15511954915919828759]
[92mINFO [0m:      Sending: evaluate message (ID: 532d5ee645e4b9a0c8c2522c596970e0e959378a9465d50d12498a3b9a7f6316)
[92mINFO [0m:      Sent successfully
[92mINFO [0m:      
[92mINFO [0m:      
[92mINFO [0m:      [RUN 15511954915919828759]
[92mINFO [0m:      Receiving: train message (ID: d62aa87f85973682219af8796c96bea304b2cc64c738e0035283cf3a0eaca94f)
[92mINFO [0m:      Received successfully
[92mINFO [0m:      Start `flwr-clientapp` process
[92mINFO [0m:      
[92mINFO [0m:      
[92mINFO [0m:      [RUN 15511954915919828759]
[92mINFO [0m:      Sending: train message (ID: 28e359b87c3f34e2109851b0b4fe59d38fc0685f525c9cd84b5a7d633a8e980a)
[92mINFO [0m:      Sent successfully
[92mINFO [0m:      
[92mINFO [0m:      [RUN 15511954915919828759]
[92mINFO [0m:      Receiving: evaluate message (ID: cd183783350bfd65a5e4f29a4199e66a6641c6342202748266974a143eada68a)
[92mINFO [0m:      Received successfully
[92mINFO [0m:      Start `flwr-clientapp` process
[92mINFO [0m:      
[92mINFO [0m:      
[92mINFO [0m:      [RUN 15511954915919828759]
[92mINFO [0m:      Sending: evaluate message (ID: 49f08490d1bba229865ff7112faa068638e025aa1ba7bc06ec3f2211e7cf92fd)
[92mINFO [0m:      Sent successfully
[92mINFO [0m:      SuperExec terminated gracefully.
