[92mINFO [0m:      Starting Flower SuperNode
[93mWARNING [0m:   Option `--insecure` was set. Starting insecure HTTP channel to 127.0.0.1:9092.
[92mINFO [0m:      Flower Deployment Runtime: Starting ClientAppIo API on 127.0.0.1:9097
I0929 14:24:12.522295 12090068 fork_posix.cc:71] Other threads are currently calling into gRPC, skipping fork() handlers
I0929 14:24:12.526284 12090348 ev_poll_posix.cc:587] FD from fork parent still in poll list: fd(4, generation: 1)
I0929 14:24:12.526426 12090115 fork_posix.cc:71] Other threads are currently calling into gRPC, skipping fork() handlers
I0929 14:24:12.545376 12090115 fork_posix.cc:71] Other threads are currently calling into gRPC, skipping fork() handlers
[92mINFO [0m:      SuperNode ID: 15262126792370938338
[92mINFO [0m:      Starting Flower SuperExec
[92mINFO [0m:      
[92mINFO [0m:      [RUN 15511954915919828759]
[92mINFO [0m:      Receiving: train message (ID: 1419a1d66debd21179ffa5350a4812a9db88182135a0d8fe64c677439916d5de)
[92mINFO [0m:      Received successfully
[92mINFO [0m:      Start `flwr-clientapp` process
[92mINFO [0m:      
[92mINFO [0m:      
[92mINFO [0m:      [RUN 15511954915919828759]
[92mINFO [0m:      Sending: train message (ID: 3d167073c726c2c932df573bb907ab4577d0c4f789340be344129e37a8165a22)
[92mINFO [0m:      Sent successfully
[92mINFO [0m:      
[92mINFO [0m:      [RUN 15511954915919828759]
[92mINFO [0m:      Receiving: evaluate message (ID: 3e6142359f420ae4b3eda6d42d78802b4ccf499f11d6c1739214c0d12076bff5)
[92mINFO [0m:      Received successfully
[92mINFO [0m:      Start `flwr-clientapp` process
[92mINFO [0m:      
[92mINFO [0m:      [RUN 15511954915919828759]
[92mINFO [0m:      Sending: evaluate message (ID: 4f42bd62e8467c9210d7b9177d491766c623dba2eb60857b33dc7a13c23e054e)
[92mINFO [0m:      Sent successfully
[92mINFO [0m:      
[92mINFO [0m:      
[92mINFO [0m:      [RUN 15511954915919828759]
[92mINFO [0m:      Receiving: train message (ID: 269e76199a0b8f7be68ef98211769dcce9c38a3d35db6a77e5c924ec3f5f7526)
[92mINFO [0m:      Received successfully
[92mINFO [0m:      Start `flwr-clientapp` process
[92mINFO [0m:      
[92mINFO [0m:      [RUN 15511954915919828759]
[92mINFO [0m:      Sending: train message (ID: 84e5c209cf5747435e9528dbaac57afe4e036043588fe2689b011edc5cdabb8c)
[92mINFO [0m:      Sent successfully
[92mINFO [0m:      
[92mINFO [0m:      
[92mINFO [0m:      [RUN 15511954915919828759]
[92mINFO [0m:      Receiving: evaluate message (ID: 5ae5cd0991d05a03d989a9e82f2b1f0ec609bdc3b25947af62be0878ebf069f7)
[92mINFO [0m:      Received successfully
[92mINFO [0m:      Start `flwr-clientapp` process
[92mINFO [0m:      
[92mINFO [0m:      
[92mINFO [0m:      [RUN 15511954915919828759]
[92mINFO [0m:      Sending: evaluate message (ID: 1c216f319cf922965571d1f56e6f93add5441595c2967e54d9456be8604d2f12)
[92mINFO [0m:      Sent successfully
[92mINFO [0m:      
[92mINFO [0m:      [RUN 15511954915919828759]
[92mINFO [0m:      Receiving: train message (ID: 6a77af6428fb29d65fce99a1e6b1c65b838d28e3506b725420632b7417075cc8)
[92mINFO [0m:      Received successfully
[92mINFO [0m:      Start `flwr-clientapp` process
[92mINFO [0m:      
[92mINFO [0m:      [RUN 15511954915919828759]
[92mINFO [0m:      Sending: train message (ID: e3958a958c4d579827a0dce5f5d08f5c2329745cfa7e6787c5809ab13f07bcd1)
[92mINFO [0m:      Sent successfully
[92mINFO [0m:      
[92mINFO [0m:      
[92mINFO [0m:      [RUN 15511954915919828759]
[92mINFO [0m:      Receiving: evaluate message (ID: b9c4ac3e4e23567fe21eff41b5b149d1bfb2fd1eb05df9876981a9f55bea7a8a)
[92mINFO [0m:      Received successfully
[92mINFO [0m:      Start `flwr-clientapp` process
[92mINFO [0m:      
[92mINFO [0m:      
[92mINFO [0m:      [RUN 15511954915919828759]
[92mINFO [0m:      Sending: evaluate message (ID: ae3dfe75b13231f0226f65c8149ee93d12412782d0725024db0a78d64e5738c7)
[92mINFO [0m:      Sent successfully
[92mINFO [0m:      
[92mINFO [0m:      [RUN 15511954915919828759]
[92mINFO [0m:      Receiving: train message (ID: b735a30f55a876524aa1e3e3a7da1ae8cf12a38bbf1bbed6e3e5616bc39b9a62)
[92mINFO [0m:      Received successfully
[92mINFO [0m:      Start `flwr-clientapp` process
[92mINFO [0m:      
[92mINFO [0m:      [RUN 15511954915919828759]
[92mINFO [0m:      Sending: train message (ID: 268f47285240d2df2a6dda6fa9d8c1a38600c76d98afb6c1d5a888a866cc5f4c)
[92mINFO [0m:      
[92mINFO [0m:      Sent successfully
[92mINFO [0m:      
[92mINFO [0m:      [RUN 15511954915919828759]
[92mINFO [0m:      Receiving: evaluate message (ID: d866605b7c21336ed9cf202b8dae46f9a4135751a749111deccb8d9aff383ea5)
[92mINFO [0m:      Received successfully
[92mINFO [0m:      Start `flwr-clientapp` process
[92mINFO [0m:      
[92mINFO [0m:      
[92mINFO [0m:      [RUN 15511954915919828759]
[92mINFO [0m:      Sending: evaluate message (ID: 9e0082975adb5e158c6094f811d7875a2892b28cc0e506f5c5ae58b15e46d43c)
[92mINFO [0m:      Sent successfully
[92mINFO [0m:      
[92mINFO [0m:      [RUN 15511954915919828759]
[92mINFO [0m:      Receiving: train message (ID: 8a41d353db434ee957aa2732c63ac93b32258faff19d942202657066bb9ba95d)
[92mINFO [0m:      Received successfully
[92mINFO [0m:      Start `flwr-clientapp` process
[92mINFO [0m:      
[92mINFO [0m:      
[92mINFO [0m:      [RUN 15511954915919828759]
[92mINFO [0m:      Sending: train message (ID: 3161ca48116d24250a6150b243e9630763a7425c6e7c1e532fcc9eb7381fb347)
[92mINFO [0m:      Sent successfully
[92mINFO [0m:      
[92mINFO [0m:      [RUN 15511954915919828759]
[92mINFO [0m:      Receiving: evaluate message (ID: 8160dbf1b17936c5b88cb96b8408bc43ec084523fe923ef8ec9ef827a11e770d)
[92mINFO [0m:      Received successfully
[92mINFO [0m:      Start `flwr-clientapp` process
[92mINFO [0m:      
[92mINFO [0m:      [RUN 15511954915919828759]
[92mINFO [0m:      Sending: evaluate message (ID: 8010b0364fa6cdfae471a9c1a8d24b89a8c253d1b6ef4b4f50b3f7045e608245)
[92mINFO [0m:      Sent successfully
[92mINFO [0m:      
[92mINFO [0m:      
[92mINFO [0m:      [RUN 15511954915919828759]
[92mINFO [0m:      Receiving: train message (ID: 489faa2dcf1864dc89b80d891ed83e66d131abfcc0105d74bb474ab45e3bbffc)
[92mINFO [0m:      Received successfully
[92mINFO [0m:      Start `flwr-clientapp` process
[92mINFO [0m:      
[92mINFO [0m:      
[92mINFO [0m:      [RUN 15511954915919828759]
[92mINFO [0m:      Sending: train message (ID: 69482536181014df965b889093b045442c970688aa07efaaf13b59f7cde8709c)
[92mINFO [0m:      Sent successfully
[92mINFO [0m:      
[92mINFO [0m:      [RUN 15511954915919828759]
[92mINFO [0m:      Receiving: evaluate message (ID: aa332536ab7333947a2f57303ab62d7fa15f167c12ab39a2e6da17289a43df11)
[92mINFO [0m:      Received successfully
[92mINFO [0m:      Start `flwr-clientapp` process
[92mINFO [0m:      
[92mINFO [0m:      [RUN 15511954915919828759]
[92mINFO [0m:      Sending: evaluate message (ID: 0f289e5d82239fc5458d0714d14bafd5b0dafa45b8034b038ce61362c3dba5df)
[92mINFO [0m:      
[92mINFO [0m:      Sent successfully
[92mINFO [0m:      
[92mINFO [0m:      [RUN 15511954915919828759]
[92mINFO [0m:      Receiving: train message (ID: a5c610d072f9ddf4e49c47aa1a64d95c6d0ac5e1ce7afb587473269a98d3208d)
[92mINFO [0m:      Received successfully
[92mINFO [0m:      Start `flwr-clientapp` process
[92mINFO [0m:      
[92mINFO [0m:      
[92mINFO [0m:      [RUN 15511954915919828759]
[92mINFO [0m:      Sending: train message (ID: 33eb6741bae90a5d8466eddda3d65dd35780c884af0f0da5639d023f163d7b50)
[92mINFO [0m:      Sent successfully
[92mINFO [0m:      
[92mINFO [0m:      [RUN 15511954915919828759]
[92mINFO [0m:      Receiving: evaluate message (ID: d786a2ac011316cb3e57cdaa109ce60379619b05daf3c710a74c647e4a039751)
[92mINFO [0m:      Received successfully
[92mINFO [0m:      Start `flwr-clientapp` process
[92mINFO [0m:      
[92mINFO [0m:      
[92mINFO [0m:      [RUN 15511954915919828759]
[92mINFO [0m:      Sending: evaluate message (ID: a8153e706dc4366751df87cf275219a6e72843e6c0e0cb31cd57ad2f43004fcb)
[92mINFO [0m:      Sent successfully
[92mINFO [0m:      
[92mINFO [0m:      [RUN 15511954915919828759]
[92mINFO [0m:      Receiving: train message (ID: 6e7699467686b44e9c0400d708bbb598cba19c26b153debf70e4690615e3a9a5)
[92mINFO [0m:      Received successfully
[92mINFO [0m:      Start `flwr-clientapp` process
[92mINFO [0m:      
[92mINFO [0m:      
[92mINFO [0m:      [RUN 15511954915919828759]
[92mINFO [0m:      Sending: train message (ID: 96f602ef588916a72522669ef19124ee859c5ecf6233b6ac0a23980095b54e1e)
[92mINFO [0m:      Sent successfully
[92mINFO [0m:      
[92mINFO [0m:      [RUN 15511954915919828759]
[92mINFO [0m:      Receiving: evaluate message (ID: 0f4d8a118d37c8f8c6fba4c9bff20752bd98c62d30d615cdf390e9c249af4e84)
[92mINFO [0m:      Received successfully
[92mINFO [0m:      Start `flwr-clientapp` process
[92mINFO [0m:      
[92mINFO [0m:      
[92mINFO [0m:      [RUN 15511954915919828759]
[92mINFO [0m:      Sending: evaluate message (ID: 11fac079edf94ec2b2fde52096fe7cc37581ede4f7ab3013f862ef4118fb8d32)
[92mINFO [0m:      Sent successfully
[92mINFO [0m:      SuperExec terminated gracefully.
