[92mINFO [0m:      Starting Flower SuperNode
[93mWARNING [0m:   Option `--insecure` was set. Starting insecure HTTP channel to 127.0.0.1:9092.
[92mINFO [0m:      Flower Deployment Runtime: Starting ClientAppIo API on 127.0.0.1:9094
I0929 14:24:12.526762 12090059 fork_posix.cc:71] Other threads are currently calling into gRPC, skipping fork() handlers
I0929 14:24:12.528729 12090412 ev_poll_posix.cc:587] FD from fork parent still in poll list: fd(6, generation: 1)
I0929 14:24:12.528806 12090412 ev_poll_posix.cc:587] FD from fork parent still in poll list: fd(6, generation: 1)
I0929 14:24:12.528820 12090412 ev_poll_posix.cc:587] FD from fork parent still in poll list: fd(6, generation: 1)
I0929 14:24:12.528831 12090412 ev_poll_posix.cc:587] FD from fork parent still in poll list: fd(6, generation: 1)
I0929 14:24:12.528844 12090412 ev_poll_posix.cc:587] FD from fork parent still in poll list: fd(6, generation: 1)
I0929 14:24:12.528853 12090412 ev_poll_posix.cc:587] FD from fork parent still in poll list: fd(6, generation: 1)
I0929 14:24:12.529093 12090412 ev_poll_posix.cc:587] FD from fork parent still in poll list: fd(6, generation: 1)
I0929 14:24:12.529118 12090412 ev_poll_posix.cc:587] FD from fork parent still in poll list: fd(6, generation: 1)
I0929 14:24:12.542021 12090116 fork_posix.cc:71] Other threads are currently calling into gRPC, skipping fork() handlers
I0929 14:24:12.573606 12090116 fork_posix.cc:71] Other threads are currently calling into gRPC, skipping fork() handlers
[92mINFO [0m:      SuperNode ID: 11741127549788843760
[92mINFO [0m:      Starting Flower SuperExec
[92mINFO [0m:      
[92mINFO [0m:      [RUN 15511954915919828759]
[92mINFO [0m:      Receiving: train message (ID: e7a385601b399519183e7b4c8d64287a7914adb2836e5a30df35509dff67bff4)
[92mINFO [0m:      Received successfully
[92mINFO [0m:      Start `flwr-clientapp` process
[92mINFO [0m:      
[92mINFO [0m:      
[92mINFO [0m:      [RUN 15511954915919828759]
[92mINFO [0m:      Sending: train message (ID: 181c6645aa4dafc016b2a2c5b7dd0a41d302bf27449790573084da90405af9e4)
[92mINFO [0m:      Sent successfully
[92mINFO [0m:      
[92mINFO [0m:      [RUN 15511954915919828759]
[92mINFO [0m:      Receiving: evaluate message (ID: e0401795cc697df18476d7a51000fad204894a5edff9ef1617f1fb0e0e27f953)
[92mINFO [0m:      Received successfully
[92mINFO [0m:      Start `flwr-clientapp` process
[92mINFO [0m:      
[92mINFO [0m:      
[92mINFO [0m:      [RUN 15511954915919828759]
[92mINFO [0m:      Sending: evaluate message (ID: 496b75209c7e85c9fd710aff66963543ade60ce5bb51d2b96d9d662ba7124eb4)
[92mINFO [0m:      Sent successfully
[92mINFO [0m:      
[92mINFO [0m:      [RUN 15511954915919828759]
[92mINFO [0m:      Receiving: train message (ID: 6cedd6473c135feca7d10f0ef02f6f59928a5c7f8b45ac22d11fc75ed01d8a7d)
[92mINFO [0m:      Received successfully
[92mINFO [0m:      Start `flwr-clientapp` process
[92mINFO [0m:      
[92mINFO [0m:      [RUN 15511954915919828759]
[92mINFO [0m:      Sending: train message (ID: 575317ddce10f9805fed7346fd0233badea95dd3564cb8143bebd2f334fa3e97)
[92mINFO [0m:      
[92mINFO [0m:      Sent successfully
[92mINFO [0m:      
[92mINFO [0m:      [RUN 15511954915919828759]
[92mINFO [0m:      Receiving: evaluate message (ID: fcea740edf52134de3a3b497418438c2c3913cbed24a381a481d83e1f23cee23)
[92mINFO [0m:      Received successfully
[92mINFO [0m:      Start `flwr-clientapp` process
[92mINFO [0m:      
[92mINFO [0m:      
[92mINFO [0m:      [RUN 15511954915919828759]
[92mINFO [0m:      Sending: evaluate message (ID: 8d141198fcd230b50963520ac5e395aade619e0e61d27e25ad2a560491087b34)
[92mINFO [0m:      Sent successfully
[92mINFO [0m:      
[92mINFO [0m:      [RUN 15511954915919828759]
[92mINFO [0m:      Receiving: train message (ID: af77930bfc20aad99354f417bdf1944b04fa1aa65a4b1f0cf4b545a14da28d37)
[92mINFO [0m:      Received successfully
[92mINFO [0m:      Start `flwr-clientapp` process
[92mINFO [0m:      
[92mINFO [0m:      
[92mINFO [0m:      [RUN 15511954915919828759]
[92mINFO [0m:      Sending: train message (ID: 99d7321778a74d636851f58857d77d86128574f2b0100699fba522c02a12dc6f)
[92mINFO [0m:      Sent successfully
[92mINFO [0m:      
[92mINFO [0m:      [RUN 15511954915919828759]
[92mINFO [0m:      Receiving: evaluate message (ID: dcaf772bb5ff8ac9c111bbbcac2cfc39b2c5d2c3514dc8f2351e7b5d8446b8ab)
[92mINFO [0m:      Received successfully
[92mINFO [0m:      Start `flwr-clientapp` process
[92mINFO [0m:      
[92mINFO [0m:      
[92mINFO [0m:      [RUN 15511954915919828759]
[92mINFO [0m:      Sending: evaluate message (ID: 0c40d25271cb37c794864021fea743efa7786a4e55abe20a8f189c529646636e)
[92mINFO [0m:      Sent successfully
[92mINFO [0m:      
[92mINFO [0m:      [RUN 15511954915919828759]
[92mINFO [0m:      Receiving: train message (ID: 2e224406d83f2c6f8d2ca8a482446f34b8965065bcb7d3c3f1d2dc58a506ef33)
[92mINFO [0m:      Received successfully
[92mINFO [0m:      Start `flwr-clientapp` process
[92mINFO [0m:      
[92mINFO [0m:      
[92mINFO [0m:      [RUN 15511954915919828759]
[92mINFO [0m:      Sending: train message (ID: c03231ef5e11d8459e6ae1b3dafffb604458070855709f4f9f1bf29b56ca6cf4)
[92mINFO [0m:      Sent successfully
[92mINFO [0m:      
[92mINFO [0m:      [RUN 15511954915919828759]
[92mINFO [0m:      Receiving: evaluate message (ID: b22616cfe7a4d0cbeb211f4116e78337ff064743fbccc9b52d0e86f7eca5f78f)
[92mINFO [0m:      Received successfully
[92mINFO [0m:      Start `flwr-clientapp` process
[92mINFO [0m:      
[92mINFO [0m:      
[92mINFO [0m:      [RUN 15511954915919828759]
[92mINFO [0m:      Sending: evaluate message (ID: f00c03979427dba66cb78231a75d16a072c37380db6d753ea6948a8cabf9a0cf)
[92mINFO [0m:      Sent successfully
[92mINFO [0m:      
[92mINFO [0m:      [RUN 15511954915919828759]
[92mINFO [0m:      Receiving: train message (ID: 15517a7460453026813b69c7c8547607c9e35eb57de5bd4743c33faac1f73efa)
[92mINFO [0m:      Received successfully
[92mINFO [0m:      Start `flwr-clientapp` process
[92mINFO [0m:      
[92mINFO [0m:      
[92mINFO [0m:      [RUN 15511954915919828759]
[92mINFO [0m:      Sending: train message (ID: 846147a23296bc3d7996eb0415c29d7e912128f03a01ac66a6a0230b86961203)
[92mINFO [0m:      Sent successfully
[92mINFO [0m:      
[92mINFO [0m:      [RUN 15511954915919828759]
[92mINFO [0m:      Receiving: evaluate message (ID: e8fe603d80a40a580cdd8cc5bcd2e182618322e2afd2ec0de39823951e9e7d31)
[92mINFO [0m:      Received successfully
[92mINFO [0m:      Start `flwr-clientapp` process
[92mINFO [0m:      
[92mINFO [0m:      
[92mINFO [0m:      [RUN 15511954915919828759]
[92mINFO [0m:      Sending: evaluate message (ID: 2c8e42e2126792453e1a3452331d3b53764852041d7782c755bfe5009a3df10d)
[92mINFO [0m:      Sent successfully
[92mINFO [0m:      
[92mINFO [0m:      [RUN 15511954915919828759]
[92mINFO [0m:      Receiving: train message (ID: 5d051898ae167c42c088000220810debca81b330f6e6aba80ebe0e115600c961)
[92mINFO [0m:      Received successfully
[92mINFO [0m:      Start `flwr-clientapp` process
[92mINFO [0m:      
[92mINFO [0m:      [RUN 15511954915919828759]
[92mINFO [0m:      Sending: train message (ID: cc18baf6541a1d2b2e5a3c7f9e8329c1559bf44180d3791cb96ca1be8f215bf2)
[92mINFO [0m:      Sent successfully
[92mINFO [0m:      
[92mINFO [0m:      
[92mINFO [0m:      [RUN 15511954915919828759]
[92mINFO [0m:      Receiving: evaluate message (ID: b04fc14d36ebfd34f136589a4b2c4bd1339ba1b9a613c153cac9a6b041a666c8)
[92mINFO [0m:      Received successfully
[92mINFO [0m:      Start `flwr-clientapp` process
[92mINFO [0m:      
[92mINFO [0m:      [RUN 15511954915919828759]
[92mINFO [0m:      Sending: evaluate message (ID: 75d7587886cbf152bfaf284161db2cafcb5f4385411bc37f21162419b046bf43)
[92mINFO [0m:      Sent successfully
[92mINFO [0m:      
[92mINFO [0m:      
[92mINFO [0m:      [RUN 15511954915919828759]
[92mINFO [0m:      Receiving: train message (ID: 8e7a152f5eb864a5ff43a91702b16cb54826783d2d36249b9ef6495596d594c1)
[92mINFO [0m:      Received successfully
[92mINFO [0m:      Start `flwr-clientapp` process
[92mINFO [0m:      
[92mINFO [0m:      
[92mINFO [0m:      [RUN 15511954915919828759]
[92mINFO [0m:      Sending: train message (ID: ded6278b3371a19dc8c7e3d1c8802c4dc48bc52e4512fe414eff95a8c8b84143)
[92mINFO [0m:      Sent successfully
[92mINFO [0m:      
[92mINFO [0m:      [RUN 15511954915919828759]
[92mINFO [0m:      Receiving: evaluate message (ID: bb43f7ad951042848e6ff092a1ac96efb117f25236d17a4047653531969018a5)
[92mINFO [0m:      Received successfully
[92mINFO [0m:      Start `flwr-clientapp` process
[92mINFO [0m:      
[92mINFO [0m:      
[92mINFO [0m:      [RUN 15511954915919828759]
[92mINFO [0m:      Sending: evaluate message (ID: 14a88ae2bb6a9225261cb346e8798806378a88e6ab05baee045e221389f53d85)
[92mINFO [0m:      Sent successfully
[92mINFO [0m:      
[92mINFO [0m:      [RUN 15511954915919828759]
[92mINFO [0m:      Receiving: train message (ID: 382c54f34fe5562fe84ed914267d2ce17247b6d42e0b6739a4d493942344b7f1)
[92mINFO [0m:      Received successfully
[92mINFO [0m:      Start `flwr-clientapp` process
[92mINFO [0m:      
[92mINFO [0m:      [RUN 15511954915919828759]
[92mINFO [0m:      Sending: train message (ID: 1ba3352b85c2136561bed0f9d34d504168d7597d41b4dcac86c8f7a85f2a32d0)
[92mINFO [0m:      Sent successfully
[92mINFO [0m:      
[92mINFO [0m:      
[92mINFO [0m:      [RUN 15511954915919828759]
[92mINFO [0m:      Receiving: evaluate message (ID: b5d49116cbadc4917a8b364a706916929ddc55451a95e4b01cd12a925de1050c)
[92mINFO [0m:      Received successfully
[92mINFO [0m:      Start `flwr-clientapp` process
[92mINFO [0m:      
[92mINFO [0m:      
[92mINFO [0m:      [RUN 15511954915919828759]
[92mINFO [0m:      Sending: evaluate message (ID: e0e47e3e294a83474cac6d5c4f299a9259803f17cb44c668771254fa9d6618e1)
[92mINFO [0m:      Sent successfully
[92mINFO [0m:      SuperExec terminated gracefully.
--- Logging error ---
Traceback (most recent call last):
  File "/Users/darsh/Documents/ConnectMesh/.venv/lib/python3.10/site-packages/flwr/common/retry_invoker.py", line 281, in invoke
    ret = target(*args, **kwargs)
  File "/Users/darsh/Documents/ConnectMesh/.venv/lib/python3.10/site-packages/grpc/_interceptor.py", line 276, in __call__
    response, ignored_call = self._with_call(
  File "/Users/darsh/Documents/ConnectMesh/.venv/lib/python3.10/site-packages/grpc/_interceptor.py", line 331, in _with_call
    return call.result(), call
  File "/Users/darsh/Documents/ConnectMesh/.venv/lib/python3.10/site-packages/grpc/_channel.py", line 447, in result
    raise self
  File "/Users/darsh/Documents/ConnectMesh/.venv/lib/python3.10/site-packages/grpc/_interceptor.py", line 314, in continuation
    response, call = self._thunk(new_method).with_call(
  File "/Users/darsh/Documents/ConnectMesh/.venv/lib/python3.10/site-packages/grpc/_channel.py", line 1182, in with_call
    return _end_unary_response_blocking(state, call, True, None)
  File "/Users/darsh/Documents/ConnectMesh/.venv/lib/python3.10/site-packages/grpc/_channel.py", line 999, in _end_unary_response_blocking
    raise _InactiveRpcError(state)  # pytype: disable=not-instantiable
grpc._channel._InactiveRpcError: <_InactiveRpcError of RPC that terminated with:
	status = StatusCode.UNAVAILABLE
	details = "Stream removed (recvmsg:Connection reset by peer (54))"
	debug_error_string = "UNAVAILABLE:Stream removed (recvmsg:Connection reset by peer (54))"
>

During handling of the above exception, another exception occurred:

Traceback (most recent call last):
  File "/Users/darsh/.pyenv/versions/3.10.18/Library/Frameworks/Python.framework/Versions/3.10/lib/python3.10/logging/__init__.py", line 1103, in emit
    stream.write(msg + self.terminator)
RuntimeError: reentrant call inside <_io.BufferedWriter name='<stderr>'>

During handling of the above exception, another exception occurred:

Traceback (most recent call last):
  File "/Users/darsh/.pyenv/versions/3.10.18/Library/Frameworks/Python.framework/Versions/3.10/lib/python3.10/logging/__init__.py", line 1103, in emit
    stream.write(msg + self.terminator)
  File "/Users/darsh/Documents/ConnectMesh/.venv/lib/python3.10/site-packages/flwr/common/exit/signal_handler.py", line 93, in graceful_exit_handler
    flwr_exit(
  File "/Users/darsh/Documents/ConnectMesh/.venv/lib/python3.10/site-packages/flwr/common/exit/exit.py", line 97, in flwr_exit
    log(log_level, exit_message)
  File "/Users/darsh/.pyenv/versions/3.10.18/Library/Frameworks/Python.framework/Versions/3.10/lib/python3.10/logging/__init__.py", line 1547, in log
    self._log(level, msg, args, **kwargs)
  File "/Users/darsh/.pyenv/versions/3.10.18/Library/Frameworks/Python.framework/Versions/3.10/lib/python3.10/logging/__init__.py", line 1624, in _log
    self.handle(record)
  File "/Users/darsh/.pyenv/versions/3.10.18/Library/Frameworks/Python.framework/Versions/3.10/lib/python3.10/logging/__init__.py", line 1634, in handle
    self.callHandlers(record)
  File "/Users/darsh/.pyenv/versions/3.10.18/Library/Frameworks/Python.framework/Versions/3.10/lib/python3.10/logging/__init__.py", line 1696, in callHandlers
    hdlr.handle(record)
  File "/Users/darsh/.pyenv/versions/3.10.18/Library/Frameworks/Python.framework/Versions/3.10/lib/python3.10/logging/__init__.py", line 968, in handle
    self.emit(record)
  File "/Users/darsh/Documents/ConnectMesh/.venv/lib/python3.10/site-packages/flwr/common/logger.py", line 87, in emit
    super().emit(record)
  File "/Users/darsh/.pyenv/versions/3.10.18/Library/Frameworks/Python.framework/Versions/3.10/lib/python3.10/logging/__init__.py", line 1108, in emit
    self.handleError(record)
  File "/Users/darsh/.pyenv/versions/3.10.18/Library/Frameworks/Python.framework/Versions/3.10/lib/python3.10/logging/__init__.py", line 1021, in handleError
    sys.stderr.write('--- Logging error ---\n')
RuntimeError: reentrant call inside <_io.BufferedWriter name='<stderr>'>
Call stack:
  File "/Users/darsh/Documents/ConnectMesh/.venv/bin/flower-superexec", line 6, in <module>
    sys.exit(flower_superexec())
  File "/Users/darsh/Documents/ConnectMesh/.venv/lib/python3.10/site-packages/flwr/supercore/cli/flower_superexec.py", line 119, in flower_superexec
    run_superexec(
  File "/Users/darsh/Documents/ConnectMesh/.venv/lib/python3.10/site-packages/flwr/supercore/superexec/run_superexec.py", line 170, in run_superexec
    tasks_res = stub.PullPendingTasks(request=PullPendingTasksRequest())
  File "/Users/darsh/Documents/ConnectMesh/.venv/lib/python3.10/site-packages/flwr/common/retry_invoker.py", line 414, in <lambda>
    return lambda *args, **kwargs: retry_invoker.invoke(
  File "/Users/darsh/Documents/ConnectMesh/.venv/lib/python3.10/site-packages/flwr/common/retry_invoker.py", line 303, in invoke
    wait_time = self.jitter(wait_time)
  File "/Users/darsh/Documents/ConnectMesh/.venv/lib/python3.10/site-packages/flwr/common/retry_invoker.py", line 107, in full_jitter
    return random.uniform(0, max_value)
  File "/Users/darsh/.pyenv/versions/3.10.18/Library/Frameworks/Python.framework/Versions/3.10/lib/python3.10/random.py", line 548, in uniform
    return a + (b - a) * self.random()
  File "/Users/darsh/Documents/ConnectMesh/.venv/lib/python3.10/site-packages/flwr/common/exit/signal_handler.py", line 93, in graceful_exit_handler
    flwr_exit(
  File "/Users/darsh/Documents/ConnectMesh/.venv/lib/python3.10/site-packages/flwr/common/exit/exit.py", line 97, in flwr_exit
    log(log_level, exit_message)
  File "/Users/darsh/.pyenv/versions/3.10.18/Library/Frameworks/Python.framework/Versions/3.10/lib/python3.10/logging/__init__.py", line 1547, in log
    self._log(level, msg, args, **kwargs)
  File "/Users/darsh/.pyenv/versions/3.10.18/Library/Frameworks/Python.framework/Versions/3.10/lib/python3.10/logging/__init__.py", line 1624, in _log
    self.handle(record)
  File "/Users/darsh/.pyenv/versions/3.10.18/Library/Frameworks/Python.framework/Versions/3.10/lib/python3.10/logging/__init__.py", line 1634, in handle
    self.callHandlers(record)
  File "/Users/darsh/.pyenv/versions/3.10.18/Library/Frameworks/Python.framework/Versions/3.10/lib/python3.10/logging/__init__.py", line 1696, in callHandlers
    hdlr.handle(record)
  File "/Users/darsh/.pyenv/versions/3.10.18/Library/Frameworks/Python.framework/Versions/3.10/lib/python3.10/logging/__init__.py", line 968, in handle
    self.emit(record)
  File "/Users/darsh/Documents/ConnectMesh/.venv/lib/python3.10/site-packages/flwr/common/logger.py", line 87, in emit
    super().emit(record)
Message: 'SuperExec terminated gracefully.'
Arguments: ()
