[92mINFO [0m:      Starting Flower SuperNode
[93mWARNING [0m:   Option `--insecure` was set. Starting insecure HTTP channel to 127.0.0.1:9092.
[92mINFO [0m:      Flower Deployment Runtime: Starting ClientAppIo API on 127.0.0.1:9096
I0929 14:24:12.515906 12090060 fork_posix.cc:71] Other threads are currently calling into gRPC, skipping fork() handlers
I0929 14:24:12.517342 12090298 ev_poll_posix.cc:587] FD from fork parent still in poll list: fd(3, generation: 1)
I0929 14:24:12.525675 12090187 fork_posix.cc:71] Other threads are currently calling into gRPC, skipping fork() handlers
[92mINFO [0m:      Starting Flower SuperExec
[93mWARNING [0m:   Connection attempt failed, retrying in 0.13 seconds
[93mWARNING [0m:   Connection attempt failed, retrying in 0.78 seconds
[93mWARNING [0m:   Connection attempt failed, retrying in 0.88 seconds
[93mWARNING [0m:   Connection attempt failed, retrying in 3.01 seconds
[93mWARNING [0m:   Connection attempt failed, retrying in 12.20 seconds
[93mWARNING [0m:   Connection attempt failed, retrying in 9.13 seconds
[93mWARNING [0m:   Connection attempt failed, retrying in 13.33 seconds
[93mWARNING [0m:   Connection attempt failed, retrying in 8.01 seconds
I0929 14:25:15.129938 12090187 fork_posix.cc:71] Other threads are currently calling into gRPC, skipping fork() handlers
I0929 14:25:15.131071 12098526 ev_poll_posix.cc:587] FD from fork parent still in poll list: fd(3, generation: 1)
[92mINFO [0m:      SuperNode ID: 11151773304009384953
[92mINFO [0m:      
[92mINFO [0m:      [RUN 15511954915919828759]
[92mINFO [0m:      Receiving: train message (ID: 423438ff880a8fea5777e4a2261d1fca2522645d1b286d8f57cf84f4ec309ccc)
[92mINFO [0m:      Received successfully
[92mINFO [0m:      Connection successful after 67.51 seconds and 9 tries.
[92mINFO [0m:      Start `flwr-clientapp` process
[92mINFO [0m:      
[92mINFO [0m:      
[92mINFO [0m:      [RUN 15511954915919828759]
[92mINFO [0m:      Sending: train message (ID: 1df65bbec34edba11803f31bf318555f666016b45b64f32f857cd8728954bb0a)
[92mINFO [0m:      Sent successfully
[92mINFO [0m:      
[92mINFO [0m:      [RUN 15511954915919828759]
[92mINFO [0m:      Receiving: evaluate message (ID: 9c3bf488a7e3306ef81b278e0fb243f282642dee0bfd728fdc18c6a95a4159d4)
[92mINFO [0m:      Received successfully
[92mINFO [0m:      Start `flwr-clientapp` process
[92mINFO [0m:      
[92mINFO [0m:      
[92mINFO [0m:      [RUN 15511954915919828759]
[92mINFO [0m:      Sending: evaluate message (ID: 4fd87bf534adeccc8a97ba33394eb3e50be6107c86f66da8700a789f4a229f04)
[92mINFO [0m:      Sent successfully
[92mINFO [0m:      
[92mINFO [0m:      [RUN 15511954915919828759]
[92mINFO [0m:      Receiving: train message (ID: 9498de35ce98fd79b92ba9e47d644e0e321b040a6bd1803684c5b579401d12f4)
[92mINFO [0m:      Received successfully
[92mINFO [0m:      Start `flwr-clientapp` process
[92mINFO [0m:      
[92mINFO [0m:      
[92mINFO [0m:      [RUN 15511954915919828759]
[92mINFO [0m:      Sending: train message (ID: 8045fad7e09564af68199704c90ee9359c4113958162848a501e8cd890ffc417)
[92mINFO [0m:      Sent successfully
[92mINFO [0m:      
[92mINFO [0m:      [RUN 15511954915919828759]
[92mINFO [0m:      Receiving: evaluate message (ID: ce027f75c2176a2c2c985b39f126d229d56993725c59bcca22ea72b38d5413f1)
[92mINFO [0m:      Received successfully
[92mINFO [0m:      Start `flwr-clientapp` process
[92mINFO [0m:      
[92mINFO [0m:      
[92mINFO [0m:      [RUN 15511954915919828759]
[92mINFO [0m:      Sending: evaluate message (ID: 5c939eee9864e6cc54f8365662e62d5a8de1647ea8aa0fe676bbb03d4e8d7c5d)
[92mINFO [0m:      Sent successfully
[92mINFO [0m:      
[92mINFO [0m:      [RUN 15511954915919828759]
[92mINFO [0m:      Receiving: train message (ID: 6cd273acf0a65a9e32ba748234eb644be56ae21ab61550bcf5aa28f267b78b98)
[92mINFO [0m:      Received successfully
[92mINFO [0m:      Start `flwr-clientapp` process
[92mINFO [0m:      
[92mINFO [0m:      
[92mINFO [0m:      [RUN 15511954915919828759]
[92mINFO [0m:      Sending: train message (ID: a6b2749d02d0787301e85aecbf41257d8a11098903baa8e49073756ddf4e8890)
[92mINFO [0m:      Sent successfully
[92mINFO [0m:      
[92mINFO [0m:      [RUN 15511954915919828759]
[92mINFO [0m:      Receiving: evaluate message (ID: ff851e910657791ef5a3f1f88c0373f70b410a39e427f55489a742e8a7730c53)
[92mINFO [0m:      Received successfully
[92mINFO [0m:      Start `flwr-clientapp` process
[92mINFO [0m:      
[92mINFO [0m:      
[92mINFO [0m:      [RUN 15511954915919828759]
[92mINFO [0m:      Sending: evaluate message (ID: 03f0c60812a03d2833eb6c5663147f2ebfa78ae75cf965e571f714b311c5318e)
[92mINFO [0m:      Sent successfully
[92mINFO [0m:      
[92mINFO [0m:      [RUN 15511954915919828759]
[92mINFO [0m:      Receiving: train message (ID: eae5a8bf339b7d12433d60c8cae9755b78624f5bcab6f1917dec987556fb96b0)
[92mINFO [0m:      Received successfully
[92mINFO [0m:      Start `flwr-clientapp` process
[92mINFO [0m:      
[92mINFO [0m:      
[92mINFO [0m:      [RUN 15511954915919828759]
[92mINFO [0m:      Sending: train message (ID: 5c216817b1a2d96b14ce778c1fcb4dbe768a5c966a683e3e842996b51319567b)
[92mINFO [0m:      Sent successfully
[92mINFO [0m:      
[92mINFO [0m:      [RUN 15511954915919828759]
[92mINFO [0m:      Receiving: evaluate message (ID: 0993695b960adcd3d1da0aa81c2f150138288a8835d8420af35a19901c27705e)
[92mINFO [0m:      Received successfully
[92mINFO [0m:      Start `flwr-clientapp` process
[92mINFO [0m:      Task stopped by user.
Traceback (most recent call last):
  File "/Users/darsh/Documents/ConnectMesh/.venv/lib/python3.10/site-packages/flwr/supernode/runtime/run_clientapp.py", line 129, in run_clientapp
    message, context, run, fab = pull_task_input(stub)
  File "/Users/darsh/Documents/ConnectMesh/.venv/lib/python3.10/site-packages/flwr/supernode/runtime/run_clientapp.py", line 232, in pull_task_input
    res: PullTaskInputResponse = stub.PullTaskInput(PullTaskInputRequest())
  File "/Users/darsh/Documents/ConnectMesh/.venv/lib/python3.10/site-packages/flwr/common/retry_invoker.py", line 414, in <lambda>
    return lambda *args, **kwargs: retry_invoker.invoke(
  File "/Users/darsh/Documents/ConnectMesh/.venv/lib/python3.10/site-packages/flwr/common/retry_invoker.py", line 281, in invoke
    ret = target(*args, **kwargs)
  File "/Users/darsh/Documents/ConnectMesh/.venv/lib/python3.10/site-packages/grpc/_interceptor.py", line 276, in __call__
    response, ignored_call = self._with_call(
  File "/Users/darsh/Documents/ConnectMesh/.venv/lib/python3.10/site-packages/grpc/_interceptor.py", line 328, in _with_call
    call = self._interceptor.intercept_unary_unary(
  File "/Users/darsh/Documents/ConnectMesh/.venv/lib/python3.10/site-packages/flwr/supercore/interceptors/runtime_version_interceptor.py", line 108, in intercept_unary_unary
    return self._intercept_call(continuation, client_call_details, request)
  File "/Users/darsh/Documents/ConnectMesh/.venv/lib/python3.10/site-packages/flwr/supercore/interceptors/runtime_version_interceptor.py", line 81, in _intercept_call
    call: grpc.Call = continuation(details, request)
  File "/Users/darsh/Documents/ConnectMesh/.venv/lib/python3.10/site-packages/grpc/_interceptor.py", line 314, in continuation
    response, call = self._thunk(new_method).with_call(
  File "/Users/darsh/Documents/ConnectMesh/.venv/lib/python3.10/site-packages/grpc/_interceptor.py", line 342, in with_call
    return self._with_call(
  File "/Users/darsh/Documents/ConnectMesh/.venv/lib/python3.10/site-packages/grpc/_interceptor.py", line 328, in _with_call
    call = self._interceptor.intercept_unary_unary(
  File "/Users/darsh/Documents/ConnectMesh/.venv/lib/python3.10/site-packages/flwr/supercore/interceptors/appio_token_interceptor.py", line 82, in intercept_unary_unary
    return continuation(details, request)
  File "/Users/darsh/Documents/ConnectMesh/.venv/lib/python3.10/site-packages/grpc/_interceptor.py", line 314, in continuation
    response, call = self._thunk(new_method).with_call(
  File "/Users/darsh/Documents/ConnectMesh/.venv/lib/python3.10/site-packages/grpc/_channel.py", line 1179, in with_call
    state, call = self._blocking(
  File "/Users/darsh/Documents/ConnectMesh/.venv/lib/python3.10/site-packages/grpc/_channel.py", line 1152, in _blocking
    event = call.next_event()
  File "src/python/grpcio/grpc/_cython/_cygrpc/channel.pyx.pxi", line 391, in grpc._cython.cygrpc.SegregatedCall.next_event
  File "src/python/grpcio/grpc/_cython/_cygrpc/channel.pyx.pxi", line 216, in grpc._cython.cygrpc._next_call_event
  File "/Users/darsh/.pyenv/versions/3.10.18/Library/Frameworks/Python.framework/Versions/3.10/lib/python3.10/threading.py", line 264, in __enter__
    def __enter__(self):
  File "/Users/darsh/Documents/ConnectMesh/.venv/lib/python3.10/site-packages/flwr/common/exit/signal_handler.py", line 93, in graceful_exit_handler
    flwr_exit(
  File "/Users/darsh/Documents/ConnectMesh/.venv/lib/python3.10/site-packages/flwr/common/exit/exit.py", line 117, in flwr_exit
    sys.exit(sys_exit_code)
SystemExit: 0

During handling of the above exception, another exception occurred:

Traceback (most recent call last):
  File "/Users/darsh/Documents/ConnectMesh/.venv/lib/python3.10/site-packages/flwr/common/retry_invoker.py", line 281, in invoke
    ret = target(*args, **kwargs)
  File "/Users/darsh/Documents/ConnectMesh/.venv/lib/python3.10/site-packages/grpc/_interceptor.py", line 276, in __call__
    response, ignored_call = self._with_call(
  File "/Users/darsh/Documents/ConnectMesh/.venv/lib/python3.10/site-packages/grpc/_interceptor.py", line 331, in _with_call
    return call.result(), call
  File "/Users/darsh/Documents/ConnectMesh/.venv/lib/python3.10/site-packages/grpc/_channel.py", line 447, in result
    raise self
  File "/Users/darsh/Documents/ConnectMesh/.venv/lib/python3.10/site-packages/grpc/_interceptor.py", line 314, in continuation
    response, call = self._thunk(new_method).with_call(
  File "/Users/darsh/Documents/ConnectMesh/.venv/lib/python3.10/site-packages/grpc/_interceptor.py", line 342, in with_call
    return self._with_call(
  File "/Users/darsh/Documents/ConnectMesh/.venv/lib/python3.10/site-packages/grpc/_interceptor.py", line 331, in _with_call
    return call.result(), call
  File "/Users/darsh/Documents/ConnectMesh/.venv/lib/python3.10/site-packages/grpc/_channel.py", line 447, in result
    raise self
  File "/Users/darsh/Documents/ConnectMesh/.venv/lib/python3.10/site-packages/grpc/_interceptor.py", line 314, in continuation
    response, call = self._thunk(new_method).with_call(
  File "/Users/darsh/Documents/ConnectMesh/.venv/lib/python3.10/site-packages/grpc/_channel.py", line 1182, in with_call
    return _end_unary_response_blocking(state, call, True, None)
  File "/Users/darsh/Documents/ConnectMesh/.venv/lib/python3.10/site-packages/grpc/_channel.py", line 999, in _end_unary_response_blocking
    raise _InactiveRpcError(state)  # pytype: disable=not-instantiable
grpc._channel._InactiveRpcError: <_InactiveRpcError of RPC that terminated with:
	status = StatusCode.UNAUTHENTICATED
	details = "Authentication failed."
	debug_error_string = "UNAUTHENTICATED:Authentication failed."
>

During handling of the above exception, another exception occurred:

Traceback (most recent call last):
  File "/Users/darsh/Documents/ConnectMesh/.venv/bin/flwr-clientapp", line 6, in <module>
    sys.exit(flwr_clientapp())
  File "/Users/darsh/Documents/ConnectMesh/.venv/lib/python3.10/site-packages/flwr/supernode/cli/flwr_clientapp.py", line 41, in flwr_clientapp
    run_clientapp(
  File "/Users/darsh/Documents/ConnectMesh/.venv/lib/python3.10/site-packages/flwr/supernode/runtime/run_clientapp.py", line 208, in run_clientapp
    push_task_output(
  File "/Users/darsh/Documents/ConnectMesh/.venv/lib/python3.10/site-packages/flwr/supernode/runtime/run_clientapp.py", line 307, in push_task_output
    stub.PushTaskOutput(
  File "/Users/darsh/Documents/ConnectMesh/.venv/lib/python3.10/site-packages/flwr/common/retry_invoker.py", line 414, in <lambda>
    return lambda *args, **kwargs: retry_invoker.invoke(
  File "/Users/darsh/Documents/ConnectMesh/.venv/lib/python3.10/site-packages/flwr/common/retry_invoker.py", line 295, in invoke
    if giveup_check(err) or max_tries_exceeded or max_time_exceeded:
  File "/Users/darsh/Documents/ConnectMesh/.venv/lib/python3.10/site-packages/flwr/common/retry_invoker.py", line 293, in giveup_check
    return self.should_giveup(_exception)
  File "/Users/darsh/Documents/ConnectMesh/.venv/lib/python3.10/site-packages/flwr/common/retry_invoker.py", line 363, in _should_giveup_fn
    os.kill(os.getpid(), signal.SIGINT)
KeyboardInterrupt
[92mINFO [0m:      SuperExec terminated gracefully.
[92mINFO [0m:      SuperExec terminated gracefully.
