14:49:40 Flower App configuration warnings in '/Users/darsh/Documents/ConnectMesh/src/model/flower_app/pyproject.toml':
14:49:40 - Recommended property "license" missing in [project]
14:49:40 🎊 Successfully started run 8368413846792081707
14:49:40 [92mINFO [0m:      Starting logstream for run_id `8368413846792081707`
14:49:41 [92mINFO [0m:      Start `flwr-serverapp` process
14:49:41 Successfully installed aml-fl to /Users/darsh/.flwr/apps/connectmesh.aml-fl.0.1.0.457f8d3f.
14:49:43 [92mINFO [0m:      Starting FedAvg strategy:
14:49:43 [92mINFO [0m:      	├── Number of rounds: 20
14:49:43 [92mINFO [0m:      	├── ArrayRecord (0.00 MB)
14:49:43 [92mINFO [0m:      	├── ConfigRecord (train): (empty!)
14:49:43 [92mINFO [0m:      	├── ConfigRecord (evaluate): (empty!)
14:49:43 [92mINFO [0m:      	├──> Sampling:
14:49:43 [92mINFO [0m:      	│	├──Fraction: train (1.00) | evaluate ( 1.00)
14:49:43 [92mINFO [0m:      	│	├──Minimum nodes: train (5) | evaluate (5)
14:49:43 [92mINFO [0m:      	│	└──Minimum available nodes: 5
14:49:43 [92mINFO [0m:      	└──> Keys in records:
14:49:43 [92mINFO [0m:      		├── Weighted by: 'num-examples'
14:49:43 [92mINFO [0m:      		├── ArrayRecord key: 'arrays'
14:49:43 [92mINFO [0m:      		└── ConfigRecord key: 'config'
14:49:43 [92mINFO [0m:      
14:49:44 [92mINFO [0m:      
14:49:44 [92mINFO [0m:      [ROUND 1/20]
14:49:44 [92mINFO [0m:      configure_train: Sampled 5 nodes (out of 5)
