14:49:38 [92mINFO [0m:      Starting Flower SuperNode
14:49:38 [93mWARNING [0m:   Option `--insecure` was set. Starting insecure HTTP channel to 127.0.0.1:9092.
14:49:38 [92mINFO [0m:      Flower Deployment Runtime: Starting ClientAppIo API on 127.0.0.1:9097
14:49:38 I0929 14:49:38.484384 12161537 fork_posix.cc:71] Other threads are currently calling into gRPC, skipping fork() handlers
14:49:38 I0929 14:49:38.491452 12161667 ev_poll_posix.cc:587] FD from fork parent still in poll list: fd(3, generation: 1)
14:49:38 I0929 14:49:38.491483 12161667 ev_poll_posix.cc:587] FD from fork parent still in poll list: fd(3, generation: 1)
14:49:38 I0929 14:49:38.491485 12161667 ev_poll_posix.cc:587] FD from fork parent still in poll list: fd(3, generation: 1)
14:49:38 I0929 14:49:38.491487 12161667 ev_poll_posix.cc:587] FD from fork parent still in poll list: fd(3, generation: 1)
14:49:38 I0929 14:49:38.491488 12161667 ev_poll_posix.cc:587] FD from fork parent still in poll list: fd(3, generation: 1)
14:49:38 I0929 14:49:38.491489 12161667 ev_poll_posix.cc:587] FD from fork parent still in poll list: fd(3, generation: 1)
14:49:38 I0929 14:49:38.491490 12161667 ev_poll_posix.cc:587] FD from fork parent still in poll list: fd(3, generation: 1)
14:49:38 I0929 14:49:38.491491 12161667 ev_poll_posix.cc:587] FD from fork parent still in poll list: fd(3, generation: 1)
14:49:38 I0929 14:49:38.491492 12161667 ev_poll_posix.cc:587] FD from fork parent still in poll list: fd(3, generation: 1)
14:49:38 I0929 14:49:38.491494 12161667 ev_poll_posix.cc:587] FD from fork parent still in poll list: fd(3, generation: 1)
14:49:38 I0929 14:49:38.491495 12161667 ev_poll_posix.cc:587] FD from fork parent still in poll list: fd(3, generation: 1)
14:49:38 I0929 14:49:38.491496 12161667 ev_poll_posix.cc:587] FD from fork parent still in poll list: fd(3, generation: 1)
14:49:38 I0929 14:49:38.491497 12161667 ev_poll_posix.cc:587] FD from fork parent still in poll list: fd(3, generation: 1)
14:49:38 I0929 14:49:38.491498 12161667 ev_poll_posix.cc:587] FD from fork parent still in poll list: fd(3, generation: 1)
14:49:38 I0929 14:49:38.491499 12161667 ev_poll_posix.cc:587] FD from fork parent still in poll list: fd(3, generation: 1)
14:49:38 I0929 14:49:38.491500 12161667 ev_poll_posix.cc:587] FD from fork parent still in poll list: fd(3, generation: 1)
14:49:38 I0929 14:49:38.491501 12161667 ev_poll_posix.cc:587] FD from fork parent still in poll list: fd(3, generation: 1)
14:49:38 I0929 14:49:38.491502 12161667 ev_poll_posix.cc:587] FD from fork parent still in poll list: fd(3, generation: 1)
14:49:38 I0929 14:49:38.491504 12161667 ev_poll_posix.cc:587] FD from fork parent still in poll list: fd(3, generation: 1)
14:49:38 I0929 14:49:38.491505 12161667 ev_poll_posix.cc:587] FD from fork parent still in poll list: fd(3, generation: 1)
14:49:38 I0929 14:49:38.491506 12161667 ev_poll_posix.cc:587] FD from fork parent still in poll list: fd(3, generation: 1)
14:49:38 I0929 14:49:38.491507 12161667 ev_poll_posix.cc:587] FD from fork parent still in poll list: fd(3, generation: 1)
14:49:38 I0929 14:49:38.491508 12161667 ev_poll_posix.cc:587] FD from fork parent still in poll list: fd(3, generation: 1)
14:49:38 I0929 14:49:38.491509 12161667 ev_poll_posix.cc:587] FD from fork parent still in poll list: fd(3, generation: 1)
14:49:38 I0929 14:49:38.491510 12161667 ev_poll_posix.cc:587] FD from fork parent still in poll list: fd(3, generation: 1)
14:49:38 I0929 14:49:38.491511 12161667 ev_poll_posix.cc:587] FD from fork parent still in poll list: fd(3, generation: 1)
14:49:38 I0929 14:49:38.491512 12161667 ev_poll_posix.cc:587] FD from fork parent still in poll list: fd(3, generation: 1)
14:49:38 I0929 14:49:38.491513 12161667 ev_poll_posix.cc:587] FD from fork parent still in poll list: fd(3, generation: 1)
14:49:38 I0929 14:49:38.491514 12161667 ev_poll_posix.cc:587] FD from fork parent still in poll list: fd(3, generation: 1)
14:49:38 I0929 14:49:38.491514 12161667 ev_poll_posix.cc:587] FD from fork parent still in poll list: fd(3, generation: 1)
14:49:38 I0929 14:49:38.491515 12161667 ev_poll_posix.cc:587] FD from fork parent still in poll list: fd(3, generation: 1)
14:49:38 I0929 14:49:38.491516 12161667 ev_poll_posix.cc:587] FD from fork parent still in poll list: fd(3, generation: 1)
14:49:38 I0929 14:49:38.491517 12161667 ev_poll_posix.cc:587] FD from fork parent still in poll list: fd(3, generation: 1)
14:49:38 I0929 14:49:38.491518 12161667 ev_poll_posix.cc:587] FD from fork parent still in poll list: fd(3, generation: 1)
14:49:38 I0929 14:49:38.491519 12161667 ev_poll_posix.cc:587] FD from fork parent still in poll list: fd(3, generation: 1)
14:49:38 I0929 14:49:38.491520 12161667 ev_poll_posix.cc:587] FD from fork parent still in poll list: fd(3, generation: 1)
14:49:38 I0929 14:49:38.491522 12161667 ev_poll_posix.cc:587] FD from fork parent still in poll list: fd(3, generation: 1)
14:49:38 I0929 14:49:38.491523 12161667 ev_poll_posix.cc:587] FD from fork parent still in poll list: fd(3, generation: 1)
14:49:38 I0929 14:49:38.491524 12161667 ev_poll_posix.cc:587] FD from fork parent still in poll list: fd(3, generation: 1)
14:49:38 I0929 14:49:38.491525 12161667 ev_poll_posix.cc:587] FD from fork parent still in poll list: fd(3, generation: 1)
14:49:38 I0929 14:49:38.491526 12161667 ev_poll_posix.cc:587] FD from fork parent still in poll list: fd(3, generation: 1)
14:49:38 I0929 14:49:38.491527 12161667 ev_poll_posix.cc:587] FD from fork parent still in poll list: fd(3, generation: 1)
14:49:38 I0929 14:49:38.491528 12161667 ev_poll_posix.cc:587] FD from fork parent still in poll list: fd(3, generation: 1)
14:49:38 I0929 14:49:38.491529 12161667 ev_poll_posix.cc:587] FD from fork parent still in poll list: fd(3, generation: 1)
14:49:38 I0929 14:49:38.491530 12161667 ev_poll_posix.cc:587] FD from fork parent still in poll list: fd(3, generation: 1)
14:49:38 I0929 14:49:38.491531 12161667 ev_poll_posix.cc:587] FD from fork parent still in poll list: fd(3, generation: 1)
14:49:38 I0929 14:49:38.491532 12161667 ev_poll_posix.cc:587] FD from fork parent still in poll list: fd(3, generation: 1)
14:49:38 I0929 14:49:38.491533 12161667 ev_poll_posix.cc:587] FD from fork parent still in poll list: fd(3, generation: 1)
14:49:38 I0929 14:49:38.491534 12161667 ev_poll_posix.cc:587] FD from fork parent still in poll list: fd(3, generation: 1)
14:49:38 I0929 14:49:38.491535 12161667 ev_poll_posix.cc:587] FD from fork parent still in poll list: fd(3, generation: 1)
14:49:38 I0929 14:49:38.491536 12161667 ev_poll_posix.cc:587] FD from fork parent still in poll list: fd(3, generation: 1)
14:49:38 I0929 14:49:38.491537 12161667 ev_poll_posix.cc:587] FD from fork parent still in poll list: fd(3, generation: 1)
14:49:38 I0929 14:49:38.491538 12161667 ev_poll_posix.cc:587] FD from fork parent still in poll list: fd(3, generation: 1)
14:49:38 I0929 14:49:38.491538 12161667 ev_poll_posix.cc:587] FD from fork parent still in poll list: fd(3, generation: 1)
14:49:38 I0929 14:49:38.491539 12161667 ev_poll_posix.cc:587] FD from fork parent still in poll list: fd(3, generation: 1)
14:49:38 I0929 14:49:38.491540 12161667 ev_poll_posix.cc:587] FD from fork parent still in poll list: fd(3, generation: 1)
14:49:38 I0929 14:49:38.491541 12161667 ev_poll_posix.cc:587] FD from fork parent still in poll list: fd(3, generation: 1)
14:49:38 I0929 14:49:38.491542 12161667 ev_poll_posix.cc:587] FD from fork parent still in poll list: fd(3, generation: 1)
14:49:38 I0929 14:49:38.491543 12161667 ev_poll_posix.cc:587] FD from fork parent still in poll list: fd(3, generation: 1)
14:49:38 I0929 14:49:38.491544 12161667 ev_poll_posix.cc:587] FD from fork parent still in poll list: fd(3, generation: 1)
14:49:38 I0929 14:49:38.491545 12161667 ev_poll_posix.cc:587] FD from fork parent still in poll list: fd(3, generation: 1)
14:49:38 I0929 14:49:38.491546 12161667 ev_poll_posix.cc:587] FD from fork parent still in poll list: fd(3, generation: 1)
14:49:38 I0929 14:49:38.491547 12161667 ev_poll_posix.cc:587] FD from fork parent still in poll list: fd(3, generation: 1)
14:49:38 I0929 14:49:38.491547 12161667 ev_poll_posix.cc:587] FD from fork parent still in poll list: fd(3, generation: 1)
14:49:38 I0929 14:49:38.491549 12161667 ev_poll_posix.cc:587] FD from fork parent still in poll list: fd(3, generation: 1)
14:49:38 I0929 14:49:38.491549 12161667 ev_poll_posix.cc:587] FD from fork parent still in poll list: fd(3, generation: 1)
14:49:38 I0929 14:49:38.491550 12161667 ev_poll_posix.cc:587] FD from fork parent still in poll list: fd(3, generation: 1)
14:49:38 I0929 14:49:38.491551 12161667 ev_poll_posix.cc:587] FD from fork parent still in poll list: fd(3, generation: 1)
14:49:38 I0929 14:49:38.491552 12161667 ev_poll_posix.cc:587] FD from fork parent still in poll list: fd(3, generation: 1)
14:49:38 I0929 14:49:38.491553 12161667 ev_poll_posix.cc:587] FD from fork parent still in poll list: fd(3, generation: 1)
14:49:38 I0929 14:49:38.491554 12161667 ev_poll_posix.cc:587] FD from fork parent still in poll list: fd(3, generation: 1)
14:49:38 I0929 14:49:38.491555 12161667 ev_poll_posix.cc:587] FD from fork parent still in poll list: fd(3, generation: 1)
14:49:38 I0929 14:49:38.491557 12161667 ev_poll_posix.cc:587] FD from fork parent still in poll list: fd(3, generation: 1)
14:49:38 I0929 14:49:38.491558 12161667 ev_poll_posix.cc:587] FD from fork parent still in poll list: fd(3, generation: 1)
14:49:38 I0929 14:49:38.491559 12161667 ev_poll_posix.cc:587] FD from fork parent still in poll list: fd(3, generation: 1)
14:49:38 I0929 14:49:38.491559 12161667 ev_poll_posix.cc:587] FD from fork parent still in poll list: fd(3, generation: 1)
14:49:38 I0929 14:49:38.491560 12161667 ev_poll_posix.cc:587] FD from fork parent still in poll list: fd(3, generation: 1)
14:49:38 I0929 14:49:38.491561 12161667 ev_poll_posix.cc:587] FD from fork parent still in poll list: fd(3, generation: 1)
14:49:38 I0929 14:49:38.491562 12161667 ev_poll_posix.cc:587] FD from fork parent still in poll list: fd(3, generation: 1)
14:49:38 I0929 14:49:38.491563 12161667 ev_poll_posix.cc:587] FD from fork parent still in poll list: fd(3, generation: 1)
14:49:38 I0929 14:49:38.491564 12161667 ev_poll_posix.cc:587] FD from fork parent still in poll list: fd(3, generation: 1)
14:49:38 I0929 14:49:38.491565 12161667 ev_poll_posix.cc:587] FD from fork parent still in poll list: fd(3, generation: 1)
14:49:38 I0929 14:49:38.491566 12161667 ev_poll_posix.cc:587] FD from fork parent still in poll list: fd(3, generation: 1)
14:49:38 I0929 14:49:38.491567 12161667 ev_poll_posix.cc:587] FD from fork parent still in poll list: fd(3, generation: 1)
14:49:38 I0929 14:49:38.491568 12161667 ev_poll_posix.cc:587] FD from fork parent still in poll list: fd(3, generation: 1)
14:49:38 I0929 14:49:38.491569 12161667 ev_poll_posix.cc:587] FD from fork parent still in poll list: fd(3, generation: 1)
14:49:38 I0929 14:49:38.491570 12161667 ev_poll_posix.cc:587] FD from fork parent still in poll list: fd(3, generation: 1)
14:49:38 I0929 14:49:38.491571 12161667 ev_poll_posix.cc:587] FD from fork parent still in poll list: fd(3, generation: 1)
14:49:38 I0929 14:49:38.491572 12161667 ev_poll_posix.cc:587] FD from fork parent still in poll list: fd(3, generation: 1)
14:49:38 I0929 14:49:38.491573 12161667 ev_poll_posix.cc:587] FD from fork parent still in poll list: fd(3, generation: 1)
14:49:38 I0929 14:49:38.491574 12161667 ev_poll_posix.cc:587] FD from fork parent still in poll list: fd(3, generation: 1)
14:49:38 I0929 14:49:38.491575 12161667 ev_poll_posix.cc:587] FD from fork parent still in poll list: fd(3, generation: 1)
14:49:38 I0929 14:49:38.491575 12161667 ev_poll_posix.cc:587] FD from fork parent still in poll list: fd(3, generation: 1)
14:49:38 I0929 14:49:38.491576 12161667 ev_poll_posix.cc:587] FD from fork parent still in poll list: fd(3, generation: 1)
14:49:38 I0929 14:49:38.491577 12161667 ev_poll_posix.cc:587] FD from fork parent still in poll list: fd(3, generation: 1)
14:49:38 I0929 14:49:38.491578 12161667 ev_poll_posix.cc:587] FD from fork parent still in poll list: fd(3, generation: 1)
14:49:39 I0929 14:49:38.491579 12161667 ev_poll_posix.cc:587] FD from fork parent still in poll list: fd(3, generation: 1)
14:49:39 I0929 14:49:38.491580 12161667 ev_poll_posix.cc:587] FD from fork parent still in poll list: fd(3, generation: 1)
14:49:39 I0929 14:49:38.491581 12161667 ev_poll_posix.cc:587] FD from fork parent still in poll list: fd(3, generation: 1)
14:49:39 I0929 14:49:38.491582 12161667 ev_poll_posix.cc:587] FD from fork parent still in poll list: fd(3, generation: 1)
14:49:39 I0929 14:49:38.491582 12161667 ev_poll_posix.cc:587] FD from fork parent still in poll list: fd(3, generation: 1)
14:49:39 I0929 14:49:38.491583 12161667 ev_poll_posix.cc:587] FD from fork parent still in poll list: fd(3, generation: 1)
14:49:39 I0929 14:49:38.491584 12161667 ev_poll_posix.cc:587] FD from fork parent still in poll list: fd(3, generation: 1)
14:49:39 I0929 14:49:38.491585 12161667 ev_poll_posix.cc:587] FD from fork parent still in poll list: fd(3, generation: 1)
14:49:39 I0929 14:49:38.491586 12161667 ev_poll_posix.cc:587] FD from fork parent still in poll list: fd(3, generation: 1)
14:49:39 I0929 14:49:38.491587 12161667 ev_poll_posix.cc:587] FD from fork parent still in poll list: fd(3, generation: 1)
14:49:39 I0929 14:49:38.491588 12161667 ev_poll_posix.cc:587] FD from fork parent still in poll list: fd(3, generation: 1)
14:49:39 I0929 14:49:38.491589 12161667 ev_poll_posix.cc:587] FD from fork parent still in poll list: fd(3, generation: 1)
14:49:39 I0929 14:49:38.491589 12161667 ev_poll_posix.cc:587] FD from fork parent still in poll list: fd(3, generation: 1)
14:49:39 I0929 14:49:38.491590 12161667 ev_poll_posix.cc:587] FD from fork parent still in poll list: fd(3, generation: 1)
14:49:39 I0929 14:49:38.491591 12161667 ev_poll_posix.cc:587] FD from fork parent still in poll list: fd(3, generation: 1)
14:49:39 I0929 14:49:38.491592 12161667 ev_poll_posix.cc:587] FD from fork parent still in poll list: fd(3, generation: 1)
14:49:39 I0929 14:49:38.491593 12161667 ev_poll_posix.cc:587] FD from fork parent still in poll list: fd(3, generation: 1)
14:49:39 I0929 14:49:38.491594 12161667 ev_poll_posix.cc:587] FD from fork parent still in poll list: fd(3, generation: 1)
14:49:39 I0929 14:49:38.491595 12161667 ev_poll_posix.cc:587] FD from fork parent still in poll list: fd(3, generation: 1)
14:49:39 I0929 14:49:38.491596 12161667 ev_poll_posix.cc:587] FD from fork parent still in poll list: fd(3, generation: 1)
14:49:39 I0929 14:49:38.491597 12161667 ev_poll_posix.cc:587] FD from fork parent still in poll list: fd(3, generation: 1)
14:49:39 I0929 14:49:38.491597 12161667 ev_poll_posix.cc:587] FD from fork parent still in poll list: fd(3, generation: 1)
14:49:39 I0929 14:49:38.491598 12161667 ev_poll_posix.cc:587] FD from fork parent still in poll list: fd(3, generation: 1)
14:49:39 I0929 14:49:38.491599 12161667 ev_poll_posix.cc:587] FD from fork parent still in poll list: fd(3, generation: 1)
14:49:39 I0929 14:49:38.491600 12161667 ev_poll_posix.cc:587] FD from fork parent still in poll list: fd(3, generation: 1)
14:49:39 I0929 14:49:38.491601 12161667 ev_poll_posix.cc:587] FD from fork parent still in poll list: fd(3, generation: 1)
14:49:39 I0929 14:49:38.491602 12161667 ev_poll_posix.cc:587] FD from fork parent still in poll list: fd(3, generation: 1)
14:49:39 I0929 14:49:38.491603 12161667 ev_poll_posix.cc:587] FD from fork parent still in poll list: fd(3, generation: 1)
14:49:39 I0929 14:49:38.491604 12161667 ev_poll_posix.cc:587] FD from fork parent still in poll list: fd(3, generation: 1)
14:49:39 I0929 14:49:38.491605 12161667 ev_poll_posix.cc:587] FD from fork parent still in poll list: fd(3, generation: 1)
14:49:39 I0929 14:49:38.491605 12161667 ev_poll_posix.cc:587] FD from fork parent still in poll list: fd(3, generation: 1)
14:49:39 I0929 14:49:38.491606 12161667 ev_poll_posix.cc:587] FD from fork parent still in poll list: fd(3, generation: 1)
14:49:39 I0929 14:49:38.491607 12161667 ev_poll_posix.cc:587] FD from fork parent still in poll list: fd(3, generation: 1)
14:49:39 I0929 14:49:38.491608 12161667 ev_poll_posix.cc:587] FD from fork parent still in poll list: fd(3, generation: 1)
14:49:39 I0929 14:49:38.491609 12161667 ev_poll_posix.cc:587] FD from fork parent still in poll list: fd(3, generation: 1)
14:49:39 I0929 14:49:38.491610 12161667 ev_poll_posix.cc:587] FD from fork parent still in poll list: fd(3, generation: 1)
14:49:39 I0929 14:49:38.491611 12161667 ev_poll_posix.cc:587] FD from fork parent still in poll list: fd(3, generation: 1)
14:49:39 I0929 14:49:38.491612 12161667 ev_poll_posix.cc:587] FD from fork parent still in poll list: fd(3, generation: 1)
14:49:39 I0929 14:49:38.491613 12161667 ev_poll_posix.cc:587] FD from fork parent still in poll list: fd(3, generation: 1)
14:49:39 I0929 14:49:38.491614 12161667 ev_poll_posix.cc:587] FD from fork parent still in poll list: fd(3, generation: 1)
14:49:39 I0929 14:49:38.491615 12161667 ev_poll_posix.cc:587] FD from fork parent still in poll list: fd(3, generation: 1)
14:49:39 I0929 14:49:38.491616 12161667 ev_poll_posix.cc:587] FD from fork parent still in poll list: fd(3, generation: 1)
14:49:39 I0929 14:49:38.491617 12161667 ev_poll_posix.cc:587] FD from fork parent still in poll list: fd(3, generation: 1)
14:49:39 I0929 14:49:38.491617 12161667 ev_poll_posix.cc:587] FD from fork parent still in poll list: fd(3, generation: 1)
14:49:39 I0929 14:49:38.491618 12161667 ev_poll_posix.cc:587] FD from fork parent still in poll list: fd(3, generation: 1)
14:49:39 I0929 14:49:38.491619 12161667 ev_poll_posix.cc:587] FD from fork parent still in poll list: fd(3, generation: 1)
14:49:39 I0929 14:49:38.491620 12161667 ev_poll_posix.cc:587] FD from fork parent still in poll list: fd(3, generation: 1)
14:49:39 I0929 14:49:38.491621 12161667 ev_poll_posix.cc:587] FD from fork parent still in poll list: fd(3, generation: 1)
14:49:39 I0929 14:49:38.491628 12161667 ev_poll_posix.cc:587] FD from fork parent still in poll list: fd(3, generation: 1)
14:49:39 I0929 14:49:38.491629 12161667 ev_poll_posix.cc:587] FD from fork parent still in poll list: fd(3, generation: 1)
14:49:39 I0929 14:49:38.491808 12161667 ev_poll_posix.cc:587] FD from fork parent still in poll list: fd(3, generation: 1)
14:49:39 I0929 14:49:38.491839 12161667 ev_poll_posix.cc:587] FD from fork parent still in poll list: fd(3, generation: 1)
14:49:39 I0929 14:49:38.491841 12161667 ev_poll_posix.cc:587] FD from fork parent still in poll list: fd(3, generation: 1)
14:49:39 I0929 14:49:38.491841 12161667 ev_poll_posix.cc:587] FD from fork parent still in poll list: fd(3, generation: 1)
14:49:39 I0929 14:49:38.491842 12161667 ev_poll_posix.cc:587] FD from fork parent still in poll list: fd(3, generation: 1)
14:49:39 I0929 14:49:38.491843 12161667 ev_poll_posix.cc:587] FD from fork parent still in poll list: fd(3, generation: 1)
14:49:39 I0929 14:49:38.491844 12161667 ev_poll_posix.cc:587] FD from fork parent still in poll list: fd(3, generation: 1)
14:49:39 I0929 14:49:38.491845 12161667 ev_poll_posix.cc:587] FD from fork parent still in poll list: fd(3, generation: 1)
14:49:39 I0929 14:49:38.491846 12161667 ev_poll_posix.cc:587] FD from fork parent still in poll list: fd(3, generation: 1)
14:49:39 I0929 14:49:38.491847 12161667 ev_poll_posix.cc:587] FD from fork parent still in poll list: fd(3, generation: 1)
14:49:39 I0929 14:49:38.491848 12161667 ev_poll_posix.cc:587] FD from fork parent still in poll list: fd(3, generation: 1)
14:49:39 I0929 14:49:38.491849 12161667 ev_poll_posix.cc:587] FD from fork parent still in poll list: fd(3, generation: 1)
14:49:39 I0929 14:49:38.491850 12161667 ev_poll_posix.cc:587] FD from fork parent still in poll list: fd(3, generation: 1)
14:49:39 I0929 14:49:38.491850 12161667 ev_poll_posix.cc:587] FD from fork parent still in poll list: fd(3, generation: 1)
14:49:39 I0929 14:49:38.491851 12161667 ev_poll_posix.cc:587] FD from fork parent still in poll list: fd(3, generation: 1)
14:49:39 I0929 14:49:38.491852 12161667 ev_poll_posix.cc:587] FD from fork parent still in poll list: fd(3, generation: 1)
14:49:39 I0929 14:49:38.491853 12161667 ev_poll_posix.cc:587] FD from fork parent still in poll list: fd(3, generation: 1)
14:49:39 I0929 14:49:38.491854 12161667 ev_poll_posix.cc:587] FD from fork parent still in poll list: fd(3, generation: 1)
14:49:39 I0929 14:49:38.491855 12161667 ev_poll_posix.cc:587] FD from fork parent still in poll list: fd(3, generation: 1)
14:49:39 I0929 14:49:38.491856 12161667 ev_poll_posix.cc:587] FD from fork parent still in poll list: fd(3, generation: 1)
14:49:39 I0929 14:49:38.491857 12161667 ev_poll_posix.cc:587] FD from fork parent still in poll list: fd(3, generation: 1)
14:49:39 I0929 14:49:38.491857 12161667 ev_poll_posix.cc:587] FD from fork parent still in poll list: fd(3, generation: 1)
14:49:39 I0929 14:49:38.491858 12161667 ev_poll_posix.cc:587] FD from fork parent still in poll list: fd(3, generation: 1)
14:49:39 I0929 14:49:38.491859 12161667 ev_poll_posix.cc:587] FD from fork parent still in poll list: fd(3, generation: 1)
14:49:39 I0929 14:49:38.491860 12161667 ev_poll_posix.cc:587] FD from fork parent still in poll list: fd(3, generation: 1)
14:49:39 I0929 14:49:38.491861 12161667 ev_poll_posix.cc:587] FD from fork parent still in poll list: fd(3, generation: 1)
14:49:39 I0929 14:49:38.491862 12161667 ev_poll_posix.cc:587] FD from fork parent still in poll list: fd(3, generation: 1)
14:49:39 I0929 14:49:38.491863 12161667 ev_poll_posix.cc:587] FD from fork parent still in poll list: fd(3, generation: 1)
14:49:39 I0929 14:49:38.491864 12161667 ev_poll_posix.cc:587] FD from fork parent still in poll list: fd(3, generation: 1)
14:49:39 I0929 14:49:38.491865 12161667 ev_poll_posix.cc:587] FD from fork parent still in poll list: fd(3, generation: 1)
14:49:39 I0929 14:49:38.491866 12161667 ev_poll_posix.cc:587] FD from fork parent still in poll list: fd(3, generation: 1)
14:49:39 I0929 14:49:38.491867 12161667 ev_poll_posix.cc:587] FD from fork parent still in poll list: fd(3, generation: 1)
14:49:39 I0929 14:49:38.491867 12161667 ev_poll_posix.cc:587] FD from fork parent still in poll list: fd(3, generation: 1)
14:49:39 I0929 14:49:38.491868 12161667 ev_poll_posix.cc:587] FD from fork parent still in poll list: fd(3, generation: 1)
14:49:39 I0929 14:49:38.491869 12161667 ev_poll_posix.cc:587] FD from fork parent still in poll list: fd(3, generation: 1)
14:49:39 I0929 14:49:38.491870 12161667 ev_poll_posix.cc:587] FD from fork parent still in poll list: fd(3, generation: 1)
14:49:39 I0929 14:49:38.491871 12161667 ev_poll_posix.cc:587] FD from fork parent still in poll list: fd(3, generation: 1)
14:49:39 I0929 14:49:38.491872 12161667 ev_poll_posix.cc:587] FD from fork parent still in poll list: fd(3, generation: 1)
14:49:39 I0929 14:49:38.491873 12161667 ev_poll_posix.cc:587] FD from fork parent still in poll list: fd(3, generation: 1)
14:49:39 I0929 14:49:38.491873 12161667 ev_poll_posix.cc:587] FD from fork parent still in poll list: fd(3, generation: 1)
14:49:39 I0929 14:49:38.491874 12161667 ev_poll_posix.cc:587] FD from fork parent still in poll list: fd(3, generation: 1)
14:49:39 I0929 14:49:38.491875 12161667 ev_poll_posix.cc:587] FD from fork parent still in poll list: fd(3, generation: 1)
14:49:39 I0929 14:49:38.491876 12161667 ev_poll_posix.cc:587] FD from fork parent still in poll list: fd(3, generation: 1)
14:49:39 I0929 14:49:38.491877 12161667 ev_poll_posix.cc:587] FD from fork parent still in poll list: fd(3, generation: 1)
14:49:39 I0929 14:49:38.491878 12161667 ev_poll_posix.cc:587] FD from fork parent still in poll list: fd(3, generation: 1)
14:49:39 I0929 14:49:38.491879 12161667 ev_poll_posix.cc:587] FD from fork parent still in poll list: fd(3, generation: 1)
14:49:39 I0929 14:49:38.491880 12161667 ev_poll_posix.cc:587] FD from fork parent still in poll list: fd(3, generation: 1)
14:49:39 I0929 14:49:38.491881 12161667 ev_poll_posix.cc:587] FD from fork parent still in poll list: fd(3, generation: 1)
14:49:39 I0929 14:49:38.491882 12161667 ev_poll_posix.cc:587] FD from fork parent still in poll list: fd(3, generation: 1)
14:49:39 I0929 14:49:38.491882 12161667 ev_poll_posix.cc:587] FD from fork parent still in poll list: fd(3, generation: 1)
14:49:39 I0929 14:49:38.491883 12161667 ev_poll_posix.cc:587] FD from fork parent still in poll list: fd(3, generation: 1)
14:49:39 I0929 14:49:38.491884 12161667 ev_poll_posix.cc:587] FD from fork parent still in poll list: fd(3, generation: 1)
14:49:39 I0929 14:49:38.491885 12161667 ev_poll_posix.cc:587] FD from fork parent still in poll list: fd(3, generation: 1)
14:49:39 I0929 14:49:38.491886 12161667 ev_poll_posix.cc:587] FD from fork parent still in poll list: fd(3, generation: 1)
14:49:39 I0929 14:49:38.491887 12161667 ev_poll_posix.cc:587] FD from fork parent still in poll list: fd(3, generation: 1)
14:49:39 I0929 14:49:38.491888 12161667 ev_poll_posix.cc:587] FD from fork parent still in poll list: fd(3, generation: 1)
14:49:39 I0929 14:49:38.491889 12161667 ev_poll_posix.cc:587] FD from fork parent still in poll list: fd(3, generation: 1)
14:49:39 I0929 14:49:38.491890 12161667 ev_poll_posix.cc:587] FD from fork parent still in poll list: fd(3, generation: 1)
14:49:39 I0929 14:49:38.491890 12161667 ev_poll_posix.cc:587] FD from fork parent still in poll list: fd(3, generation: 1)
14:49:39 I0929 14:49:38.491891 12161667 ev_poll_posix.cc:587] FD from fork parent still in poll list: fd(3, generation: 1)
14:49:39 I0929 14:49:38.491892 12161667 ev_poll_posix.cc:587] FD from fork parent still in poll list: fd(3, generation: 1)
14:49:39 I0929 14:49:38.491893 12161667 ev_poll_posix.cc:587] FD from fork parent still in poll list: fd(3, generation: 1)
14:49:39 I0929 14:49:38.491894 12161667 ev_poll_posix.cc:587] FD from fork parent still in poll list: fd(3, generation: 1)
14:49:39 I0929 14:49:38.491895 12161667 ev_poll_posix.cc:587] FD from fork parent still in poll list: fd(3, generation: 1)
14:49:39 I0929 14:49:38.491896 12161667 ev_poll_posix.cc:587] FD from fork parent still in poll list: fd(3, generation: 1)
14:49:39 I0929 14:49:38.491897 12161667 ev_poll_posix.cc:587] FD from fork parent still in poll list: fd(3, generation: 1)
14:49:39 I0929 14:49:38.491898 12161667 ev_poll_posix.cc:587] FD from fork parent still in poll list: fd(3, generation: 1)
14:49:39 I0929 14:49:38.491899 12161667 ev_poll_posix.cc:587] FD from fork parent still in poll list: fd(3, generation: 1)
14:49:39 I0929 14:49:38.491900 12161667 ev_poll_posix.cc:587] FD from fork parent still in poll list: fd(3, generation: 1)
14:49:39 I0929 14:49:38.491901 12161667 ev_poll_posix.cc:587] FD from fork parent still in poll list: fd(3, generation: 1)
14:49:39 I0929 14:49:38.491902 12161667 ev_poll_posix.cc:587] FD from fork parent still in poll list: fd(3, generation: 1)
14:49:39 I0929 14:49:38.491903 12161667 ev_poll_posix.cc:587] FD from fork parent still in poll list: fd(3, generation: 1)
14:49:39 I0929 14:49:38.491904 12161667 ev_poll_posix.cc:587] FD from fork parent still in poll list: fd(3, generation: 1)
14:49:39 I0929 14:49:38.491905 12161667 ev_poll_posix.cc:587] FD from fork parent still in poll list: fd(3, generation: 1)
14:49:39 I0929 14:49:38.491906 12161667 ev_poll_posix.cc:587] FD from fork parent still in poll list: fd(3, generation: 1)
14:49:39 I0929 14:49:38.491906 12161667 ev_poll_posix.cc:587] FD from fork parent still in poll list: fd(3, generation: 1)
14:49:39 I0929 14:49:38.491907 12161667 ev_poll_posix.cc:587] FD from fork parent still in poll list: fd(3, generation: 1)
14:49:39 I0929 14:49:38.491908 12161667 ev_poll_posix.cc:587] FD from fork parent still in poll list: fd(3, generation: 1)
14:49:39 I0929 14:49:38.491909 12161667 ev_poll_posix.cc:587] FD from fork parent still in poll list: fd(3, generation: 1)
14:49:39 I0929 14:49:38.491910 12161667 ev_poll_posix.cc:587] FD from fork parent still in poll list: fd(3, generation: 1)
14:49:39 I0929 14:49:38.491911 12161667 ev_poll_posix.cc:587] FD from fork parent still in poll list: fd(3, generation: 1)
14:49:39 I0929 14:49:38.491912 12161667 ev_poll_posix.cc:587] FD from fork parent still in poll list: fd(3, generation: 1)
14:49:39 I0929 14:49:38.491913 12161667 ev_poll_posix.cc:587] FD from fork parent still in poll list: fd(3, generation: 1)
14:49:39 I0929 14:49:38.491914 12161667 ev_poll_posix.cc:587] FD from fork parent still in poll list: fd(3, generation: 1)
14:49:39 I0929 14:49:38.491915 12161667 ev_poll_posix.cc:587] FD from fork parent still in poll list: fd(3, generation: 1)
14:49:39 I0929 14:49:38.491915 12161667 ev_poll_posix.cc:587] FD from fork parent still in poll list: fd(3, generation: 1)
14:49:39 I0929 14:49:38.491916 12161667 ev_poll_posix.cc:587] FD from fork parent still in poll list: fd(3, generation: 1)
14:49:39 I0929 14:49:38.491917 12161667 ev_poll_posix.cc:587] FD from fork parent still in poll list: fd(3, generation: 1)
14:49:39 I0929 14:49:38.491918 12161667 ev_poll_posix.cc:587] FD from fork parent still in poll list: fd(3, generation: 1)
14:49:39 I0929 14:49:38.491919 12161667 ev_poll_posix.cc:587] FD from fork parent still in poll list: fd(3, generation: 1)
14:49:39 I0929 14:49:38.491920 12161667 ev_poll_posix.cc:587] FD from fork parent still in poll list: fd(3, generation: 1)
14:49:39 I0929 14:49:38.491921 12161667 ev_poll_posix.cc:587] FD from fork parent still in poll list: fd(3, generation: 1)
14:49:39 I0929 14:49:38.491922 12161667 ev_poll_posix.cc:587] FD from fork parent still in poll list: fd(3, generation: 1)
14:49:39 I0929 14:49:38.491923 12161667 ev_poll_posix.cc:587] FD from fork parent still in poll list: fd(3, generation: 1)
14:49:39 I0929 14:49:38.491924 12161667 ev_poll_posix.cc:587] FD from fork parent still in poll list: fd(3, generation: 1)
14:49:39 I0929 14:49:38.491924 12161667 ev_poll_posix.cc:587] FD from fork parent still in poll list: fd(3, generation: 1)
14:49:39 I0929 14:49:38.491925 12161667 ev_poll_posix.cc:587] FD from fork parent still in poll list: fd(3, generation: 1)
14:49:39 I0929 14:49:38.491926 12161667 ev_poll_posix.cc:587] FD from fork parent still in poll list: fd(3, generation: 1)
14:49:39 I0929 14:49:38.491927 12161667 ev_poll_posix.cc:587] FD from fork parent still in poll list: fd(3, generation: 1)
14:49:39 I0929 14:49:38.491928 12161667 ev_poll_posix.cc:587] FD from fork parent still in poll list: fd(3, generation: 1)
14:49:39 I0929 14:49:38.491929 12161667 ev_poll_posix.cc:587] FD from fork parent still in poll list: fd(3, generation: 1)
14:49:39 I0929 14:49:38.491930 12161667 ev_poll_posix.cc:587] FD from fork parent still in poll list: fd(3, generation: 1)
14:49:39 I0929 14:49:38.491931 12161667 ev_poll_posix.cc:587] FD from fork parent still in poll list: fd(3, generation: 1)
14:49:39 I0929 14:49:38.491931 12161667 ev_poll_posix.cc:587] FD from fork parent still in poll list: fd(3, generation: 1)
14:49:39 I0929 14:49:38.491932 12161667 ev_poll_posix.cc:587] FD from fork parent still in poll list: fd(3, generation: 1)
14:49:39 I0929 14:49:38.491933 12161667 ev_poll_posix.cc:587] FD from fork parent still in poll list: fd(3, generation: 1)
14:49:39 I0929 14:49:38.491934 12161667 ev_poll_posix.cc:587] FD from fork parent still in poll list: fd(3, generation: 1)
14:49:39 I0929 14:49:38.491935 12161667 ev_poll_posix.cc:587] FD from fork parent still in poll list: fd(3, generation: 1)
14:49:39 I0929 14:49:38.491936 12161667 ev_poll_posix.cc:587] FD from fork parent still in poll list: fd(3, generation: 1)
14:49:39 I0929 14:49:38.491937 12161667 ev_poll_posix.cc:587] FD from fork parent still in poll list: fd(3, generation: 1)
14:49:39 I0929 14:49:38.491938 12161667 ev_poll_posix.cc:587] FD from fork parent still in poll list: fd(3, generation: 1)
14:49:39 I0929 14:49:38.491938 12161667 ev_poll_posix.cc:587] FD from fork parent still in poll list: fd(3, generation: 1)
14:49:39 I0929 14:49:38.491939 12161667 ev_poll_posix.cc:587] FD from fork parent still in poll list: fd(3, generation: 1)
14:49:39 I0929 14:49:38.491940 12161667 ev_poll_posix.cc:587] FD from fork parent still in poll list: fd(3, generation: 1)
14:49:39 I0929 14:49:38.491941 12161667 ev_poll_posix.cc:587] FD from fork parent still in poll list: fd(3, generation: 1)
14:49:39 I0929 14:49:38.491942 12161667 ev_poll_posix.cc:587] FD from fork parent still in poll list: fd(3, generation: 1)
14:49:39 I0929 14:49:38.491943 12161667 ev_poll_posix.cc:587] FD from fork parent still in poll list: fd(3, generation: 1)
14:49:39 I0929 14:49:38.491944 12161667 ev_poll_posix.cc:587] FD from fork parent still in poll list: fd(3, generation: 1)
14:49:39 I0929 14:49:38.491945 12161667 ev_poll_posix.cc:587] FD from fork parent still in poll list: fd(3, generation: 1)
14:49:39 I0929 14:49:38.491945 12161667 ev_poll_posix.cc:587] FD from fork parent still in poll list: fd(3, generation: 1)
14:49:39 I0929 14:49:38.491947 12161667 ev_poll_posix.cc:587] FD from fork parent still in poll list: fd(3, generation: 1)
14:49:39 I0929 14:49:38.491947 12161667 ev_poll_posix.cc:587] FD from fork parent still in poll list: fd(3, generation: 1)
14:49:39 I0929 14:49:38.491948 12161667 ev_poll_posix.cc:587] FD from fork parent still in poll list: fd(3, generation: 1)
14:49:39 I0929 14:49:38.491949 12161667 ev_poll_posix.cc:587] FD from fork parent still in poll list: fd(3, generation: 1)
14:49:39 I0929 14:49:38.491950 12161667 ev_poll_posix.cc:587] FD from fork parent still in poll list: fd(3, generation: 1)
14:49:39 I0929 14:49:38.491951 12161667 ev_poll_posix.cc:587] FD from fork parent still in poll list: fd(3, generation: 1)
14:49:39 I0929 14:49:38.491952 12161667 ev_poll_posix.cc:587] FD from fork parent still in poll list: fd(3, generation: 1)
14:49:39 I0929 14:49:38.491953 12161667 ev_poll_posix.cc:587] FD from fork parent still in poll list: fd(3, generation: 1)
14:49:39 I0929 14:49:38.491954 12161667 ev_poll_posix.cc:587] FD from fork parent still in poll list: fd(3, generation: 1)
14:49:39 I0929 14:49:38.491955 12161667 ev_poll_posix.cc:587] FD from fork parent still in poll list: fd(3, generation: 1)
14:49:39 I0929 14:49:38.491956 12161667 ev_poll_posix.cc:587] FD from fork parent still in poll list: fd(3, generation: 1)
14:49:39 I0929 14:49:38.491957 12161667 ev_poll_posix.cc:587] FD from fork parent still in poll list: fd(3, generation: 1)
14:49:39 I0929 14:49:38.491958 12161667 ev_poll_posix.cc:587] FD from fork parent still in poll list: fd(3, generation: 1)
14:49:39 I0929 14:49:38.491959 12161667 ev_poll_posix.cc:587] FD from fork parent still in poll list: fd(3, generation: 1)
14:49:39 I0929 14:49:38.491960 12161667 ev_poll_posix.cc:587] FD from fork parent still in poll list: fd(3, generation: 1)
14:49:39 I0929 14:49:38.491961 12161667 ev_poll_posix.cc:587] FD from fork parent still in poll list: fd(3, generation: 1)
14:49:39 I0929 14:49:38.491961 12161667 ev_poll_posix.cc:587] FD from fork parent still in poll list: fd(3, generation: 1)
14:49:39 I0929 14:49:38.491962 12161667 ev_poll_posix.cc:587] FD from fork parent still in poll list: fd(3, generation: 1)
14:49:39 I0929 14:49:38.491963 12161667 ev_poll_posix.cc:587] FD from fork parent still in poll list: fd(3, generation: 1)
14:49:39 I0929 14:49:38.491964 12161667 ev_poll_posix.cc:587] FD from fork parent still in poll list: fd(3, generation: 1)
14:49:39 I0929 14:49:38.491965 12161667 ev_poll_posix.cc:587] FD from fork parent still in poll list: fd(3, generation: 1)
14:49:39 I0929 14:49:38.491966 12161667 ev_poll_posix.cc:587] FD from fork parent still in poll list: fd(3, generation: 1)
14:49:39 I0929 14:49:38.491967 12161667 ev_poll_posix.cc:587] FD from fork parent still in poll list: fd(3, generation: 1)
14:49:39 I0929 14:49:38.491968 12161667 ev_poll_posix.cc:587] FD from fork parent still in poll list: fd(3, generation: 1)
14:49:39 I0929 14:49:38.491969 12161667 ev_poll_posix.cc:587] FD from fork parent still in poll list: fd(3, generation: 1)
14:49:39 I0929 14:49:38.491969 12161667 ev_poll_posix.cc:587] FD from fork parent still in poll list: fd(3, generation: 1)
14:49:39 I0929 14:49:38.491970 12161667 ev_poll_posix.cc:587] FD from fork parent still in poll list: fd(3, generation: 1)
14:49:39 I0929 14:49:38.491971 12161667 ev_poll_posix.cc:587] FD from fork parent still in poll list: fd(3, generation: 1)
14:49:39 I0929 14:49:38.491972 12161667 ev_poll_posix.cc:587] FD from fork parent still in poll list: fd(3, generation: 1)
14:49:39 I0929 14:49:38.491973 12161667 ev_poll_posix.cc:587] FD from fork parent still in poll list: fd(3, generation: 1)
14:49:39 I0929 14:49:38.491974 12161667 ev_poll_posix.cc:587] FD from fork parent still in poll list: fd(3, generation: 1)
14:49:39 I0929 14:49:38.491975 12161667 ev_poll_posix.cc:587] FD from fork parent still in poll list: fd(3, generation: 1)
14:49:39 I0929 14:49:38.491975 12161667 ev_poll_posix.cc:587] FD from fork parent still in poll list: fd(3, generation: 1)
14:49:39 I0929 14:49:38.491976 12161667 ev_poll_posix.cc:587] FD from fork parent still in poll list: fd(3, generation: 1)
14:49:39 I0929 14:49:38.491977 12161667 ev_poll_posix.cc:587] FD from fork parent still in poll list: fd(3, generation: 1)
14:49:39 I0929 14:49:38.491978 12161667 ev_poll_posix.cc:587] FD from fork parent still in poll list: fd(3, generation: 1)
14:49:39 I0929 14:49:38.491979 12161667 ev_poll_posix.cc:587] FD from fork parent still in poll list: fd(3, generation: 1)
14:49:39 I0929 14:49:38.491980 12161667 ev_poll_posix.cc:587] FD from fork parent still in poll list: fd(3, generation: 1)
14:49:39 I0929 14:49:38.491981 12161667 ev_poll_posix.cc:587] FD from fork parent still in poll list: fd(3, generation: 1)
14:49:39 I0929 14:49:38.491982 12161667 ev_poll_posix.cc:587] FD from fork parent still in poll list: fd(3, generation: 1)
14:49:39 I0929 14:49:38.491983 12161667 ev_poll_posix.cc:587] FD from fork parent still in poll list: fd(3, generation: 1)
14:49:39 I0929 14:49:38.491984 12161667 ev_poll_posix.cc:587] FD from fork parent still in poll list: fd(3, generation: 1)
14:49:39 I0929 14:49:38.491984 12161667 ev_poll_posix.cc:587] FD from fork parent still in poll list: fd(3, generation: 1)
14:49:39 I0929 14:49:38.491985 12161667 ev_poll_posix.cc:587] FD from fork parent still in poll list: fd(3, generation: 1)
14:49:39 I0929 14:49:38.491986 12161667 ev_poll_posix.cc:587] FD from fork parent still in poll list: fd(3, generation: 1)
14:49:39 I0929 14:49:38.491987 12161667 ev_poll_posix.cc:587] FD from fork parent still in poll list: fd(3, generation: 1)
14:49:39 I0929 14:49:38.491988 12161667 ev_poll_posix.cc:587] FD from fork parent still in poll list: fd(3, generation: 1)
14:49:39 I0929 14:49:38.491989 12161667 ev_poll_posix.cc:587] FD from fork parent still in poll list: fd(3, generation: 1)
14:49:39 I0929 14:49:38.491990 12161667 ev_poll_posix.cc:587] FD from fork parent still in poll list: fd(3, generation: 1)
14:49:39 I0929 14:49:38.491991 12161667 ev_poll_posix.cc:587] FD from fork parent still in poll list: fd(3, generation: 1)
14:49:39 I0929 14:49:38.491992 12161667 ev_poll_posix.cc:587] FD from fork parent still in poll list: fd(3, generation: 1)
14:49:39 I0929 14:49:38.491993 12161667 ev_poll_posix.cc:587] FD from fork parent still in poll list: fd(3, generation: 1)
14:49:39 I0929 14:49:38.491994 12161667 ev_poll_posix.cc:587] FD from fork parent still in poll list: fd(3, generation: 1)
14:49:39 I0929 14:49:38.491995 12161667 ev_poll_posix.cc:587] FD from fork parent still in poll list: fd(3, generation: 1)
14:49:39 I0929 14:49:38.491996 12161667 ev_poll_posix.cc:587] FD from fork parent still in poll list: fd(3, generation: 1)
14:49:39 I0929 14:49:38.491997 12161667 ev_poll_posix.cc:587] FD from fork parent still in poll list: fd(3, generation: 1)
14:49:39 I0929 14:49:38.491998 12161667 ev_poll_posix.cc:587] FD from fork parent still in poll list: fd(3, generation: 1)
14:49:39 I0929 14:49:38.491999 12161667 ev_poll_posix.cc:587] FD from fork parent still in poll list: fd(3, generation: 1)
14:49:39 I0929 14:49:38.492000 12161667 ev_poll_posix.cc:587] FD from fork parent still in poll list: fd(3, generation: 1)
14:49:39 I0929 14:49:38.492001 12161667 ev_poll_posix.cc:587] FD from fork parent still in poll list: fd(3, generation: 1)
14:49:39 I0929 14:49:38.492002 12161667 ev_poll_posix.cc:587] FD from fork parent still in poll list: fd(3, generation: 1)
14:49:39 I0929 14:49:38.492003 12161667 ev_poll_posix.cc:587] FD from fork parent still in poll list: fd(3, generation: 1)
14:49:39 I0929 14:49:38.492004 12161667 ev_poll_posix.cc:587] FD from fork parent still in poll list: fd(3, generation: 1)
14:49:39 I0929 14:49:38.492005 12161667 ev_poll_posix.cc:587] FD from fork parent still in poll list: fd(3, generation: 1)
14:49:39 I0929 14:49:38.492006 12161667 ev_poll_posix.cc:587] FD from fork parent still in poll list: fd(3, generation: 1)
14:49:39 I0929 14:49:38.492006 12161667 ev_poll_posix.cc:587] FD from fork parent still in poll list: fd(3, generation: 1)
14:49:39 I0929 14:49:38.492007 12161667 ev_poll_posix.cc:587] FD from fork parent still in poll list: fd(3, generation: 1)
14:49:39 I0929 14:49:38.492008 12161667 ev_poll_posix.cc:587] FD from fork parent still in poll list: fd(3, generation: 1)
14:49:39 I0929 14:49:38.492009 12161667 ev_poll_posix.cc:587] FD from fork parent still in poll list: fd(3, generation: 1)
14:49:39 I0929 14:49:38.492010 12161667 ev_poll_posix.cc:587] FD from fork parent still in poll list: fd(3, generation: 1)
14:49:39 I0929 14:49:38.492011 12161667 ev_poll_posix.cc:587] FD from fork parent still in poll list: fd(3, generation: 1)
14:49:39 I0929 14:49:38.492012 12161667 ev_poll_posix.cc:587] FD from fork parent still in poll list: fd(3, generation: 1)
14:49:39 I0929 14:49:38.492013 12161667 ev_poll_posix.cc:587] FD from fork parent still in poll list: fd(3, generation: 1)
14:49:39 I0929 14:49:38.492014 12161667 ev_poll_posix.cc:587] FD from fork parent still in poll list: fd(3, generation: 1)
14:49:39 I0929 14:49:38.492014 12161667 ev_poll_posix.cc:587] FD from fork parent still in poll list: fd(3, generation: 1)
14:49:39 I0929 14:49:38.492015 12161667 ev_poll_posix.cc:587] FD from fork parent still in poll list: fd(3, generation: 1)
14:49:39 I0929 14:49:38.492016 12161667 ev_poll_posix.cc:587] FD from fork parent still in poll list: fd(3, generation: 1)
14:49:39 I0929 14:49:38.492017 12161667 ev_poll_posix.cc:587] FD from fork parent still in poll list: fd(3, generation: 1)
14:49:39 I0929 14:49:38.492018 12161667 ev_poll_posix.cc:587] FD from fork parent still in poll list: fd(3, generation: 1)
14:49:39 I0929 14:49:38.492019 12161667 ev_poll_posix.cc:587] FD from fork parent still in poll list: fd(3, generation: 1)
14:49:39 I0929 14:49:38.492020 12161667 ev_poll_posix.cc:587] FD from fork parent still in poll list: fd(3, generation: 1)
14:49:39 I0929 14:49:38.492021 12161667 ev_poll_posix.cc:587] FD from fork parent still in poll list: fd(3, generation: 1)
14:49:39 I0929 14:49:38.492022 12161667 ev_poll_posix.cc:587] FD from fork parent still in poll list: fd(3, generation: 1)
14:49:39 I0929 14:49:38.492023 12161667 ev_poll_posix.cc:587] FD from fork parent still in poll list: fd(3, generation: 1)
14:49:39 I0929 14:49:38.492024 12161667 ev_poll_posix.cc:587] FD from fork parent still in poll list: fd(3, generation: 1)
14:49:39 I0929 14:49:38.492025 12161667 ev_poll_posix.cc:587] FD from fork parent still in poll list: fd(3, generation: 1)
14:49:39 I0929 14:49:38.492026 12161667 ev_poll_posix.cc:587] FD from fork parent still in poll list: fd(3, generation: 1)
14:49:39 I0929 14:49:38.492027 12161667 ev_poll_posix.cc:587] FD from fork parent still in poll list: fd(3, generation: 1)
14:49:39 I0929 14:49:38.492028 12161667 ev_poll_posix.cc:587] FD from fork parent still in poll list: fd(3, generation: 1)
14:49:39 I0929 14:49:38.492029 12161667 ev_poll_posix.cc:587] FD from fork parent still in poll list: fd(3, generation: 1)
14:49:39 I0929 14:49:38.492029 12161667 ev_poll_posix.cc:587] FD from fork parent still in poll list: fd(3, generation: 1)
14:49:39 I0929 14:49:38.492030 12161667 ev_poll_posix.cc:587] FD from fork parent still in poll list: fd(3, generation: 1)
14:49:39 I0929 14:49:38.492031 12161667 ev_poll_posix.cc:587] FD from fork parent still in poll list: fd(3, generation: 1)
14:49:39 I0929 14:49:38.492032 12161667 ev_poll_posix.cc:587] FD from fork parent still in poll list: fd(3, generation: 1)
14:49:39 I0929 14:49:38.492033 12161667 ev_poll_posix.cc:587] FD from fork parent still in poll list: fd(3, generation: 1)
14:49:39 I0929 14:49:38.492034 12161667 ev_poll_posix.cc:587] FD from fork parent still in poll list: fd(3, generation: 1)
14:49:39 I0929 14:49:38.492035 12161667 ev_poll_posix.cc:587] FD from fork parent still in poll list: fd(3, generation: 1)
14:49:39 I0929 14:49:38.492036 12161667 ev_poll_posix.cc:587] FD from fork parent still in poll list: fd(3, generation: 1)
14:49:39 I0929 14:49:38.492037 12161667 ev_poll_posix.cc:587] FD from fork parent still in poll list: fd(3, generation: 1)
14:49:39 I0929 14:49:38.492038 12161667 ev_poll_posix.cc:587] FD from fork parent still in poll list: fd(3, generation: 1)
14:49:39 I0929 14:49:38.492039 12161667 ev_poll_posix.cc:587] FD from fork parent still in poll list: fd(3, generation: 1)
14:49:39 I0929 14:49:38.492040 12161667 ev_poll_posix.cc:587] FD from fork parent still in poll list: fd(3, generation: 1)
14:49:39 I0929 14:49:38.492041 12161667 ev_poll_posix.cc:587] FD from fork parent still in poll list: fd(3, generation: 1)
14:49:39 I0929 14:49:38.492041 12161667 ev_poll_posix.cc:587] FD from fork parent still in poll list: fd(3, generation: 1)
14:49:39 I0929 14:49:38.492042 12161667 ev_poll_posix.cc:587] FD from fork parent still in poll list: fd(3, generation: 1)
14:49:39 I0929 14:49:38.492043 12161667 ev_poll_posix.cc:587] FD from fork parent still in poll list: fd(3, generation: 1)
14:49:39 I0929 14:49:38.492044 12161667 ev_poll_posix.cc:587] FD from fork parent still in poll list: fd(3, generation: 1)
14:49:39 I0929 14:49:38.492045 12161667 ev_poll_posix.cc:587] FD from fork parent still in poll list: fd(3, generation: 1)
14:49:39 I0929 14:49:38.492046 12161667 ev_poll_posix.cc:587] FD from fork parent still in poll list: fd(3, generation: 1)
14:49:39 I0929 14:49:38.492047 12161667 ev_poll_posix.cc:587] FD from fork parent still in poll list: fd(3, generation: 1)
14:49:39 I0929 14:49:38.492048 12161667 ev_poll_posix.cc:587] FD from fork parent still in poll list: fd(3, generation: 1)
14:49:39 I0929 14:49:38.492048 12161667 ev_poll_posix.cc:587] FD from fork parent still in poll list: fd(3, generation: 1)
14:49:39 I0929 14:49:38.492049 12161667 ev_poll_posix.cc:587] FD from fork parent still in poll list: fd(3, generation: 1)
14:49:39 I0929 14:49:38.492050 12161667 ev_poll_posix.cc:587] FD from fork parent still in poll list: fd(3, generation: 1)
14:49:39 I0929 14:49:38.492051 12161667 ev_poll_posix.cc:587] FD from fork parent still in poll list: fd(3, generation: 1)
14:49:39 I0929 14:49:38.492052 12161667 ev_poll_posix.cc:587] FD from fork parent still in poll list: fd(3, generation: 1)
14:49:39 I0929 14:49:38.492053 12161667 ev_poll_posix.cc:587] FD from fork parent still in poll list: fd(3, generation: 1)
14:49:39 I0929 14:49:38.492054 12161667 ev_poll_posix.cc:587] FD from fork parent still in poll list: fd(3, generation: 1)
14:49:39 I0929 14:49:38.492054 12161667 ev_poll_posix.cc:587] FD from fork parent still in poll list: fd(3, generation: 1)
14:49:39 I0929 14:49:38.492055 12161667 ev_poll_posix.cc:587] FD from fork parent still in poll list: fd(3, generation: 1)
14:49:39 I0929 14:49:38.492056 12161667 ev_poll_posix.cc:587] FD from fork parent still in poll list: fd(3, generation: 1)
14:49:39 I0929 14:49:38.492057 12161667 ev_poll_posix.cc:587] FD from fork parent still in poll list: fd(3, generation: 1)
14:49:39 I0929 14:49:38.492058 12161667 ev_poll_posix.cc:587] FD from fork parent still in poll list: fd(3, generation: 1)
14:49:39 I0929 14:49:38.492059 12161667 ev_poll_posix.cc:587] FD from fork parent still in poll list: fd(3, generation: 1)
14:49:39 I0929 14:49:38.492060 12161667 ev_poll_posix.cc:587] FD from fork parent still in poll list: fd(3, generation: 1)
14:49:39 I0929 14:49:38.492061 12161667 ev_poll_posix.cc:587] FD from fork parent still in poll list: fd(3, generation: 1)
14:49:39 I0929 14:49:38.492062 12161667 ev_poll_posix.cc:587] FD from fork parent still in poll list: fd(3, generation: 1)
14:49:39 I0929 14:49:38.492063 12161667 ev_poll_posix.cc:587] FD from fork parent still in poll list: fd(3, generation: 1)
14:49:39 I0929 14:49:38.492064 12161667 ev_poll_posix.cc:587] FD from fork parent still in poll list: fd(3, generation: 1)
14:49:39 I0929 14:49:38.492065 12161667 ev_poll_posix.cc:587] FD from fork parent still in poll list: fd(3, generation: 1)
14:49:39 I0929 14:49:38.492066 12161667 ev_poll_posix.cc:587] FD from fork parent still in poll list: fd(3, generation: 1)
14:49:39 I0929 14:49:38.492066 12161667 ev_poll_posix.cc:587] FD from fork parent still in poll list: fd(3, generation: 1)
14:49:39 I0929 14:49:38.492067 12161667 ev_poll_posix.cc:587] FD from fork parent still in poll list: fd(3, generation: 1)
14:49:39 I0929 14:49:38.492068 12161667 ev_poll_posix.cc:587] FD from fork parent still in poll list: fd(3, generation: 1)
14:49:39 I0929 14:49:38.492069 12161667 ev_poll_posix.cc:587] FD from fork parent still in poll list: fd(3, generation: 1)
14:49:39 I0929 14:49:38.492070 12161667 ev_poll_posix.cc:587] FD from fork parent still in poll list: fd(3, generation: 1)
14:49:39 I0929 14:49:38.492071 12161667 ev_poll_posix.cc:587] FD from fork parent still in poll list: fd(3, generation: 1)
14:49:39 I0929 14:49:38.492072 12161667 ev_poll_posix.cc:587] FD from fork parent still in poll list: fd(3, generation: 1)
14:49:39 I0929 14:49:38.492073 12161667 ev_poll_posix.cc:587] FD from fork parent still in poll list: fd(3, generation: 1)
14:49:39 I0929 14:49:38.492074 12161667 ev_poll_posix.cc:587] FD from fork parent still in poll list: fd(3, generation: 1)
14:49:39 I0929 14:49:38.492075 12161667 ev_poll_posix.cc:587] FD from fork parent still in poll list: fd(3, generation: 1)
14:49:39 I0929 14:49:38.492076 12161667 ev_poll_posix.cc:587] FD from fork parent still in poll list: fd(3, generation: 1)
14:49:39 I0929 14:49:38.492076 12161667 ev_poll_posix.cc:587] FD from fork parent still in poll list: fd(3, generation: 1)
14:49:39 I0929 14:49:38.492077 12161667 ev_poll_posix.cc:587] FD from fork parent still in poll list: fd(3, generation: 1)
14:49:39 I0929 14:49:38.492078 12161667 ev_poll_posix.cc:587] FD from fork parent still in poll list: fd(3, generation: 1)
14:49:39 I0929 14:49:38.492079 12161667 ev_poll_posix.cc:587] FD from fork parent still in poll list: fd(3, generation: 1)
14:49:39 I0929 14:49:38.492080 12161667 ev_poll_posix.cc:587] FD from fork parent still in poll list: fd(3, generation: 1)
14:49:39 I0929 14:49:38.492081 12161667 ev_poll_posix.cc:587] FD from fork parent still in poll list: fd(3, generation: 1)
14:49:39 I0929 14:49:38.492082 12161667 ev_poll_posix.cc:587] FD from fork parent still in poll list: fd(3, generation: 1)
14:49:39 I0929 14:49:38.492083 12161667 ev_poll_posix.cc:587] FD from fork parent still in poll list: fd(3, generation: 1)
14:49:39 I0929 14:49:38.492084 12161667 ev_poll_posix.cc:587] FD from fork parent still in poll list: fd(3, generation: 1)
14:49:39 I0929 14:49:38.492085 12161667 ev_poll_posix.cc:587] FD from fork parent still in poll list: fd(3, generation: 1)
14:49:39 I0929 14:49:38.492085 12161667 ev_poll_posix.cc:587] FD from fork parent still in poll list: fd(3, generation: 1)
14:49:39 I0929 14:49:38.492086 12161667 ev_poll_posix.cc:587] FD from fork parent still in poll list: fd(3, generation: 1)
14:49:39 I0929 14:49:38.492087 12161667 ev_poll_posix.cc:587] FD from fork parent still in poll list: fd(3, generation: 1)
14:49:39 I0929 14:49:38.492088 12161667 ev_poll_posix.cc:587] FD from fork parent still in poll list: fd(3, generation: 1)
14:49:39 I0929 14:49:38.492089 12161667 ev_poll_posix.cc:587] FD from fork parent still in poll list: fd(3, generation: 1)
14:49:39 I0929 14:49:38.492090 12161667 ev_poll_posix.cc:587] FD from fork parent still in poll list: fd(3, generation: 1)
14:49:39 I0929 14:49:38.492091 12161667 ev_poll_posix.cc:587] FD from fork parent still in poll list: fd(3, generation: 1)
14:49:39 I0929 14:49:38.492092 12161667 ev_poll_posix.cc:587] FD from fork parent still in poll list: fd(3, generation: 1)
14:49:39 I0929 14:49:38.492093 12161667 ev_poll_posix.cc:587] FD from fork parent still in poll list: fd(3, generation: 1)
14:49:39 I0929 14:49:38.492094 12161667 ev_poll_posix.cc:587] FD from fork parent still in poll list: fd(3, generation: 1)
14:49:39 I0929 14:49:38.492094 12161667 ev_poll_posix.cc:587] FD from fork parent still in poll list: fd(3, generation: 1)
14:49:39 I0929 14:49:38.492095 12161667 ev_poll_posix.cc:587] FD from fork parent still in poll list: fd(3, generation: 1)
14:49:39 I0929 14:49:38.492096 12161667 ev_poll_posix.cc:587] FD from fork parent still in poll list: fd(3, generation: 1)
14:49:39 I0929 14:49:38.492097 12161667 ev_poll_posix.cc:587] FD from fork parent still in poll list: fd(3, generation: 1)
14:49:39 I0929 14:49:38.492098 12161667 ev_poll_posix.cc:587] FD from fork parent still in poll list: fd(3, generation: 1)
14:49:39 I0929 14:49:38.492099 12161667 ev_poll_posix.cc:587] FD from fork parent still in poll list: fd(3, generation: 1)
14:49:39 I0929 14:49:38.492100 12161667 ev_poll_posix.cc:587] FD from fork parent still in poll list: fd(3, generation: 1)
14:49:39 I0929 14:49:38.492101 12161667 ev_poll_posix.cc:587] FD from fork parent still in poll list: fd(3, generation: 1)
14:49:39 I0929 14:49:38.492102 12161667 ev_poll_posix.cc:587] FD from fork parent still in poll list: fd(3, generation: 1)
14:49:39 I0929 14:49:38.492103 12161667 ev_poll_posix.cc:587] FD from fork parent still in poll list: fd(3, generation: 1)
14:49:39 I0929 14:49:38.492104 12161667 ev_poll_posix.cc:587] FD from fork parent still in poll list: fd(3, generation: 1)
14:49:39 I0929 14:49:38.492105 12161667 ev_poll_posix.cc:587] FD from fork parent still in poll list: fd(3, generation: 1)
14:49:39 I0929 14:49:38.492106 12161667 ev_poll_posix.cc:587] FD from fork parent still in poll list: fd(3, generation: 1)
14:49:39 I0929 14:49:38.492107 12161667 ev_poll_posix.cc:587] FD from fork parent still in poll list: fd(3, generation: 1)
14:49:39 I0929 14:49:38.492108 12161667 ev_poll_posix.cc:587] FD from fork parent still in poll list: fd(3, generation: 1)
14:49:39 I0929 14:49:38.492109 12161667 ev_poll_posix.cc:587] FD from fork parent still in poll list: fd(3, generation: 1)
14:49:39 I0929 14:49:38.492110 12161667 ev_poll_posix.cc:587] FD from fork parent still in poll list: fd(3, generation: 1)
14:49:39 I0929 14:49:38.492111 12161667 ev_poll_posix.cc:587] FD from fork parent still in poll list: fd(3, generation: 1)
14:49:39 I0929 14:49:38.492112 12161667 ev_poll_posix.cc:587] FD from fork parent still in poll list: fd(3, generation: 1)
14:49:39 I0929 14:49:38.492113 12161667 ev_poll_posix.cc:587] FD from fork parent still in poll list: fd(3, generation: 1)
14:49:39 I0929 14:49:38.492113 12161667 ev_poll_posix.cc:587] FD from fork parent still in poll list: fd(3, generation: 1)
14:49:39 I0929 14:49:38.492114 12161667 ev_poll_posix.cc:587] FD from fork parent still in poll list: fd(3, generation: 1)
14:49:39 I0929 14:49:38.492115 12161667 ev_poll_posix.cc:587] FD from fork parent still in poll list: fd(3, generation: 1)
14:49:39 I0929 14:49:38.492116 12161667 ev_poll_posix.cc:587] FD from fork parent still in poll list: fd(3, generation: 1)
14:49:39 I0929 14:49:38.492117 12161667 ev_poll_posix.cc:587] FD from fork parent still in poll list: fd(3, generation: 1)
14:49:39 I0929 14:49:38.492118 12161667 ev_poll_posix.cc:587] FD from fork parent still in poll list: fd(3, generation: 1)
14:49:39 I0929 14:49:38.492119 12161667 ev_poll_posix.cc:587] FD from fork parent still in poll list: fd(3, generation: 1)
14:49:39 I0929 14:49:38.492120 12161667 ev_poll_posix.cc:587] FD from fork parent still in poll list: fd(3, generation: 1)
14:49:39 I0929 14:49:38.492121 12161667 ev_poll_posix.cc:587] FD from fork parent still in poll list: fd(3, generation: 1)
14:49:39 I0929 14:49:38.492122 12161667 ev_poll_posix.cc:587] FD from fork parent still in poll list: fd(3, generation: 1)
14:49:39 I0929 14:49:38.492123 12161667 ev_poll_posix.cc:587] FD from fork parent still in poll list: fd(3, generation: 1)
14:49:39 I0929 14:49:38.492123 12161667 ev_poll_posix.cc:587] FD from fork parent still in poll list: fd(3, generation: 1)
14:49:39 I0929 14:49:38.492124 12161667 ev_poll_posix.cc:587] FD from fork parent still in poll list: fd(3, generation: 1)
14:49:39 I0929 14:49:38.492125 12161667 ev_poll_posix.cc:587] FD from fork parent still in poll list: fd(3, generation: 1)
14:49:39 I0929 14:49:38.492126 12161667 ev_poll_posix.cc:587] FD from fork parent still in poll list: fd(3, generation: 1)
14:49:39 I0929 14:49:38.492127 12161667 ev_poll_posix.cc:587] FD from fork parent still in poll list: fd(3, generation: 1)
14:49:39 I0929 14:49:38.492128 12161667 ev_poll_posix.cc:587] FD from fork parent still in poll list: fd(3, generation: 1)
14:49:39 I0929 14:49:38.492129 12161667 ev_poll_posix.cc:587] FD from fork parent still in poll list: fd(3, generation: 1)
14:49:39 I0929 14:49:38.492129 12161667 ev_poll_posix.cc:587] FD from fork parent still in poll list: fd(3, generation: 1)
14:49:39 I0929 14:49:38.492130 12161667 ev_poll_posix.cc:587] FD from fork parent still in poll list: fd(3, generation: 1)
14:49:40 I0929 14:49:38.492131 12161667 ev_poll_posix.cc:587] FD from fork parent still in poll list: fd(3, generation: 1)
14:49:40 I0929 14:49:38.492132 12161667 ev_poll_posix.cc:587] FD from fork parent still in poll list: fd(3, generation: 1)
14:49:40 I0929 14:49:38.492133 12161667 ev_poll_posix.cc:587] FD from fork parent still in poll list: fd(3, generation: 1)
14:49:40 I0929 14:49:38.492134 12161667 ev_poll_posix.cc:587] FD from fork parent still in poll list: fd(3, generation: 1)
14:49:40 I0929 14:49:38.492135 12161667 ev_poll_posix.cc:587] FD from fork parent still in poll list: fd(3, generation: 1)
14:49:40 I0929 14:49:38.492136 12161667 ev_poll_posix.cc:587] FD from fork parent still in poll list: fd(3, generation: 1)
14:49:40 I0929 14:49:38.492137 12161667 ev_poll_posix.cc:587] FD from fork parent still in poll list: fd(3, generation: 1)
14:49:40 I0929 14:49:38.492138 12161667 ev_poll_posix.cc:587] FD from fork parent still in poll list: fd(3, generation: 1)
14:49:40 I0929 14:49:38.492138 12161667 ev_poll_posix.cc:587] FD from fork parent still in poll list: fd(3, generation: 1)
14:49:40 I0929 14:49:38.492139 12161667 ev_poll_posix.cc:587] FD from fork parent still in poll list: fd(3, generation: 1)
14:49:40 I0929 14:49:38.492140 12161667 ev_poll_posix.cc:587] FD from fork parent still in poll list: fd(3, generation: 1)
14:49:40 I0929 14:49:38.492141 12161667 ev_poll_posix.cc:587] FD from fork parent still in poll list: fd(3, generation: 1)
14:49:40 I0929 14:49:38.492142 12161667 ev_poll_posix.cc:587] FD from fork parent still in poll list: fd(3, generation: 1)
14:49:40 I0929 14:49:38.492143 12161667 ev_poll_posix.cc:587] FD from fork parent still in poll list: fd(3, generation: 1)
14:49:40 I0929 14:49:38.492144 12161667 ev_poll_posix.cc:587] FD from fork parent still in poll list: fd(3, generation: 1)
14:49:40 I0929 14:49:38.492145 12161667 ev_poll_posix.cc:587] FD from fork parent still in poll list: fd(3, generation: 1)
14:49:40 I0929 14:49:38.492146 12161667 ev_poll_posix.cc:587] FD from fork parent still in poll list: fd(3, generation: 1)
14:49:40 I0929 14:49:38.492147 12161667 ev_poll_posix.cc:587] FD from fork parent still in poll list: fd(3, generation: 1)
14:49:40 I0929 14:49:38.492148 12161667 ev_poll_posix.cc:587] FD from fork parent still in poll list: fd(3, generation: 1)
14:49:40 I0929 14:49:38.492148 12161667 ev_poll_posix.cc:587] FD from fork parent still in poll list: fd(3, generation: 1)
14:49:40 I0929 14:49:38.492149 12161667 ev_poll_posix.cc:587] FD from fork parent still in poll list: fd(3, generation: 1)
14:49:40 I0929 14:49:38.492150 12161667 ev_poll_posix.cc:587] FD from fork parent still in poll list: fd(3, generation: 1)
14:49:40 I0929 14:49:38.492151 12161667 ev_poll_posix.cc:587] FD from fork parent still in poll list: fd(3, generation: 1)
14:49:40 I0929 14:49:38.492152 12161667 ev_poll_posix.cc:587] FD from fork parent still in poll list: fd(3, generation: 1)
14:49:40 I0929 14:49:38.492153 12161667 ev_poll_posix.cc:587] FD from fork parent still in poll list: fd(3, generation: 1)
14:49:40 I0929 14:49:38.492154 12161667 ev_poll_posix.cc:587] FD from fork parent still in poll list: fd(3, generation: 1)
14:49:40 I0929 14:49:38.492155 12161667 ev_poll_posix.cc:587] FD from fork parent still in poll list: fd(3, generation: 1)
14:49:40 I0929 14:49:38.492156 12161667 ev_poll_posix.cc:587] FD from fork parent still in poll list: fd(3, generation: 1)
14:49:40 I0929 14:49:38.492157 12161667 ev_poll_posix.cc:587] FD from fork parent still in poll list: fd(3, generation: 1)
14:49:40 I0929 14:49:38.492158 12161667 ev_poll_posix.cc:587] FD from fork parent still in poll list: fd(3, generation: 1)
14:49:40 I0929 14:49:38.492159 12161667 ev_poll_posix.cc:587] FD from fork parent still in poll list: fd(3, generation: 1)
14:49:40 I0929 14:49:38.492160 12161667 ev_poll_posix.cc:587] FD from fork parent still in poll list: fd(3, generation: 1)
14:49:40 I0929 14:49:38.492161 12161667 ev_poll_posix.cc:587] FD from fork parent still in poll list: fd(3, generation: 1)
14:49:40 I0929 14:49:38.492161 12161667 ev_poll_posix.cc:587] FD from fork parent still in poll list: fd(3, generation: 1)
14:49:40 I0929 14:49:38.492162 12161667 ev_poll_posix.cc:587] FD from fork parent still in poll list: fd(3, generation: 1)
14:49:40 I0929 14:49:38.492163 12161667 ev_poll_posix.cc:587] FD from fork parent still in poll list: fd(3, generation: 1)
14:49:40 I0929 14:49:38.492164 12161667 ev_poll_posix.cc:587] FD from fork parent still in poll list: fd(3, generation: 1)
14:49:40 I0929 14:49:38.492165 12161667 ev_poll_posix.cc:587] FD from fork parent still in poll list: fd(3, generation: 1)
14:49:40 I0929 14:49:38.492166 12161667 ev_poll_posix.cc:587] FD from fork parent still in poll list: fd(3, generation: 1)
14:49:40 I0929 14:49:38.492167 12161667 ev_poll_posix.cc:587] FD from fork parent still in poll list: fd(3, generation: 1)
14:49:40 I0929 14:49:38.492168 12161667 ev_poll_posix.cc:587] FD from fork parent still in poll list: fd(3, generation: 1)
14:49:40 I0929 14:49:38.492169 12161667 ev_poll_posix.cc:587] FD from fork parent still in poll list: fd(3, generation: 1)
14:49:40 I0929 14:49:38.492170 12161667 ev_poll_posix.cc:587] FD from fork parent still in poll list: fd(3, generation: 1)
14:49:40 I0929 14:49:38.492170 12161667 ev_poll_posix.cc:587] FD from fork parent still in poll list: fd(3, generation: 1)
14:49:40 I0929 14:49:38.492171 12161667 ev_poll_posix.cc:587] FD from fork parent still in poll list: fd(3, generation: 1)
14:49:40 I0929 14:49:38.492172 12161667 ev_poll_posix.cc:587] FD from fork parent still in poll list: fd(3, generation: 1)
14:49:40 I0929 14:49:38.492173 12161667 ev_poll_posix.cc:587] FD from fork parent still in poll list: fd(3, generation: 1)
14:49:40 I0929 14:49:38.492174 12161667 ev_poll_posix.cc:587] FD from fork parent still in poll list: fd(3, generation: 1)
14:49:40 I0929 14:49:38.492175 12161667 ev_poll_posix.cc:587] FD from fork parent still in poll list: fd(3, generation: 1)
14:49:40 I0929 14:49:38.492176 12161667 ev_poll_posix.cc:587] FD from fork parent still in poll list: fd(3, generation: 1)
14:49:40 I0929 14:49:38.492177 12161667 ev_poll_posix.cc:587] FD from fork parent still in poll list: fd(3, generation: 1)
14:49:40 I0929 14:49:38.492178 12161667 ev_poll_posix.cc:587] FD from fork parent still in poll list: fd(3, generation: 1)
14:49:40 I0929 14:49:38.492178 12161667 ev_poll_posix.cc:587] FD from fork parent still in poll list: fd(3, generation: 1)
14:49:40 I0929 14:49:38.492179 12161667 ev_poll_posix.cc:587] FD from fork parent still in poll list: fd(3, generation: 1)
14:49:40 I0929 14:49:38.492180 12161667 ev_poll_posix.cc:587] FD from fork parent still in poll list: fd(3, generation: 1)
14:49:40 I0929 14:49:38.492181 12161667 ev_poll_posix.cc:587] FD from fork parent still in poll list: fd(3, generation: 1)
14:49:40 I0929 14:49:38.492182 12161667 ev_poll_posix.cc:587] FD from fork parent still in poll list: fd(3, generation: 1)
14:49:40 I0929 14:49:38.492183 12161667 ev_poll_posix.cc:587] FD from fork parent still in poll list: fd(3, generation: 1)
14:49:40 I0929 14:49:38.492184 12161667 ev_poll_posix.cc:587] FD from fork parent still in poll list: fd(3, generation: 1)
14:49:40 I0929 14:49:38.492185 12161667 ev_poll_posix.cc:587] FD from fork parent still in poll list: fd(3, generation: 1)
14:49:40 I0929 14:49:38.492186 12161667 ev_poll_posix.cc:587] FD from fork parent still in poll list: fd(3, generation: 1)
14:49:40 I0929 14:49:38.492187 12161667 ev_poll_posix.cc:587] FD from fork parent still in poll list: fd(3, generation: 1)
14:49:40 I0929 14:49:38.492188 12161667 ev_poll_posix.cc:587] FD from fork parent still in poll list: fd(3, generation: 1)
14:49:40 I0929 14:49:38.492188 12161667 ev_poll_posix.cc:587] FD from fork parent still in poll list: fd(3, generation: 1)
14:49:40 I0929 14:49:38.492189 12161667 ev_poll_posix.cc:587] FD from fork parent still in poll list: fd(3, generation: 1)
14:49:40 I0929 14:49:38.492190 12161667 ev_poll_posix.cc:587] FD from fork parent still in poll list: fd(3, generation: 1)
14:49:40 I0929 14:49:38.492191 12161667 ev_poll_posix.cc:587] FD from fork parent still in poll list: fd(3, generation: 1)
14:49:40 I0929 14:49:38.492192 12161667 ev_poll_posix.cc:587] FD from fork parent still in poll list: fd(3, generation: 1)
14:49:40 I0929 14:49:38.492193 12161667 ev_poll_posix.cc:587] FD from fork parent still in poll list: fd(3, generation: 1)
14:49:40 I0929 14:49:38.492194 12161667 ev_poll_posix.cc:587] FD from fork parent still in poll list: fd(3, generation: 1)
14:49:40 I0929 14:49:38.492195 12161667 ev_poll_posix.cc:587] FD from fork parent still in poll list: fd(3, generation: 1)
14:49:40 I0929 14:49:38.492196 12161667 ev_poll_posix.cc:587] FD from fork parent still in poll list: fd(3, generation: 1)
14:49:40 I0929 14:49:38.492197 12161667 ev_poll_posix.cc:587] FD from fork parent still in poll list: fd(3, generation: 1)
14:49:40 I0929 14:49:38.492198 12161667 ev_poll_posix.cc:587] FD from fork parent still in poll list: fd(3, generation: 1)
14:49:40 I0929 14:49:38.492199 12161667 ev_poll_posix.cc:587] FD from fork parent still in poll list: fd(3, generation: 1)
14:49:40 I0929 14:49:38.492200 12161667 ev_poll_posix.cc:587] FD from fork parent still in poll list: fd(3, generation: 1)
14:49:40 I0929 14:49:38.492201 12161667 ev_poll_posix.cc:587] FD from fork parent still in poll list: fd(3, generation: 1)
14:49:40 I0929 14:49:38.492202 12161667 ev_poll_posix.cc:587] FD from fork parent still in poll list: fd(3, generation: 1)
14:49:40 I0929 14:49:38.492203 12161667 ev_poll_posix.cc:587] FD from fork parent still in poll list: fd(3, generation: 1)
14:49:40 I0929 14:49:38.492204 12161667 ev_poll_posix.cc:587] FD from fork parent still in poll list: fd(3, generation: 1)
14:49:40 I0929 14:49:38.492204 12161667 ev_poll_posix.cc:587] FD from fork parent still in poll list: fd(3, generation: 1)
14:49:40 I0929 14:49:38.492205 12161667 ev_poll_posix.cc:587] FD from fork parent still in poll list: fd(3, generation: 1)
14:49:40 I0929 14:49:38.492206 12161667 ev_poll_posix.cc:587] FD from fork parent still in poll list: fd(3, generation: 1)
14:49:40 I0929 14:49:38.492207 12161667 ev_poll_posix.cc:587] FD from fork parent still in poll list: fd(3, generation: 1)
14:49:40 I0929 14:49:38.492208 12161667 ev_poll_posix.cc:587] FD from fork parent still in poll list: fd(3, generation: 1)
14:49:40 I0929 14:49:38.492209 12161667 ev_poll_posix.cc:587] FD from fork parent still in poll list: fd(3, generation: 1)
14:49:40 I0929 14:49:38.492210 12161667 ev_poll_posix.cc:587] FD from fork parent still in poll list: fd(3, generation: 1)
14:49:40 I0929 14:49:38.492211 12161667 ev_poll_posix.cc:587] FD from fork parent still in poll list: fd(3, generation: 1)
14:49:40 I0929 14:49:38.492211 12161667 ev_poll_posix.cc:587] FD from fork parent still in poll list: fd(3, generation: 1)
14:49:40 I0929 14:49:38.492212 12161667 ev_poll_posix.cc:587] FD from fork parent still in poll list: fd(3, generation: 1)
14:49:40 I0929 14:49:38.492213 12161667 ev_poll_posix.cc:587] FD from fork parent still in poll list: fd(3, generation: 1)
14:49:40 I0929 14:49:38.492214 12161667 ev_poll_posix.cc:587] FD from fork parent still in poll list: fd(3, generation: 1)
14:49:40 I0929 14:49:38.492215 12161667 ev_poll_posix.cc:587] FD from fork parent still in poll list: fd(3, generation: 1)
14:49:40 I0929 14:49:38.492216 12161667 ev_poll_posix.cc:587] FD from fork parent still in poll list: fd(3, generation: 1)
14:49:40 I0929 14:49:38.492217 12161667 ev_poll_posix.cc:587] FD from fork parent still in poll list: fd(3, generation: 1)
14:49:40 I0929 14:49:38.492218 12161667 ev_poll_posix.cc:587] FD from fork parent still in poll list: fd(3, generation: 1)
14:49:40 I0929 14:49:38.492219 12161667 ev_poll_posix.cc:587] FD from fork parent still in poll list: fd(3, generation: 1)
14:49:40 I0929 14:49:38.492219 12161667 ev_poll_posix.cc:587] FD from fork parent still in poll list: fd(3, generation: 1)
14:49:40 I0929 14:49:38.492220 12161667 ev_poll_posix.cc:587] FD from fork parent still in poll list: fd(3, generation: 1)
14:49:40 I0929 14:49:38.492221 12161667 ev_poll_posix.cc:587] FD from fork parent still in poll list: fd(3, generation: 1)
14:49:40 I0929 14:49:38.492222 12161667 ev_poll_posix.cc:587] FD from fork parent still in poll list: fd(3, generation: 1)
14:49:40 I0929 14:49:38.492223 12161667 ev_poll_posix.cc:587] FD from fork parent still in poll list: fd(3, generation: 1)
14:49:40 I0929 14:49:38.492224 12161667 ev_poll_posix.cc:587] FD from fork parent still in poll list: fd(3, generation: 1)
14:49:40 I0929 14:49:38.492225 12161667 ev_poll_posix.cc:587] FD from fork parent still in poll list: fd(3, generation: 1)
14:49:40 I0929 14:49:38.492226 12161667 ev_poll_posix.cc:587] FD from fork parent still in poll list: fd(3, generation: 1)
14:49:40 I0929 14:49:38.492227 12161667 ev_poll_posix.cc:587] FD from fork parent still in poll list: fd(3, generation: 1)
14:49:40 I0929 14:49:38.514258 12161561 fork_posix.cc:71] Other threads are currently calling into gRPC, skipping fork() handlers
14:49:40 I0929 14:49:38.576266 12161898 ev_poll_posix.cc:587] FD from fork parent still in poll list: fd(3, generation: 1)
14:49:40 [92mINFO [0m:      SuperNode ID: 17346014127991650293
14:49:40 [92mINFO [0m:      Starting Flower SuperExec
14:49:44 [92mINFO [0m:      
14:49:44 [92mINFO [0m:      [RUN 8368413846792081707]
14:49:44 [92mINFO [0m:      Receiving: train message (ID: 7e77d3964e07876e53387acf936acdc5342523ecb610144ccd8425223803519e)
14:49:44 [92mINFO [0m:      Received successfully
14:49:45 [92mINFO [0m:      Start `flwr-clientapp` process
14:50:48 Traceback (most recent call last):
14:50:48   File "/Users/darsh/Documents/ConnectMesh/.venv/lib/python3.10/site-packages/flwr/common/retry_invoker.py", line 281, in invoke
14:50:48     ret = target(*args, **kwargs)
14:50:48   File "/Users/darsh/Documents/ConnectMesh/.venv/lib/python3.10/site-packages/grpc/_interceptor.py", line 276, in __call__
14:50:48     response, ignored_call = self._with_call(
14:50:48   File "/Users/darsh/Documents/ConnectMesh/.venv/lib/python3.10/site-packages/grpc/_interceptor.py", line 331, in _with_call
14:50:48     return call.result(), call
14:50:48   File "/Users/darsh/Documents/ConnectMesh/.venv/lib/python3.10/site-packages/grpc/_channel.py", line 447, in result
14:50:48     raise self
14:50:48   File "/Users/darsh/Documents/ConnectMesh/.venv/lib/python3.10/site-packages/grpc/_interceptor.py", line 314, in continuation
14:50:48     response, call = self._thunk(new_method).with_call(
14:50:48   File "/Users/darsh/Documents/ConnectMesh/.venv/lib/python3.10/site-packages/grpc/_interceptor.py", line 342, in with_call
14:50:48     return self._with_call(
14:50:48   File "/Users/darsh/Documents/ConnectMesh/.venv/lib/python3.10/site-packages/grpc/_interceptor.py", line 331, in _with_call
14:50:48     return call.result(), call
14:50:48   File "/Users/darsh/Documents/ConnectMesh/.venv/lib/python3.10/site-packages/grpc/_channel.py", line 447, in result
14:50:48     raise self
14:50:48   File "/Users/darsh/Documents/ConnectMesh/.venv/lib/python3.10/site-packages/grpc/_interceptor.py", line 314, in continuation
14:50:48     response, call = self._thunk(new_method).with_call(
14:50:48   File "/Users/darsh/Documents/ConnectMesh/.venv/lib/python3.10/site-packages/grpc/_channel.py", line 1182, in with_call
14:50:48     return _end_unary_response_blocking(state, call, True, None)
14:50:48   File "/Users/darsh/Documents/ConnectMesh/.venv/lib/python3.10/site-packages/grpc/_channel.py", line 999, in _end_unary_response_blocking
14:50:48     raise _InactiveRpcError(state)  # pytype: disable=not-instantiable
14:50:48 grpc._channel._InactiveRpcError: <_InactiveRpcError of RPC that terminated with:
14:50:48 	status = StatusCode.UNAUTHENTICATED
14:50:48 	details = "Authentication failed."
14:50:48 	debug_error_string = "UNAUTHENTICATED:Authentication failed."
14:50:48 >
14:50:48 
14:50:48 During handling of the above exception, another exception occurred:
14:50:48 
14:50:48 Traceback (most recent call last):
14:50:48   File "/Users/darsh/Documents/ConnectMesh/.venv/lib/python3.10/site-packages/flwr/supernode/runtime/run_clientapp.py", line 129, in run_clientapp
14:50:48     message, context, run, fab = pull_task_input(stub)
14:50:48   File "/Users/darsh/Documents/ConnectMesh/.venv/lib/python3.10/site-packages/flwr/supernode/runtime/run_clientapp.py", line 232, in pull_task_input
14:50:48     res: PullTaskInputResponse = stub.PullTaskInput(PullTaskInputRequest())
14:50:48   File "/Users/darsh/Documents/ConnectMesh/.venv/lib/python3.10/site-packages/flwr/common/retry_invoker.py", line 414, in <lambda>
14:50:48     return lambda *args, **kwargs: retry_invoker.invoke(
14:50:48   File "/Users/darsh/Documents/ConnectMesh/.venv/lib/python3.10/site-packages/flwr/common/retry_invoker.py", line 295, in invoke
14:50:48     if giveup_check(err) or max_tries_exceeded or max_time_exceeded:
14:50:48   File "/Users/darsh/Documents/ConnectMesh/.venv/lib/python3.10/site-packages/flwr/common/retry_invoker.py", line 293, in giveup_check
14:50:48     return self.should_giveup(_exception)
14:50:48   File "/Users/darsh/Documents/ConnectMesh/.venv/lib/python3.10/site-packages/flwr/common/retry_invoker.py", line 363, in _should_giveup_fn
14:50:48     os.kill(os.getpid(), signal.SIGINT)
14:50:48   File "/Users/darsh/Documents/ConnectMesh/.venv/lib/python3.10/site-packages/flwr/common/exit/signal_handler.py", line 93, in graceful_exit_handler
14:50:48     flwr_exit(
14:50:48   File "/Users/darsh/Documents/ConnectMesh/.venv/lib/python3.10/site-packages/flwr/common/exit/exit.py", line 77, in flwr_exit
14:50:48     if short_help_message := EXIT_CODE_HELP.get(code, ""):
14:50:48 KeyboardInterrupt
14:50:48 
14:50:48 During handling of the above exception, another exception occurred:
14:50:48 
14:50:48 Traceback (most recent call last):
14:50:48   File "/Users/darsh/Documents/ConnectMesh/.venv/lib/python3.10/site-packages/flwr/common/retry_invoker.py", line 281, in invoke
14:50:48     ret = target(*args, **kwargs)
14:50:48   File "/Users/darsh/Documents/ConnectMesh/.venv/lib/python3.10/site-packages/grpc/_interceptor.py", line 276, in __call__
14:50:48     response, ignored_call = self._with_call(
14:50:48   File "/Users/darsh/Documents/ConnectMesh/.venv/lib/python3.10/site-packages/grpc/_interceptor.py", line 331, in _with_call
14:50:48     return call.result(), call
14:50:48   File "/Users/darsh/Documents/ConnectMesh/.venv/lib/python3.10/site-packages/grpc/_channel.py", line 447, in result
14:50:48     raise self
14:50:48   File "/Users/darsh/Documents/ConnectMesh/.venv/lib/python3.10/site-packages/grpc/_interceptor.py", line 314, in continuation
14:50:48     response, call = self._thunk(new_method).with_call(
14:50:48   File "/Users/darsh/Documents/ConnectMesh/.venv/lib/python3.10/site-packages/grpc/_interceptor.py", line 342, in with_call
14:50:48     return self._with_call(
14:50:48   File "/Users/darsh/Documents/ConnectMesh/.venv/lib/python3.10/site-packages/grpc/_interceptor.py", line 331, in _with_call
14:50:48     return call.result(), call
14:50:48   File "/Users/darsh/Documents/ConnectMesh/.venv/lib/python3.10/site-packages/grpc/_channel.py", line 447, in result
14:50:48     raise self
14:50:48   File "/Users/darsh/Documents/ConnectMesh/.venv/lib/python3.10/site-packages/grpc/_interceptor.py", line 314, in continuation
14:50:48     response, call = self._thunk(new_method).with_call(
14:50:48   File "/Users/darsh/Documents/ConnectMesh/.venv/lib/python3.10/site-packages/grpc/_channel.py", line 1182, in with_call
14:50:48     return _end_unary_response_blocking(state, call, True, None)
14:50:48   File "/Users/darsh/Documents/ConnectMesh/.venv/lib/python3.10/site-packages/grpc/_channel.py", line 999, in _end_unary_response_blocking
14:50:48     raise _InactiveRpcError(state)  # pytype: disable=not-instantiable
14:50:48 grpc._channel._InactiveRpcError: <_InactiveRpcError of RPC that terminated with:
14:50:48 	status = StatusCode.UNAUTHENTICATED
14:50:48 	details = "Authentication failed."
14:50:48 	debug_error_string = "UNAUTHENTICATED:Authentication failed."
14:50:48 >
14:50:48 
14:50:48 During handling of the above exception, another exception occurred:
14:50:48 
14:50:48 Traceback (most recent call last):
14:50:48   File "/Users/darsh/Documents/ConnectMesh/.venv/bin/flwr-clientapp", line 6, in <module>
14:50:48     sys.exit(flwr_clientapp())
14:50:48   File "/Users/darsh/Documents/ConnectMesh/.venv/lib/python3.10/site-packages/flwr/supernode/cli/flwr_clientapp.py", line 41, in flwr_clientapp
14:50:48     run_clientapp(
14:50:48   File "/Users/darsh/Documents/ConnectMesh/.venv/lib/python3.10/site-packages/flwr/supernode/runtime/run_clientapp.py", line 208, in run_clientapp
14:50:48     push_task_output(
14:50:48   File "/Users/darsh/Documents/ConnectMesh/.venv/lib/python3.10/site-packages/flwr/supernode/runtime/run_clientapp.py", line 307, in push_task_output
14:50:48     stub.PushTaskOutput(
14:50:48   File "/Users/darsh/Documents/ConnectMesh/.venv/lib/python3.10/site-packages/flwr/common/retry_invoker.py", line 414, in <lambda>
14:50:48     return lambda *args, **kwargs: retry_invoker.invoke(
14:50:48   File "/Users/darsh/Documents/ConnectMesh/.venv/lib/python3.10/site-packages/flwr/common/retry_invoker.py", line 295, in invoke
14:50:48     if giveup_check(err) or max_tries_exceeded or max_time_exceeded:
14:50:48   File "/Users/darsh/Documents/ConnectMesh/.venv/lib/python3.10/site-packages/flwr/common/retry_invoker.py", line 293, in giveup_check
14:50:48     return self.should_giveup(_exception)
14:50:48   File "/Users/darsh/Documents/ConnectMesh/.venv/lib/python3.10/site-packages/flwr/common/retry_invoker.py", line 363, in _should_giveup_fn
14:50:49     os.kill(os.getpid(), signal.SIGINT)
14:50:49 KeyboardInterrupt
