14:49:32 [92mINFO [0m:      Starting Flower SuperLink
14:49:32 [93mWARNING [0m:   Option `--insecure` was set. Starting insecure HTTP server with unencrypted communication (TLS disabled). Proceed only if you understand the risks.
14:49:32 [93mWARNING [0m:   SuperNode authentication is disabled. The SuperLink will accept connections from any SuperNode.
14:49:32 [92mINFO [0m:      Flower Deployment Runtime: Starting Control API on 0.0.0.0:9093
14:49:32 I0929 14:49:32.666724 12161098 fork_posix.cc:71] Other threads are currently calling into gRPC, skipping fork() handlers
14:49:32 [92mINFO [0m:      Flower Deployment Runtime: Starting ServerAppIo API on 0.0.0.0:9091
14:49:32 [92mINFO [0m:      Flower Deployment Runtime: Starting Fleet API (gRPC-rere) on 0.0.0.0:9092
14:49:32 I0929 14:49:32.675028 12161086 fork_posix.cc:71] Other threads are currently calling into gRPC, skipping fork() handlers
14:49:32 I0929 14:49:32.676341 12161183 ev_poll_posix.cc:587] FD from fork parent still in poll list: fd(16, generation: 1)
14:49:32 I0929 14:49:32.676360 12161183 ev_poll_posix.cc:587] FD from fork parent still in poll list: fd(9, generation: 1)
14:49:32 I0929 14:49:32.676362 12161183 ev_poll_posix.cc:587] FD from fork parent still in poll list: fd(3, generation: 1)
14:49:32 I0929 14:49:32.677408 12161098 fork_posix.cc:71] Other threads are currently calling into gRPC, skipping fork() handlers
14:49:33 [92mINFO [0m:      Starting Flower SuperExec
14:49:38 [92mINFO [0m:      [Fleet.ActivateNode] Activated node_id=17346014127991650293
14:49:38 [92mINFO [0m:      [Fleet.ActivateNode] Activated node_id=18032865730134599964
14:49:38 [92mINFO [0m:      [Fleet.ActivateNode] Activated node_id=12420761571247958109
14:49:38 [92mINFO [0m:      [Fleet.PullMessages] node_id=17346014127991650293
14:49:38 [92mINFO [0m:      [Fleet.PullMessages] node_id=18032865730134599964
14:49:38 [92mINFO [0m:      [Fleet.PullMessages] node_id=12420761571247958109
14:49:38 [92mINFO [0m:      [Fleet.ActivateNode] Activated node_id=1515925248037934012
14:49:38 [92mINFO [0m:      [Fleet.PullMessages] node_id=1515925248037934012
14:49:38 [92mINFO [0m:      [Fleet.ActivateNode] Activated node_id=891238222138635164
14:49:38 [92mINFO [0m:      [Fleet.PullMessages] node_id=891238222138635164
14:49:40 [92mINFO [0m:      ControlServicer.StartRun
14:49:40 [92mINFO [0m:      Created serverapp run 8368413846792081707
14:49:40 [92mINFO [0m:      ControlServicer.StreamLogs
14:49:41 [92mINFO [0m:      [Fleet.PullMessages] node_id=17346014127991650293
14:49:41 [92mINFO [0m:      Started task 14974757505462205096 of run 8368413846792081707
14:49:41 [92mINFO [0m:      [Fleet.PullMessages] node_id=18032865730134599964
14:49:41 [92mINFO [0m:      [Fleet.PullMessages] node_id=12420761571247958109
14:49:41 [92mINFO [0m:      [Fleet.PullMessages] node_id=1515925248037934012
14:49:41 [92mINFO [0m:      [Fleet.PullMessages] node_id=891238222138635164
14:49:44 [92mINFO [0m:      [Fleet.PullMessages] node_id=18032865730134599964
14:49:44 [92mINFO [0m:      [Fleet.PullMessages] node_id=17346014127991650293
14:49:44 [92mINFO [0m:      [Fleet.PullMessages] node_id=12420761571247958109
14:49:44 [92mINFO [0m:      [Fleet.GetRun] Requesting `Run` for run_id=8368413846792081707
14:49:44 [92mINFO [0m:      [Fleet.GetFab] Requesting FAB for fab_hash=457f8d3f1b77fbb5d86acfb23fe036a9bf00b065a1f19b507b1d0af92624da2b
14:49:44 [92mINFO [0m:      [Fleet.PullMessages] node_id=1515925248037934012
14:49:44 [92mINFO [0m:      [Fleet.GetRun] Requesting `Run` for run_id=8368413846792081707
14:49:44 [92mINFO [0m:      [Fleet.GetRun] Requesting `Run` for run_id=8368413846792081707
14:49:44 [92mINFO [0m:      [Fleet.PullMessages] node_id=891238222138635164
14:49:44 [92mINFO [0m:      [Fleet.GetRun] Requesting `Run` for run_id=8368413846792081707
14:49:44 [92mINFO [0m:      [Fleet.GetFab] Requesting FAB for fab_hash=457f8d3f1b77fbb5d86acfb23fe036a9bf00b065a1f19b507b1d0af92624da2b
14:49:44 [92mINFO [0m:      [Fleet.GetFab] Requesting FAB for fab_hash=457f8d3f1b77fbb5d86acfb23fe036a9bf00b065a1f19b507b1d0af92624da2b
14:49:44 [92mINFO [0m:      [Fleet.GetFab] Requesting FAB for fab_hash=457f8d3f1b77fbb5d86acfb23fe036a9bf00b065a1f19b507b1d0af92624da2b
14:49:44 [92mINFO [0m:      [Fleet.GetRun] Requesting `Run` for run_id=8368413846792081707
14:49:44 [92mINFO [0m:      [Fleet.GetFab] Requesting FAB for fab_hash=457f8d3f1b77fbb5d86acfb23fe036a9bf00b065a1f19b507b1d0af92624da2b
14:49:48 [92mINFO [0m:      [Fleet.PushMessages] Push replies from node_id=18032865730134599964
14:49:48 [92mINFO [0m:      [Fleet.PullMessages] node_id=18032865730134599964
14:49:48 [92mINFO [0m:      [Fleet.PushMessages] Push replies from node_id=1515925248037934012
14:49:48 [92mINFO [0m:      [Fleet.PushMessages] Push replies from node_id=12420761571247958109
14:49:48 [92mINFO [0m:      [Fleet.PullMessages] node_id=1515925248037934012
14:49:48 [92mINFO [0m:      [Fleet.PullMessages] node_id=12420761571247958109
14:49:48 [92mINFO [0m:      [Fleet.PushMessages] Push replies from node_id=891238222138635164
14:49:48 [92mINFO [0m:      [Fleet.PullMessages] node_id=891238222138635164
14:49:51 [92mINFO [0m:      [Fleet.PullMessages] node_id=18032865730134599964
14:49:51 [92mINFO [0m:      [Fleet.PullMessages] node_id=1515925248037934012
14:49:51 [92mINFO [0m:      [Fleet.PullMessages] node_id=12420761571247958109
14:49:51 [92mINFO [0m:      [Fleet.PullMessages] node_id=891238222138635164
14:49:54 [92mINFO [0m:      [Fleet.PullMessages] node_id=18032865730134599964
14:49:54 [92mINFO [0m:      [Fleet.PullMessages] node_id=1515925248037934012
14:49:54 [92mINFO [0m:      [Fleet.PullMessages] node_id=12420761571247958109
14:49:54 [92mINFO [0m:      [Fleet.PullMessages] node_id=891238222138635164
14:49:57 [92mINFO [0m:      [Fleet.PullMessages] node_id=18032865730134599964
14:49:57 [92mINFO [0m:      [Fleet.PullMessages] node_id=1515925248037934012
14:49:57 [92mINFO [0m:      [Fleet.PullMessages] node_id=12420761571247958109
14:49:57 [92mINFO [0m:      [Fleet.PullMessages] node_id=891238222138635164
14:50:00 [92mINFO [0m:      [Fleet.PullMessages] node_id=18032865730134599964
14:50:00 [92mINFO [0m:      [Fleet.PullMessages] node_id=1515925248037934012
14:50:00 [92mINFO [0m:      [Fleet.PullMessages] node_id=12420761571247958109
14:50:00 [92mINFO [0m:      [Fleet.PullMessages] node_id=891238222138635164
14:50:03 [92mINFO [0m:      [Fleet.PullMessages] node_id=18032865730134599964
14:50:03 [92mINFO [0m:      [Fleet.PullMessages] node_id=1515925248037934012
14:50:03 [92mINFO [0m:      [Fleet.PullMessages] node_id=12420761571247958109
14:50:03 [92mINFO [0m:      [Fleet.PullMessages] node_id=891238222138635164
14:50:06 [92mINFO [0m:      [Fleet.PullMessages] node_id=18032865730134599964
14:50:06 [92mINFO [0m:      [Fleet.PullMessages] node_id=12420761571247958109
14:50:06 [92mINFO [0m:      [Fleet.PullMessages] node_id=1515925248037934012
14:50:06 [92mINFO [0m:      [Fleet.PullMessages] node_id=891238222138635164
14:50:09 [92mINFO [0m:      [Fleet.PullMessages] node_id=18032865730134599964
14:50:09 [92mINFO [0m:      [Fleet.PullMessages] node_id=12420761571247958109
14:50:09 [92mINFO [0m:      [Fleet.PullMessages] node_id=1515925248037934012
14:50:09 [92mINFO [0m:      [Fleet.PullMessages] node_id=891238222138635164
14:50:12 [92mINFO [0m:      [Fleet.PullMessages] node_id=18032865730134599964
14:50:12 [92mINFO [0m:      [Fleet.PullMessages] node_id=1515925248037934012
14:50:12 [92mINFO [0m:      [Fleet.PullMessages] node_id=12420761571247958109
14:50:12 [92mINFO [0m:      [Fleet.PullMessages] node_id=891238222138635164
14:50:15 [92mINFO [0m:      [Fleet.PullMessages] node_id=18032865730134599964
14:50:15 [92mINFO [0m:      [Fleet.PullMessages] node_id=1515925248037934012
14:50:15 [92mINFO [0m:      [Fleet.PullMessages] node_id=12420761571247958109
14:50:15 [92mINFO [0m:      [Fleet.PullMessages] node_id=891238222138635164
14:50:18 [92mINFO [0m:      [Fleet.PullMessages] node_id=18032865730134599964
14:50:18 [92mINFO [0m:      [Fleet.PullMessages] node_id=12420761571247958109
14:50:18 [92mINFO [0m:      [Fleet.PullMessages] node_id=1515925248037934012
14:50:18 [92mINFO [0m:      [Fleet.PullMessages] node_id=891238222138635164
14:50:21 [92mINFO [0m:      [Fleet.PullMessages] node_id=18032865730134599964
14:50:21 [92mINFO [0m:      [Fleet.PullMessages] node_id=12420761571247958109
14:50:21 [92mINFO [0m:      [Fleet.PullMessages] node_id=1515925248037934012
14:50:22 [92mINFO [0m:      [Fleet.PullMessages] node_id=891238222138635164
14:50:24 [92mINFO [0m:      [Fleet.PullMessages] node_id=18032865730134599964
14:50:24 [92mINFO [0m:      [Fleet.PullMessages] node_id=12420761571247958109
14:50:24 [92mINFO [0m:      [Fleet.PullMessages] node_id=1515925248037934012
14:50:25 [92mINFO [0m:      [Fleet.PullMessages] node_id=891238222138635164
14:50:27 [92mINFO [0m:      [Fleet.PullMessages] node_id=18032865730134599964
14:50:27 [92mINFO [0m:      [Fleet.PullMessages] node_id=1515925248037934012
14:50:27 [92mINFO [0m:      [Fleet.PullMessages] node_id=12420761571247958109
14:50:28 [92mINFO [0m:      [Fleet.PullMessages] node_id=891238222138635164
14:50:30 [92mINFO [0m:      [Fleet.PullMessages] node_id=18032865730134599964
14:50:30 [92mINFO [0m:      [Fleet.PullMessages] node_id=1515925248037934012
14:50:30 [92mINFO [0m:      [Fleet.PullMessages] node_id=12420761571247958109
14:50:31 [92mINFO [0m:      [Fleet.PullMessages] node_id=891238222138635164
14:50:33 [92mINFO [0m:      [Fleet.PullMessages] node_id=18032865730134599964
14:50:33 [92mINFO [0m:      [Fleet.PullMessages] node_id=1515925248037934012
14:50:33 [92mINFO [0m:      [Fleet.PullMessages] node_id=12420761571247958109
14:50:34 [92mINFO [0m:      [Fleet.PullMessages] node_id=891238222138635164
14:50:36 [92mINFO [0m:      [Fleet.PullMessages] node_id=18032865730134599964
14:50:36 [92mINFO [0m:      [Fleet.PullMessages] node_id=12420761571247958109
14:50:36 [92mINFO [0m:      [Fleet.PullMessages] node_id=1515925248037934012
14:50:37 [92mINFO [0m:      [Fleet.PullMessages] node_id=891238222138635164
14:50:39 [92mINFO [0m:      [Fleet.PullMessages] node_id=18032865730134599964
14:50:39 [92mINFO [0m:      [Fleet.PullMessages] node_id=12420761571247958109
14:50:39 [92mINFO [0m:      [Fleet.PullMessages] node_id=1515925248037934012
14:50:40 [92mINFO [0m:      [Fleet.PullMessages] node_id=891238222138635164
14:50:40 [92mINFO [0m:      ControlServicer.StreamLogs
14:50:42 [92mINFO [0m:      [Fleet.PullMessages] node_id=18032865730134599964
14:50:42 [92mINFO [0m:      [Fleet.PullMessages] node_id=1515925248037934012
14:50:42 [92mINFO [0m:      [Fleet.PullMessages] node_id=12420761571247958109
14:50:43 [92mINFO [0m:      [Fleet.PullMessages] node_id=891238222138635164
14:50:45 [92mINFO [0m:      [Fleet.PullMessages] node_id=1515925248037934012
14:50:45 [92mINFO [0m:      [Fleet.PullMessages] node_id=18032865730134599964
14:50:45 [92mINFO [0m:      [Fleet.PullMessages] node_id=12420761571247958109
14:50:46 [92mINFO [0m:      [Fleet.PullMessages] node_id=891238222138635164
14:50:48 [92mINFO [0m:      [Fleet.PullMessages] node_id=1515925248037934012
14:50:48 [92mINFO [0m:      [Fleet.PullMessages] node_id=18032865730134599964
14:50:48 [92mINFO [0m:      [Fleet.PullMessages] node_id=12420761571247958109
14:50:49 [92mINFO [0m:      [Fleet.PullMessages] node_id=891238222138635164
14:50:51 [92mINFO [0m:      [Fleet.PullMessages] node_id=1515925248037934012
14:50:51 [92mINFO [0m:      [Fleet.PullMessages] node_id=12420761571247958109
14:50:51 [92mINFO [0m:      [Fleet.PullMessages] node_id=18032865730134599964
14:50:52 [92mINFO [0m:      [Fleet.PullMessages] node_id=891238222138635164
14:50:54 [92mINFO [0m:      [Fleet.PullMessages] node_id=12420761571247958109
14:50:54 [92mINFO [0m:      [Fleet.PullMessages] node_id=1515925248037934012
14:50:54 [92mINFO [0m:      [Fleet.PullMessages] node_id=18032865730134599964
14:50:55 [92mINFO [0m:      [Fleet.PullMessages] node_id=891238222138635164
14:50:57 [92mINFO [0m:      [Fleet.PullMessages] node_id=1515925248037934012
14:50:57 [92mINFO [0m:      [Fleet.PullMessages] node_id=18032865730134599964
14:50:57 [92mINFO [0m:      [Fleet.PullMessages] node_id=12420761571247958109
14:50:58 [92mINFO [0m:      [Fleet.PullMessages] node_id=891238222138635164
14:51:00 [92mINFO [0m:      [Fleet.PullMessages] node_id=18032865730134599964
14:51:00 [92mINFO [0m:      [Fleet.PullMessages] node_id=12420761571247958109
14:51:00 [92mINFO [0m:      [Fleet.PullMessages] node_id=1515925248037934012
14:51:01 [92mINFO [0m:      [Fleet.PullMessages] node_id=891238222138635164
14:51:03 [92mINFO [0m:      [Fleet.PullMessages] node_id=18032865730134599964
14:51:03 [92mINFO [0m:      [Fleet.PullMessages] node_id=1515925248037934012
14:51:03 [92mINFO [0m:      [Fleet.PullMessages] node_id=12420761571247958109
14:51:04 [92mINFO [0m:      [Fleet.PullMessages] node_id=891238222138635164
14:51:06 [92mINFO [0m:      [Fleet.PullMessages] node_id=12420761571247958109
14:51:06 [92mINFO [0m:      [Fleet.PullMessages] node_id=1515925248037934012
14:51:06 [92mINFO [0m:      [Fleet.PullMessages] node_id=18032865730134599964
14:51:07 [92mINFO [0m:      [Fleet.PullMessages] node_id=891238222138635164
14:51:09 [92mINFO [0m:      [Fleet.PullMessages] node_id=1515925248037934012
14:51:09 [92mINFO [0m:      [Fleet.PullMessages] node_id=18032865730134599964
14:51:09 [92mINFO [0m:      [Fleet.PullMessages] node_id=12420761571247958109
14:51:10 [92mINFO [0m:      [Fleet.PullMessages] node_id=891238222138635164
14:51:12 [92mINFO [0m:      [Fleet.PullMessages] node_id=1515925248037934012
14:51:12 [92mINFO [0m:      [Fleet.PullMessages] node_id=18032865730134599964
14:51:12 [92mINFO [0m:      [Fleet.PullMessages] node_id=12420761571247958109
14:51:13 [92mINFO [0m:      [Fleet.PullMessages] node_id=891238222138635164
14:51:15 [92mINFO [0m:      [Fleet.PullMessages] node_id=12420761571247958109
14:51:15 [92mINFO [0m:      [Fleet.PullMessages] node_id=1515925248037934012
14:51:15 [92mINFO [0m:      [Fleet.PullMessages] node_id=18032865730134599964
14:51:16 [92mINFO [0m:      [Fleet.PullMessages] node_id=891238222138635164
14:51:18 [92mINFO [0m:      [Fleet.PullMessages] node_id=12420761571247958109
14:51:18 [92mINFO [0m:      [Fleet.PullMessages] node_id=1515925248037934012
14:51:18 [92mINFO [0m:      [Fleet.PullMessages] node_id=18032865730134599964
14:51:19 [92mINFO [0m:      [Fleet.PullMessages] node_id=891238222138635164
14:51:21 [92mINFO [0m:      [Fleet.PullMessages] node_id=12420761571247958109
14:51:21 [92mINFO [0m:      [Fleet.PullMessages] node_id=18032865730134599964
14:51:21 [92mINFO [0m:      [Fleet.PullMessages] node_id=1515925248037934012
14:51:22 [92mINFO [0m:      [Fleet.PullMessages] node_id=891238222138635164
14:51:24 [92mINFO [0m:      [Fleet.PullMessages] node_id=18032865730134599964
14:51:24 [92mINFO [0m:      [Fleet.PullMessages] node_id=1515925248037934012
14:51:24 [92mINFO [0m:      [Fleet.PullMessages] node_id=12420761571247958109
14:51:25 [92mINFO [0m:      [Fleet.PullMessages] node_id=891238222138635164
14:51:27 [92mINFO [0m:      [Fleet.PullMessages] node_id=12420761571247958109
14:51:27 [92mINFO [0m:      [Fleet.PullMessages] node_id=18032865730134599964
14:51:27 [92mINFO [0m:      [Fleet.PullMessages] node_id=1515925248037934012
14:51:28 [92mINFO [0m:      [Fleet.PullMessages] node_id=891238222138635164
14:51:30 [92mINFO [0m:      [Fleet.PullMessages] node_id=12420761571247958109
14:51:30 [92mINFO [0m:      [Fleet.PullMessages] node_id=1515925248037934012
14:51:30 [92mINFO [0m:      [Fleet.PullMessages] node_id=18032865730134599964
14:51:31 [92mINFO [0m:      [Fleet.PullMessages] node_id=891238222138635164
14:51:33 [92mINFO [0m:      [Fleet.PullMessages] node_id=1515925248037934012
14:51:33 [92mINFO [0m:      [Fleet.PullMessages] node_id=18032865730134599964
14:51:33 [92mINFO [0m:      [Fleet.PullMessages] node_id=12420761571247958109
14:51:34 [92mINFO [0m:      [Fleet.PullMessages] node_id=891238222138635164
14:51:36 [92mINFO [0m:      [Fleet.PullMessages] node_id=1515925248037934012
14:51:36 [92mINFO [0m:      [Fleet.PullMessages] node_id=12420761571247958109
14:51:36 [92mINFO [0m:      [Fleet.PullMessages] node_id=18032865730134599964
14:51:37 [92mINFO [0m:      [Fleet.PullMessages] node_id=891238222138635164
14:51:40 [92mINFO [0m:      [Fleet.PullMessages] node_id=1515925248037934012
14:51:40 [92mINFO [0m:      [Fleet.PullMessages] node_id=18032865730134599964
14:51:40 [92mINFO [0m:      [Fleet.PullMessages] node_id=12420761571247958109
14:51:40 [92mINFO [0m:      [Fleet.PullMessages] node_id=891238222138635164
14:51:41 [92mINFO [0m:      ControlServicer.StreamLogs
14:51:43 [92mINFO [0m:      [Fleet.PullMessages] node_id=1515925248037934012
14:51:43 [92mINFO [0m:      [Fleet.PullMessages] node_id=12420761571247958109
14:51:43 [92mINFO [0m:      [Fleet.PullMessages] node_id=18032865730134599964
14:51:43 [92mINFO [0m:      [Fleet.PullMessages] node_id=891238222138635164
14:51:46 [92mINFO [0m:      [Fleet.PullMessages] node_id=18032865730134599964
14:51:46 [92mINFO [0m:      [Fleet.PullMessages] node_id=12420761571247958109
14:51:46 [92mINFO [0m:      [Fleet.PullMessages] node_id=1515925248037934012
14:51:46 [92mINFO [0m:      [Fleet.PullMessages] node_id=891238222138635164
14:51:49 [92mINFO [0m:      [Fleet.PullMessages] node_id=18032865730134599964
14:51:49 [92mINFO [0m:      [Fleet.PullMessages] node_id=1515925248037934012
14:51:49 [92mINFO [0m:      [Fleet.PullMessages] node_id=12420761571247958109
14:51:49 [92mINFO [0m:      [Fleet.PullMessages] node_id=891238222138635164
14:51:52 [92mINFO [0m:      [Fleet.PullMessages] node_id=18032865730134599964
14:51:52 [92mINFO [0m:      [Fleet.PullMessages] node_id=1515925248037934012
14:51:52 [92mINFO [0m:      [Fleet.PullMessages] node_id=12420761571247958109
14:51:52 [92mINFO [0m:      [Fleet.PullMessages] node_id=891238222138635164
14:51:55 [92mINFO [0m:      [Fleet.PullMessages] node_id=12420761571247958109
14:51:55 [92mINFO [0m:      [Fleet.PullMessages] node_id=18032865730134599964
14:51:55 [92mINFO [0m:      [Fleet.PullMessages] node_id=1515925248037934012
14:51:55 [92mINFO [0m:      [Fleet.PullMessages] node_id=891238222138635164
14:51:58 [92mINFO [0m:      [Fleet.PullMessages] node_id=12420761571247958109
14:51:58 [92mINFO [0m:      [Fleet.PullMessages] node_id=1515925248037934012
14:51:58 [92mINFO [0m:      [Fleet.PullMessages] node_id=18032865730134599964
14:51:58 [92mINFO [0m:      [Fleet.PullMessages] node_id=891238222138635164
14:52:01 [92mINFO [0m:      [Fleet.PullMessages] node_id=18032865730134599964
14:52:01 [92mINFO [0m:      [Fleet.PullMessages] node_id=1515925248037934012
14:52:01 [92mINFO [0m:      [Fleet.PullMessages] node_id=12420761571247958109
14:52:01 [92mINFO [0m:      [Fleet.PullMessages] node_id=891238222138635164
14:52:04 [92mINFO [0m:      [Fleet.PullMessages] node_id=12420761571247958109
14:52:04 [92mINFO [0m:      [Fleet.PullMessages] node_id=1515925248037934012
14:52:04 [92mINFO [0m:      [Fleet.PullMessages] node_id=18032865730134599964
14:52:04 [92mINFO [0m:      [Fleet.PullMessages] node_id=891238222138635164
14:52:07 [92mINFO [0m:      [Fleet.PullMessages] node_id=18032865730134599964
14:52:07 [92mINFO [0m:      [Fleet.PullMessages] node_id=1515925248037934012
14:52:07 [92mINFO [0m:      [Fleet.PullMessages] node_id=12420761571247958109
14:52:07 [92mINFO [0m:      [Fleet.PullMessages] node_id=891238222138635164
14:52:10 [92mINFO [0m:      [Fleet.PullMessages] node_id=1515925248037934012
14:52:10 [92mINFO [0m:      [Fleet.PullMessages] node_id=18032865730134599964
14:52:10 [92mINFO [0m:      [Fleet.PullMessages] node_id=12420761571247958109
14:52:10 [92mINFO [0m:      [Fleet.PullMessages] node_id=891238222138635164
14:52:13 [92mINFO [0m:      [Fleet.PullMessages] node_id=12420761571247958109
14:52:13 [92mINFO [0m:      [Fleet.PullMessages] node_id=1515925248037934012
14:52:13 [92mINFO [0m:      [Fleet.PullMessages] node_id=18032865730134599964
14:52:13 [92mINFO [0m:      [Fleet.PullMessages] node_id=891238222138635164
14:52:16 [92mINFO [0m:      [Fleet.PullMessages] node_id=12420761571247958109
14:52:16 [92mINFO [0m:      [Fleet.PullMessages] node_id=18032865730134599964
14:52:16 [92mINFO [0m:      [Fleet.PullMessages] node_id=1515925248037934012
14:52:16 [92mINFO [0m:      [Fleet.PullMessages] node_id=891238222138635164
14:52:19 [92mINFO [0m:      [Fleet.PullMessages] node_id=18032865730134599964
14:52:19 [92mINFO [0m:      [Fleet.PullMessages] node_id=1515925248037934012
14:52:19 [92mINFO [0m:      [Fleet.PullMessages] node_id=12420761571247958109
14:52:19 [92mINFO [0m:      [Fleet.PullMessages] node_id=891238222138635164
14:52:22 [92mINFO [0m:      [Fleet.PullMessages] node_id=12420761571247958109
14:52:22 [92mINFO [0m:      [Fleet.PullMessages] node_id=1515925248037934012
14:52:22 [92mINFO [0m:      [Fleet.PullMessages] node_id=18032865730134599964
14:52:22 [92mINFO [0m:      [Fleet.PullMessages] node_id=891238222138635164
14:52:25 [92mINFO [0m:      [Fleet.PullMessages] node_id=12420761571247958109
14:52:25 [92mINFO [0m:      [Fleet.PullMessages] node_id=18032865730134599964
14:52:25 [92mINFO [0m:      [Fleet.PullMessages] node_id=1515925248037934012
14:52:25 [92mINFO [0m:      [Fleet.PullMessages] node_id=891238222138635164
14:52:28 [92mINFO [0m:      [Fleet.PullMessages] node_id=18032865730134599964
14:52:28 [92mINFO [0m:      [Fleet.PullMessages] node_id=12420761571247958109
14:52:28 [92mINFO [0m:      [Fleet.PullMessages] node_id=1515925248037934012
14:52:28 [92mINFO [0m:      [Fleet.PullMessages] node_id=891238222138635164
14:52:31 [92mINFO [0m:      [Fleet.PullMessages] node_id=18032865730134599964
14:52:31 [92mINFO [0m:      [Fleet.PullMessages] node_id=12420761571247958109
14:52:31 [92mINFO [0m:      [Fleet.PullMessages] node_id=1515925248037934012
14:52:31 [92mINFO [0m:      [Fleet.PullMessages] node_id=891238222138635164
14:52:34 [92mINFO [0m:      [Fleet.PullMessages] node_id=1515925248037934012
14:52:34 [92mINFO [0m:      [Fleet.PullMessages] node_id=12420761571247958109
14:52:34 [92mINFO [0m:      [Fleet.PullMessages] node_id=18032865730134599964
14:52:34 [92mINFO [0m:      [Fleet.PullMessages] node_id=891238222138635164
14:52:37 [92mINFO [0m:      [Fleet.PullMessages] node_id=18032865730134599964
14:52:37 [92mINFO [0m:      [Fleet.PullMessages] node_id=12420761571247958109
14:52:37 [92mINFO [0m:      [Fleet.PullMessages] node_id=1515925248037934012
14:52:37 [92mINFO [0m:      [Fleet.PullMessages] node_id=891238222138635164
14:52:40 [92mINFO [0m:      [Fleet.PullMessages] node_id=12420761571247958109
14:52:40 [92mINFO [0m:      [Fleet.PullMessages] node_id=1515925248037934012
14:52:40 [92mINFO [0m:      [Fleet.PullMessages] node_id=18032865730134599964
14:52:40 [92mINFO [0m:      [Fleet.PullMessages] node_id=891238222138635164
14:52:41 [92mINFO [0m:      ControlServicer.StreamLogs
14:52:43 [92mINFO [0m:      [Fleet.PullMessages] node_id=1515925248037934012
14:52:43 [92mINFO [0m:      [Fleet.PullMessages] node_id=12420761571247958109
14:52:43 [92mINFO [0m:      [Fleet.PullMessages] node_id=18032865730134599964
14:52:43 [92mINFO [0m:      [Fleet.PullMessages] node_id=891238222138635164
14:52:46 [92mINFO [0m:      [Fleet.PullMessages] node_id=12420761571247958109
14:52:46 [92mINFO [0m:      [Fleet.PullMessages] node_id=1515925248037934012
14:52:46 [92mINFO [0m:      [Fleet.PullMessages] node_id=18032865730134599964
14:52:46 [92mINFO [0m:      [Fleet.PullMessages] node_id=891238222138635164
14:52:49 [92mINFO [0m:      [Fleet.PullMessages] node_id=12420761571247958109
14:52:49 [92mINFO [0m:      [Fleet.PullMessages] node_id=1515925248037934012
14:52:49 [92mINFO [0m:      [Fleet.PullMessages] node_id=18032865730134599964
14:52:49 [92mINFO [0m:      [Fleet.PullMessages] node_id=891238222138635164
14:52:52 [92mINFO [0m:      [Fleet.PullMessages] node_id=18032865730134599964
14:52:52 [92mINFO [0m:      [Fleet.PullMessages] node_id=1515925248037934012
14:52:52 [92mINFO [0m:      [Fleet.PullMessages] node_id=12420761571247958109
14:52:52 [92mINFO [0m:      [Fleet.PullMessages] node_id=891238222138635164
14:52:55 [92mINFO [0m:      [Fleet.PullMessages] node_id=12420761571247958109
14:52:55 [92mINFO [0m:      [Fleet.PullMessages] node_id=18032865730134599964
14:52:55 [92mINFO [0m:      [Fleet.PullMessages] node_id=1515925248037934012
14:52:55 [92mINFO [0m:      [Fleet.PullMessages] node_id=891238222138635164
14:52:58 [92mINFO [0m:      [Fleet.PullMessages] node_id=18032865730134599964
14:52:58 [92mINFO [0m:      [Fleet.PullMessages] node_id=1515925248037934012
14:52:58 [92mINFO [0m:      [Fleet.PullMessages] node_id=12420761571247958109
14:52:58 [92mINFO [0m:      [Fleet.PullMessages] node_id=891238222138635164
14:53:01 [92mINFO [0m:      [Fleet.PullMessages] node_id=18032865730134599964
14:53:01 [92mINFO [0m:      [Fleet.PullMessages] node_id=1515925248037934012
14:53:01 [92mINFO [0m:      [Fleet.PullMessages] node_id=12420761571247958109
14:53:01 [92mINFO [0m:      [Fleet.PullMessages] node_id=891238222138635164
14:53:04 [92mINFO [0m:      [Fleet.PullMessages] node_id=18032865730134599964
14:53:04 [92mINFO [0m:      [Fleet.PullMessages] node_id=1515925248037934012
14:53:04 [92mINFO [0m:      [Fleet.PullMessages] node_id=12420761571247958109
14:53:04 [92mINFO [0m:      [Fleet.PullMessages] node_id=891238222138635164
14:53:07 [92mINFO [0m:      [Fleet.PullMessages] node_id=18032865730134599964
14:53:07 [92mINFO [0m:      [Fleet.PullMessages] node_id=12420761571247958109
14:53:07 [92mINFO [0m:      [Fleet.PullMessages] node_id=1515925248037934012
14:53:07 [92mINFO [0m:      [Fleet.PullMessages] node_id=891238222138635164
14:53:10 [92mINFO [0m:      [Fleet.PullMessages] node_id=1515925248037934012
14:53:10 [92mINFO [0m:      [Fleet.PullMessages] node_id=12420761571247958109
14:53:10 [92mINFO [0m:      [Fleet.PullMessages] node_id=18032865730134599964
14:53:10 [92mINFO [0m:      [Fleet.PullMessages] node_id=891238222138635164
14:53:13 [92mINFO [0m:      [Fleet.PullMessages] node_id=12420761571247958109
14:53:13 [92mINFO [0m:      [Fleet.PullMessages] node_id=18032865730134599964
14:53:13 [92mINFO [0m:      [Fleet.PullMessages] node_id=1515925248037934012
14:53:13 [92mINFO [0m:      [Fleet.PullMessages] node_id=891238222138635164
14:53:16 [92mINFO [0m:      [Fleet.PullMessages] node_id=12420761571247958109
14:53:16 [92mINFO [0m:      [Fleet.PullMessages] node_id=18032865730134599964
14:53:16 [92mINFO [0m:      [Fleet.PullMessages] node_id=1515925248037934012
14:53:16 [92mINFO [0m:      [Fleet.PullMessages] node_id=891238222138635164
14:53:19 [92mINFO [0m:      [Fleet.PullMessages] node_id=18032865730134599964
14:53:19 [92mINFO [0m:      [Fleet.PullMessages] node_id=1515925248037934012
14:53:19 [92mINFO [0m:      [Fleet.PullMessages] node_id=12420761571247958109
14:53:19 [92mINFO [0m:      [Fleet.PullMessages] node_id=891238222138635164
14:53:22 [92mINFO [0m:      [Fleet.PullMessages] node_id=18032865730134599964
14:53:22 [92mINFO [0m:      [Fleet.PullMessages] node_id=12420761571247958109
14:53:22 [92mINFO [0m:      [Fleet.PullMessages] node_id=1515925248037934012
14:53:22 [92mINFO [0m:      [Fleet.PullMessages] node_id=891238222138635164
14:53:25 [92mINFO [0m:      [Fleet.PullMessages] node_id=18032865730134599964
14:53:25 [92mINFO [0m:      [Fleet.PullMessages] node_id=12420761571247958109
14:53:25 [92mINFO [0m:      [Fleet.PullMessages] node_id=1515925248037934012
14:53:25 [92mINFO [0m:      [Fleet.PullMessages] node_id=891238222138635164
14:53:28 [92mINFO [0m:      [Fleet.PullMessages] node_id=18032865730134599964
14:53:28 [92mINFO [0m:      [Fleet.PullMessages] node_id=12420761571247958109
14:53:28 [92mINFO [0m:      [Fleet.PullMessages] node_id=1515925248037934012
14:53:28 [92mINFO [0m:      [Fleet.PullMessages] node_id=891238222138635164
14:53:31 [92mINFO [0m:      [Fleet.PullMessages] node_id=12420761571247958109
14:53:31 [92mINFO [0m:      [Fleet.PullMessages] node_id=18032865730134599964
14:53:31 [92mINFO [0m:      [Fleet.PullMessages] node_id=1515925248037934012
14:53:31 [92mINFO [0m:      [Fleet.PullMessages] node_id=891238222138635164
14:53:34 [92mINFO [0m:      [Fleet.PullMessages] node_id=12420761571247958109
14:53:34 [92mINFO [0m:      [Fleet.PullMessages] node_id=1515925248037934012
14:53:34 [92mINFO [0m:      [Fleet.PullMessages] node_id=18032865730134599964
14:53:34 [92mINFO [0m:      [Fleet.PullMessages] node_id=891238222138635164
14:53:37 [92mINFO [0m:      [Fleet.PullMessages] node_id=1515925248037934012
14:53:37 [92mINFO [0m:      [Fleet.PullMessages] node_id=18032865730134599964
14:53:37 [92mINFO [0m:      [Fleet.PullMessages] node_id=12420761571247958109
14:53:37 [92mINFO [0m:      [Fleet.PullMessages] node_id=891238222138635164
14:53:40 [92mINFO [0m:      [Fleet.PullMessages] node_id=1515925248037934012
14:53:40 [92mINFO [0m:      [Fleet.PullMessages] node_id=18032865730134599964
14:53:40 [92mINFO [0m:      [Fleet.PullMessages] node_id=12420761571247958109
14:53:40 [92mINFO [0m:      [Fleet.PullMessages] node_id=891238222138635164
14:53:42 [92mINFO [0m:      ControlServicer.StreamLogs
14:53:43 [92mINFO [0m:      [Fleet.PullMessages] node_id=18032865730134599964
14:53:43 [92mINFO [0m:      [Fleet.PullMessages] node_id=1515925248037934012
14:53:43 [92mINFO [0m:      [Fleet.PullMessages] node_id=12420761571247958109
14:53:43 [92mINFO [0m:      [Fleet.PullMessages] node_id=891238222138635164
14:53:46 [92mINFO [0m:      [Fleet.PullMessages] node_id=18032865730134599964
14:53:46 [92mINFO [0m:      [Fleet.PullMessages] node_id=1515925248037934012
14:53:46 [92mINFO [0m:      [Fleet.PullMessages] node_id=12420761571247958109
14:53:46 [92mINFO [0m:      [Fleet.PullMessages] node_id=891238222138635164
14:53:49 [92mINFO [0m:      [Fleet.PullMessages] node_id=18032865730134599964
14:53:49 [92mINFO [0m:      [Fleet.PullMessages] node_id=12420761571247958109
14:53:49 [92mINFO [0m:      [Fleet.PullMessages] node_id=1515925248037934012
14:53:49 [92mINFO [0m:      [Fleet.PullMessages] node_id=891238222138635164
14:53:52 [92mINFO [0m:      [Fleet.PullMessages] node_id=1515925248037934012
14:53:52 [92mINFO [0m:      [Fleet.PullMessages] node_id=12420761571247958109
14:53:52 [92mINFO [0m:      [Fleet.PullMessages] node_id=18032865730134599964
14:53:52 [92mINFO [0m:      [Fleet.PullMessages] node_id=891238222138635164
14:53:55 [92mINFO [0m:      [Fleet.PullMessages] node_id=1515925248037934012
14:53:55 [92mINFO [0m:      [Fleet.PullMessages] node_id=12420761571247958109
14:53:55 [92mINFO [0m:      [Fleet.PullMessages] node_id=18032865730134599964
14:53:55 [92mINFO [0m:      [Fleet.PullMessages] node_id=891238222138635164
14:53:58 [92mINFO [0m:      [Fleet.PullMessages] node_id=18032865730134599964
14:53:58 [92mINFO [0m:      [Fleet.PullMessages] node_id=12420761571247958109
14:53:58 [92mINFO [0m:      [Fleet.PullMessages] node_id=1515925248037934012
14:53:58 [92mINFO [0m:      [Fleet.PullMessages] node_id=891238222138635164
