15:19:11 [92mINFO [0m:      Starting Flower SuperLink
15:19:11 [93mWARNING [0m:   Option `--insecure` was set. Starting insecure HTTP server with unencrypted communication (TLS disabled). Proceed only if you understand the risks.
15:19:11 [93mWARNING [0m:   SuperNode authentication is disabled. The SuperLink will accept connections from any SuperNode.
15:19:11 [92mINFO [0m:      Flower Deployment Runtime: Starting Control API on 0.0.0.0:9093
15:19:11 [92mINFO [0m:      Flower Deployment Runtime: Starting ServerAppIo API on 0.0.0.0:9091
15:19:11 [92mINFO [0m:      Flower Deployment Runtime: Starting Fleet API (gRPC-rere) on 0.0.0.0:9092
15:19:11 I0929 15:19:11.577817 3853303 fork_posix.cc:71] Other threads are currently calling into gRPC, skipping fork() handlers
15:19:11 I0929 15:19:11.582304 3853359 ev_poll_posix.cc:587] FD from fork parent still in poll list: fd(18, generation: 1)
15:19:11 I0929 15:19:11.582350 3853359 ev_poll_posix.cc:587] FD from fork parent still in poll list: fd(12, generation: 1)
15:19:11 I0929 15:19:11.582353 3853359 ev_poll_posix.cc:587] FD from fork parent still in poll list: fd(6, generation: 1)
15:19:11 I0929 15:19:11.583989 3853247 fork_posix.cc:71] Other threads are currently calling into gRPC, skipping fork() handlers
15:19:11 I0929 15:19:11.587179 3853392 ev_poll_posix.cc:587] FD from fork parent still in poll list: fd(18, generation: 1)
15:19:11 I0929 15:19:11.587249 3853392 ev_poll_posix.cc:587] FD from fork parent still in poll list: fd(12, generation: 1)
15:19:11 I0929 15:19:11.587251 3853392 ev_poll_posix.cc:587] FD from fork parent still in poll list: fd(6, generation: 1)
15:19:11 I0929 15:19:11.603535 3853303 fork_posix.cc:71] Other threads are currently calling into gRPC, skipping fork() handlers
15:19:11 I0929 15:19:11.606546 3853424 ev_poll_posix.cc:587] FD from fork parent still in poll list: fd(18, generation: 1)
15:19:11 I0929 15:19:11.606653 3853424 ev_poll_posix.cc:587] FD from fork parent still in poll list: fd(12, generation: 1)
15:19:11 I0929 15:19:11.606656 3853424 ev_poll_posix.cc:587] FD from fork parent still in poll list: fd(6, generation: 1)
15:19:12 [92mINFO [0m:      Starting Flower SuperExec
15:19:15 [92mINFO [0m:      [Fleet.ActivateNode] Activated node_id=7404142900057678788
15:19:15 [92mINFO [0m:      [Fleet.ActivateNode] Activated node_id=17559155593777058442
15:19:15 [92mINFO [0m:      [Fleet.ActivateNode] Activated node_id=1355200885494816835
15:19:15 [92mINFO [0m:      [Fleet.ActivateNode] Activated node_id=18069906350040356888
15:19:15 [92mINFO [0m:      [Fleet.ActivateNode] Activated node_id=13979921700086420179
15:19:15 [92mINFO [0m:      [Fleet.PullMessages] node_id=17559155593777058442
15:19:15 [92mINFO [0m:      [Fleet.PullMessages] node_id=7404142900057678788
15:19:15 [92mINFO [0m:      [Fleet.PullMessages] node_id=1355200885494816835
15:19:15 [92mINFO [0m:      [Fleet.PullMessages] node_id=18069906350040356888
15:19:15 [92mINFO [0m:      [Fleet.PullMessages] node_id=13979921700086420179
15:19:17 [92mINFO [0m:      ControlServicer.StartRun
15:19:17 [92mINFO [0m:      Created serverapp run 17256312238335460168
15:19:17 [92mINFO [0m:      ControlServicer.StreamLogs
15:19:18 [92mINFO [0m:      [Fleet.PullMessages] node_id=17559155593777058442
15:19:18 [92mINFO [0m:      [Fleet.PullMessages] node_id=7404142900057678788
15:19:18 [92mINFO [0m:      [Fleet.PullMessages] node_id=1355200885494816835
15:19:18 [92mINFO [0m:      [Fleet.PullMessages] node_id=18069906350040356888
15:19:18 [92mINFO [0m:      [Fleet.PullMessages] node_id=13979921700086420179
15:19:19 [92mINFO [0m:      Started task 4435582577712175500 of run 17256312238335460168
15:19:21 [92mINFO [0m:      [Fleet.PullMessages] node_id=17559155593777058442
15:19:21 [92mINFO [0m:      [Fleet.PullMessages] node_id=7404142900057678788
15:19:21 [92mINFO [0m:      [Fleet.PullMessages] node_id=1355200885494816835
15:19:21 [92mINFO [0m:      [Fleet.PullMessages] node_id=18069906350040356888
15:19:21 [92mINFO [0m:      [Fleet.PullMessages] node_id=13979921700086420179
15:19:24 [92mINFO [0m:      [Fleet.PullMessages] node_id=7404142900057678788
15:19:24 [92mINFO [0m:      [Fleet.PullMessages] node_id=17559155593777058442
15:19:24 [92mINFO [0m:      [Fleet.PullMessages] node_id=18069906350040356888
15:19:24 [92mINFO [0m:      [Fleet.PullMessages] node_id=13979921700086420179
15:19:24 [92mINFO [0m:      [Fleet.PullMessages] node_id=1355200885494816835
15:19:27 [92mINFO [0m:      [Fleet.PullMessages] node_id=17559155593777058442
15:19:27 [92mINFO [0m:      [Fleet.PullMessages] node_id=7404142900057678788
15:19:27 [92mINFO [0m:      [Fleet.PullMessages] node_id=1355200885494816835
15:19:27 [92mINFO [0m:      [Fleet.PullMessages] node_id=13979921700086420179
15:19:27 [92mINFO [0m:      [Fleet.PullMessages] node_id=18069906350040356888
15:19:30 [92mINFO [0m:      [Fleet.PullMessages] node_id=17559155593777058442
15:19:30 [92mINFO [0m:      [Fleet.PullMessages] node_id=7404142900057678788
15:19:30 [92mINFO [0m:      [Fleet.PullMessages] node_id=1355200885494816835
15:19:30 [92mINFO [0m:      [Fleet.PullMessages] node_id=18069906350040356888
15:19:30 [92mINFO [0m:      [Fleet.PullMessages] node_id=13979921700086420179
15:19:33 [92mINFO [0m:      [Fleet.PullMessages] node_id=17559155593777058442
15:19:33 [92mINFO [0m:      [Fleet.PullMessages] node_id=7404142900057678788
15:19:33 [92mINFO [0m:      [Fleet.PullMessages] node_id=1355200885494816835
15:19:33 [92mINFO [0m:      [Fleet.PullMessages] node_id=18069906350040356888
15:19:33 [92mINFO [0m:      [Fleet.PullMessages] node_id=13979921700086420179
15:19:36 [92mINFO [0m:      [Fleet.PullMessages] node_id=17559155593777058442
15:19:36 [92mINFO [0m:      [Fleet.PullMessages] node_id=7404142900057678788
15:19:36 [92mINFO [0m:      [Fleet.PullMessages] node_id=18069906350040356888
15:19:36 [92mINFO [0m:      [Fleet.PullMessages] node_id=13979921700086420179
15:19:36 [92mINFO [0m:      [Fleet.PullMessages] node_id=1355200885494816835
15:19:39 [92mINFO [0m:      [Fleet.PullMessages] node_id=7404142900057678788
15:19:39 [92mINFO [0m:      [Fleet.PullMessages] node_id=17559155593777058442
15:19:39 [92mINFO [0m:      [Fleet.PullMessages] node_id=1355200885494816835
15:19:39 [92mINFO [0m:      [Fleet.PullMessages] node_id=13979921700086420179
15:19:39 [92mINFO [0m:      [Fleet.PullMessages] node_id=18069906350040356888
15:19:42 [92mINFO [0m:      [Fleet.PullMessages] node_id=17559155593777058442
15:19:42 [92mINFO [0m:      [Fleet.PullMessages] node_id=7404142900057678788
15:19:42 [92mINFO [0m:      [Fleet.PullMessages] node_id=13979921700086420179
15:19:42 [92mINFO [0m:      [Fleet.PullMessages] node_id=18069906350040356888
15:19:42 [92mINFO [0m:      [Fleet.PullMessages] node_id=1355200885494816835
15:19:45 [92mINFO [0m:      [Fleet.PullMessages] node_id=17559155593777058442
15:19:45 [92mINFO [0m:      [Fleet.PullMessages] node_id=7404142900057678788
15:19:45 [92mINFO [0m:      [Fleet.PullMessages] node_id=1355200885494816835
15:19:45 [92mINFO [0m:      [Fleet.PullMessages] node_id=13979921700086420179
15:19:45 [92mINFO [0m:      [Fleet.PullMessages] node_id=18069906350040356888
15:19:48 [92mINFO [0m:      [Fleet.PullMessages] node_id=7404142900057678788
15:19:48 [92mINFO [0m:      [Fleet.PullMessages] node_id=17559155593777058442
15:19:48 [92mINFO [0m:      [Fleet.PullMessages] node_id=18069906350040356888
15:19:48 [92mINFO [0m:      [Fleet.PullMessages] node_id=1355200885494816835
15:19:48 [92mINFO [0m:      [Fleet.PullMessages] node_id=13979921700086420179
15:19:51 [92mINFO [0m:      [Fleet.PullMessages] node_id=17559155593777058442
15:19:51 [92mINFO [0m:      [Fleet.PullMessages] node_id=7404142900057678788
15:19:51 [92mINFO [0m:      [Fleet.PullMessages] node_id=18069906350040356888
15:19:51 [92mINFO [0m:      [Fleet.PullMessages] node_id=13979921700086420179
15:19:51 [92mINFO [0m:      [Fleet.PullMessages] node_id=1355200885494816835
15:19:54 [92mINFO [0m:      [Fleet.PullMessages] node_id=17559155593777058442
15:19:54 [92mINFO [0m:      [Fleet.PullMessages] node_id=7404142900057678788
15:19:54 [92mINFO [0m:      [Fleet.PullMessages] node_id=18069906350040356888
15:19:54 [92mINFO [0m:      [Fleet.PullMessages] node_id=1355200885494816835
15:19:54 [92mINFO [0m:      [Fleet.PullMessages] node_id=13979921700086420179
15:19:57 [92mINFO [0m:      [Fleet.PullMessages] node_id=7404142900057678788
15:19:57 [92mINFO [0m:      [Fleet.PullMessages] node_id=17559155593777058442
15:19:57 [92mINFO [0m:      [Fleet.PullMessages] node_id=1355200885494816835
15:19:57 [92mINFO [0m:      [Fleet.PullMessages] node_id=18069906350040356888
15:19:57 [92mINFO [0m:      [Fleet.PullMessages] node_id=13979921700086420179
15:20:00 [92mINFO [0m:      [Fleet.PullMessages] node_id=1355200885494816835
15:20:00 [92mINFO [0m:      [Fleet.PullMessages] node_id=13979921700086420179
15:20:00 [92mINFO [0m:      [Fleet.PullMessages] node_id=18069906350040356888
15:20:00 [92mINFO [0m:      [Fleet.PullMessages] node_id=17559155593777058442
15:20:00 [92mINFO [0m:      [Fleet.PullMessages] node_id=7404142900057678788
15:20:03 [92mINFO [0m:      [Fleet.PullMessages] node_id=17559155593777058442
15:20:03 [92mINFO [0m:      [Fleet.PullMessages] node_id=1355200885494816835
15:20:03 [92mINFO [0m:      [Fleet.PullMessages] node_id=13979921700086420179
15:20:03 [92mINFO [0m:      [Fleet.PullMessages] node_id=18069906350040356888
15:20:03 [92mINFO [0m:      [Fleet.PullMessages] node_id=7404142900057678788
15:20:06 [92mINFO [0m:      [Fleet.PullMessages] node_id=17559155593777058442
15:20:06 [92mINFO [0m:      [Fleet.PullMessages] node_id=1355200885494816835
15:20:06 [92mINFO [0m:      [Fleet.PullMessages] node_id=13979921700086420179
15:20:06 [92mINFO [0m:      [Fleet.PullMessages] node_id=7404142900057678788
15:20:06 [92mINFO [0m:      [Fleet.PullMessages] node_id=18069906350040356888
15:20:09 [92mINFO [0m:      [Fleet.PullMessages] node_id=17559155593777058442
15:20:09 [92mINFO [0m:      [Fleet.PullMessages] node_id=13979921700086420179
15:20:09 [92mINFO [0m:      [Fleet.PullMessages] node_id=18069906350040356888
15:20:09 [92mINFO [0m:      [Fleet.PullMessages] node_id=1355200885494816835
15:20:09 [92mINFO [0m:      [Fleet.PullMessages] node_id=7404142900057678788
15:20:12 [92mINFO [0m:      [Fleet.PullMessages] node_id=17559155593777058442
15:20:12 [92mINFO [0m:      [Fleet.GetRun] Requesting `Run` for run_id=17256312238335460168
15:20:12 [92mINFO [0m:      [Fleet.PullMessages] node_id=13979921700086420179
15:20:12 [92mINFO [0m:      [Fleet.GetFab] Requesting FAB for fab_hash=b2f2ad9c950fff1e6474eb597eb37bcc9c3663b43d53ca726055c1d34df21669
15:20:12 [92mINFO [0m:      [Fleet.PullMessages] node_id=1355200885494816835
15:20:12 [92mINFO [0m:      [Fleet.PullMessages] node_id=18069906350040356888
15:20:12 [92mINFO [0m:      [Fleet.PullMessages] node_id=7404142900057678788
15:20:12 [92mINFO [0m:      [Fleet.GetRun] Requesting `Run` for run_id=17256312238335460168
15:20:12 [92mINFO [0m:      [Fleet.GetRun] Requesting `Run` for run_id=17256312238335460168
15:20:12 [92mINFO [0m:      [Fleet.GetRun] Requesting `Run` for run_id=17256312238335460168
15:20:12 [92mINFO [0m:      [Fleet.GetRun] Requesting `Run` for run_id=17256312238335460168
15:20:12 [92mINFO [0m:      [Fleet.GetFab] Requesting FAB for fab_hash=b2f2ad9c950fff1e6474eb597eb37bcc9c3663b43d53ca726055c1d34df21669
15:20:12 [92mINFO [0m:      [Fleet.GetFab] Requesting FAB for fab_hash=b2f2ad9c950fff1e6474eb597eb37bcc9c3663b43d53ca726055c1d34df21669
15:20:12 [92mINFO [0m:      [Fleet.GetFab] Requesting FAB for fab_hash=b2f2ad9c950fff1e6474eb597eb37bcc9c3663b43d53ca726055c1d34df21669
15:20:12 [92mINFO [0m:      [Fleet.GetFab] Requesting FAB for fab_hash=b2f2ad9c950fff1e6474eb597eb37bcc9c3663b43d53ca726055c1d34df21669
15:20:17 [92mINFO [0m:      ControlServicer.StreamLogs
15:20:21 [92mINFO [0m:      [Fleet.PushMessages] Push replies from node_id=13979921700086420179
15:20:21 [92mINFO [0m:      [Fleet.PushMessages] Push replies from node_id=1355200885494816835
15:20:21 [92mINFO [0m:      [Fleet.PushMessages] Push replies from node_id=7404142900057678788
15:20:21 [92mINFO [0m:      [Fleet.PullMessages] node_id=13979921700086420179
15:20:21 [92mINFO [0m:      [Fleet.PullMessages] node_id=1355200885494816835
15:20:21 [92mINFO [0m:      [Fleet.PullMessages] node_id=7404142900057678788
15:20:21 [92mINFO [0m:      [Fleet.PushMessages] Push replies from node_id=17559155593777058442
15:20:21 [92mINFO [0m:      [Fleet.PullMessages] node_id=17559155593777058442
15:20:22 [92mINFO [0m:      [Fleet.PushMessages] Push replies from node_id=18069906350040356888
15:20:22 [92mINFO [0m:      [Fleet.PullMessages] node_id=18069906350040356888
15:20:24 [92mINFO [0m:      [Fleet.PullMessages] node_id=13979921700086420179
15:20:24 [92mINFO [0m:      [Fleet.PullMessages] node_id=1355200885494816835
15:20:24 [92mINFO [0m:      [Fleet.PullMessages] node_id=7404142900057678788
15:20:24 [92mINFO [0m:      [Fleet.PullMessages] node_id=17559155593777058442
15:20:25 [92mINFO [0m:      [Fleet.PullMessages] node_id=18069906350040356888
15:20:27 [92mINFO [0m:      [Fleet.PullMessages] node_id=13979921700086420179
15:20:27 [92mINFO [0m:      [Fleet.PullMessages] node_id=1355200885494816835
15:20:27 [92mINFO [0m:      [Fleet.PullMessages] node_id=7404142900057678788
15:20:27 [92mINFO [0m:      [Fleet.PullMessages] node_id=17559155593777058442
15:20:29 [92mINFO [0m:      [Fleet.PushMessages] Push replies from node_id=18069906350040356888
15:20:29 [92mINFO [0m:      [Fleet.PullMessages] node_id=18069906350040356888
15:20:30 [92mINFO [0m:      [Fleet.PushMessages] Push replies from node_id=13979921700086420179
15:20:30 [92mINFO [0m:      [Fleet.PullMessages] node_id=13979921700086420179
15:20:31 [92mINFO [0m:      [Fleet.PushMessages] Push replies from node_id=1355200885494816835
15:20:31 [92mINFO [0m:      [Fleet.PushMessages] Push replies from node_id=7404142900057678788
15:20:31 [92mINFO [0m:      [Fleet.PullMessages] node_id=1355200885494816835
15:20:31 [92mINFO [0m:      [Fleet.PullMessages] node_id=7404142900057678788
15:20:32 [92mINFO [0m:      [Fleet.PullMessages] node_id=18069906350040356888
15:20:32 [92mINFO [0m:      [Fleet.PushMessages] Push replies from node_id=17559155593777058442
15:20:32 [92mINFO [0m:      [Fleet.PullMessages] node_id=17559155593777058442
15:20:33 [92mINFO [0m:      [Fleet.PullMessages] node_id=13979921700086420179
15:20:34 [92mINFO [0m:      [Fleet.PullMessages] node_id=7404142900057678788
15:20:34 [92mINFO [0m:      [Fleet.PullMessages] node_id=1355200885494816835
15:20:35 [92mINFO [0m:      [Fleet.PullMessages] node_id=18069906350040356888
15:20:35 [92mINFO [0m:      [Fleet.PullMessages] node_id=17559155593777058442
15:20:36 [92mINFO [0m:      [Fleet.PullMessages] node_id=13979921700086420179
15:20:38 [92mINFO [0m:      [Fleet.PushMessages] Push replies from node_id=7404142900057678788
15:20:38 [92mINFO [0m:      [Fleet.PushMessages] Push replies from node_id=1355200885494816835
15:20:38 [92mINFO [0m:      [Fleet.PullMessages] node_id=7404142900057678788
15:20:38 [92mINFO [0m:      [Fleet.PullMessages] node_id=1355200885494816835
15:20:39 [92mINFO [0m:      [Fleet.PushMessages] Push replies from node_id=18069906350040356888
15:20:40 [92mINFO [0m:      [Fleet.PullMessages] node_id=18069906350040356888
15:20:40 [92mINFO [0m:      [Fleet.PushMessages] Push replies from node_id=17559155593777058442
15:20:40 [92mINFO [0m:      [Fleet.PullMessages] node_id=17559155593777058442
15:20:41 [92mINFO [0m:      [Fleet.PushMessages] Push replies from node_id=13979921700086420179
15:20:41 [92mINFO [0m:      [Fleet.PullMessages] node_id=13979921700086420179
15:20:41 [92mINFO [0m:      [Fleet.PullMessages] node_id=7404142900057678788
15:20:41 [92mINFO [0m:      [Fleet.PullMessages] node_id=1355200885494816835
15:20:43 [92mINFO [0m:      [Fleet.PullMessages] node_id=18069906350040356888
15:20:43 [92mINFO [0m:      [Fleet.PullMessages] node_id=17559155593777058442
15:20:44 [92mINFO [0m:      [Fleet.PullMessages] node_id=13979921700086420179
15:20:44 [92mINFO [0m:      [Fleet.PullMessages] node_id=7404142900057678788
15:20:44 [92mINFO [0m:      [Fleet.PullMessages] node_id=1355200885494816835
15:20:46 [92mINFO [0m:      [Fleet.PullMessages] node_id=18069906350040356888
15:20:47 [92mINFO [0m:      [Fleet.PushMessages] Push replies from node_id=17559155593777058442
15:20:47 [92mINFO [0m:      [Fleet.PullMessages] node_id=17559155593777058442
15:20:47 [92mINFO [0m:      [Fleet.PushMessages] Push replies from node_id=13979921700086420179
15:20:47 [92mINFO [0m:      [Fleet.PullMessages] node_id=13979921700086420179
15:20:48 [92mINFO [0m:      [Fleet.PushMessages] Push replies from node_id=1355200885494816835
15:20:48 [92mINFO [0m:      [Fleet.PushMessages] Push replies from node_id=7404142900057678788
15:20:48 [92mINFO [0m:      [Fleet.PullMessages] node_id=1355200885494816835
15:20:48 [92mINFO [0m:      [Fleet.PullMessages] node_id=7404142900057678788
15:20:50 [92mINFO [0m:      [Fleet.PullMessages] node_id=17559155593777058442
15:20:50 [92mINFO [0m:      [Fleet.PushMessages] Push replies from node_id=18069906350040356888
15:20:50 [92mINFO [0m:      [Fleet.PullMessages] node_id=18069906350040356888
15:20:50 [92mINFO [0m:      [Fleet.PullMessages] node_id=13979921700086420179
15:20:51 [92mINFO [0m:      [Fleet.PullMessages] node_id=1355200885494816835
15:20:51 [92mINFO [0m:      [Fleet.PullMessages] node_id=7404142900057678788
15:20:53 [92mINFO [0m:      [Fleet.PullMessages] node_id=17559155593777058442
15:20:53 [92mINFO [0m:      [Fleet.PullMessages] node_id=18069906350040356888
15:20:53 [92mINFO [0m:      [Fleet.PullMessages] node_id=13979921700086420179
15:20:54 [92mINFO [0m:      [Fleet.PullMessages] node_id=7404142900057678788
15:20:54 [92mINFO [0m:      [Fleet.PullMessages] node_id=1355200885494816835
15:20:56 [92mINFO [0m:      [Fleet.PushMessages] Push replies from node_id=13979921700086420179
15:20:56 [92mINFO [0m:      [Fleet.PullMessages] node_id=13979921700086420179
15:20:57 [92mINFO [0m:      [Fleet.PushMessages] Push replies from node_id=17559155593777058442
15:20:57 [92mINFO [0m:      [Fleet.PullMessages] node_id=17559155593777058442
15:20:57 [92mINFO [0m:      [Fleet.PushMessages] Push replies from node_id=18069906350040356888
15:20:57 [92mINFO [0m:      [Fleet.PullMessages] node_id=18069906350040356888
15:20:58 [92mINFO [0m:      [Fleet.PushMessages] Push replies from node_id=1355200885494816835
15:20:58 [92mINFO [0m:      [Fleet.PushMessages] Push replies from node_id=7404142900057678788
15:20:58 [92mINFO [0m:      [Fleet.PullMessages] node_id=1355200885494816835
15:20:58 [92mINFO [0m:      [Fleet.PullMessages] node_id=7404142900057678788
15:20:59 [92mINFO [0m:      [Fleet.PullMessages] node_id=13979921700086420179
15:21:00 [92mINFO [0m:      [Fleet.PullMessages] node_id=17559155593777058442
15:21:00 [92mINFO [0m:      [Fleet.PullMessages] node_id=18069906350040356888
15:21:01 [92mINFO [0m:      [Fleet.PullMessages] node_id=1355200885494816835
15:21:02 [92mINFO [0m:      [Fleet.PullMessages] node_id=7404142900057678788
15:21:02 [92mINFO [0m:      [Fleet.PullMessages] node_id=13979921700086420179
15:21:03 [92mINFO [0m:      [Fleet.PullMessages] node_id=17559155593777058442
15:21:03 [92mINFO [0m:      [Fleet.PullMessages] node_id=18069906350040356888
15:21:06 [92mINFO [0m:      [Fleet.PushMessages] Push replies from node_id=1355200885494816835
15:21:06 [92mINFO [0m:      [Fleet.PushMessages] Push replies from node_id=7404142900057678788
15:21:06 [92mINFO [0m:      [Fleet.PullMessages] node_id=1355200885494816835
15:21:06 [92mINFO [0m:      [Fleet.PullMessages] node_id=7404142900057678788
15:21:06 [92mINFO [0m:      [Fleet.PushMessages] Push replies from node_id=13979921700086420179
15:21:06 [92mINFO [0m:      [Fleet.PullMessages] node_id=13979921700086420179
15:21:07 [92mINFO [0m:      [Fleet.PushMessages] Push replies from node_id=17559155593777058442
15:21:07 [92mINFO [0m:      [Fleet.PullMessages] node_id=17559155593777058442
15:21:07 [92mINFO [0m:      [Fleet.PushMessages] Push replies from node_id=18069906350040356888
15:21:07 [92mINFO [0m:      [Fleet.PullMessages] node_id=18069906350040356888
15:21:09 [92mINFO [0m:      [Fleet.PullMessages] node_id=1355200885494816835
15:21:09 [92mINFO [0m:      [Fleet.PullMessages] node_id=7404142900057678788
15:21:09 [92mINFO [0m:      [Fleet.PullMessages] node_id=13979921700086420179
15:21:10 [92mINFO [0m:      [Fleet.PullMessages] node_id=17559155593777058442
15:21:10 [92mINFO [0m:      [Fleet.PullMessages] node_id=18069906350040356888
15:21:12 [92mINFO [0m:      [Fleet.PullMessages] node_id=1355200885494816835
15:21:12 [92mINFO [0m:      [Fleet.PullMessages] node_id=7404142900057678788
15:21:12 [92mINFO [0m:      [Fleet.PullMessages] node_id=13979921700086420179
15:21:13 [92mINFO [0m:      [Fleet.PullMessages] node_id=17559155593777058442
15:21:15 [92mINFO [0m:      [Fleet.PushMessages] Push replies from node_id=18069906350040356888
15:21:16 [92mINFO [0m:      [Fleet.PullMessages] node_id=18069906350040356888
15:21:16 [92mINFO [0m:      [Fleet.PushMessages] Push replies from node_id=7404142900057678788
15:21:16 [92mINFO [0m:      [Fleet.PushMessages] Push replies from node_id=1355200885494816835
15:21:16 [92mINFO [0m:      [Fleet.PullMessages] node_id=7404142900057678788
15:21:16 [92mINFO [0m:      [Fleet.PullMessages] node_id=1355200885494816835
15:21:17 [92mINFO [0m:      [Fleet.PushMessages] Push replies from node_id=17559155593777058442
15:21:17 [92mINFO [0m:      [Fleet.PullMessages] node_id=17559155593777058442
15:21:17 [92mINFO [0m:      [Fleet.PushMessages] Push replies from node_id=13979921700086420179
15:21:17 [92mINFO [0m:      [Fleet.PullMessages] node_id=13979921700086420179
15:21:18 [92mINFO [0m:      ControlServicer.StreamLogs
15:21:19 [92mINFO [0m:      [Fleet.PullMessages] node_id=18069906350040356888
15:21:19 [92mINFO [0m:      [Fleet.PullMessages] node_id=7404142900057678788
15:21:19 [92mINFO [0m:      [Fleet.PullMessages] node_id=1355200885494816835
15:21:20 [92mINFO [0m:      [Fleet.PullMessages] node_id=17559155593777058442
15:21:20 [92mINFO [0m:      [Fleet.PullMessages] node_id=13979921700086420179
15:21:22 [92mINFO [0m:      [Fleet.PullMessages] node_id=18069906350040356888
15:21:22 [92mINFO [0m:      [Fleet.PullMessages] node_id=7404142900057678788
15:21:22 [92mINFO [0m:      [Fleet.PullMessages] node_id=1355200885494816835
15:21:24 [92mINFO [0m:      [Fleet.PushMessages] Push replies from node_id=17559155593777058442
15:21:24 [92mINFO [0m:      [Fleet.PullMessages] node_id=17559155593777058442
15:21:24 [92mINFO [0m:      [Fleet.PushMessages] Push replies from node_id=13979921700086420179
15:21:24 [92mINFO [0m:      [Fleet.PullMessages] node_id=13979921700086420179
15:21:25 [92mINFO [0m:      [Fleet.PushMessages] Push replies from node_id=1355200885494816835
15:21:25 [92mINFO [0m:      [Fleet.PushMessages] Push replies from node_id=7404142900057678788
15:21:25 [92mINFO [0m:      [Fleet.PullMessages] node_id=1355200885494816835
15:21:25 [92mINFO [0m:      [Fleet.PullMessages] node_id=7404142900057678788
15:21:26 [92mINFO [0m:      [Fleet.PushMessages] Push replies from node_id=18069906350040356888
15:21:26 [92mINFO [0m:      [Fleet.PullMessages] node_id=18069906350040356888
15:21:27 [92mINFO [0m:      [Fleet.PullMessages] node_id=17559155593777058442
15:21:27 [92mINFO [0m:      [Fleet.PullMessages] node_id=13979921700086420179
15:21:28 [92mINFO [0m:      [Fleet.PullMessages] node_id=1355200885494816835
15:21:28 [92mINFO [0m:      [Fleet.PullMessages] node_id=7404142900057678788
15:21:29 [92mINFO [0m:      [Fleet.PullMessages] node_id=18069906350040356888
15:21:30 [92mINFO [0m:      [Fleet.PullMessages] node_id=17559155593777058442
15:21:30 [92mINFO [0m:      [Fleet.PullMessages] node_id=13979921700086420179
15:21:32 [92mINFO [0m:      [Fleet.PushMessages] Push replies from node_id=1355200885494816835
15:21:32 [92mINFO [0m:      [Fleet.PullMessages] node_id=1355200885494816835
15:21:33 [92mINFO [0m:      [Fleet.PushMessages] Push replies from node_id=7404142900057678788
15:21:33 [92mINFO [0m:      [Fleet.PullMessages] node_id=7404142900057678788
15:21:33 [92mINFO [0m:      [Fleet.PushMessages] Push replies from node_id=18069906350040356888
15:21:33 [92mINFO [0m:      [Fleet.PullMessages] node_id=18069906350040356888
15:21:34 [92mINFO [0m:      [Fleet.PushMessages] Push replies from node_id=17559155593777058442
15:21:34 [92mINFO [0m:      [Fleet.PullMessages] node_id=17559155593777058442
15:21:34 [92mINFO [0m:      [Fleet.PushMessages] Push replies from node_id=13979921700086420179
15:21:34 [92mINFO [0m:      [Fleet.PullMessages] node_id=13979921700086420179
15:21:35 [92mINFO [0m:      [Fleet.PullMessages] node_id=1355200885494816835
15:21:36 [92mINFO [0m:      [Fleet.PullMessages] node_id=7404142900057678788
15:21:36 [92mINFO [0m:      [Fleet.PullMessages] node_id=18069906350040356888
15:21:37 [92mINFO [0m:      [Fleet.PullMessages] node_id=17559155593777058442
15:21:37 [92mINFO [0m:      [Fleet.PullMessages] node_id=13979921700086420179
15:21:39 [92mINFO [0m:      [Fleet.PushMessages] Push replies from node_id=1355200885494816835
15:21:39 [92mINFO [0m:      [Fleet.PullMessages] node_id=1355200885494816835
15:21:40 [92mINFO [0m:      [Fleet.PushMessages] Push replies from node_id=7404142900057678788
15:21:40 [92mINFO [0m:      [Fleet.PullMessages] node_id=7404142900057678788
15:21:40 [92mINFO [0m:      [Fleet.PushMessages] Push replies from node_id=18069906350040356888
15:21:40 [92mINFO [0m:      [Fleet.PullMessages] node_id=18069906350040356888
15:21:41 [92mINFO [0m:      [Fleet.PushMessages] Push replies from node_id=17559155593777058442
15:21:41 [92mINFO [0m:      [Fleet.PullMessages] node_id=17559155593777058442
15:21:41 [92mINFO [0m:      [Fleet.PushMessages] Push replies from node_id=13979921700086420179
15:21:41 [92mINFO [0m:      [Fleet.PullMessages] node_id=13979921700086420179
15:21:42 [92mINFO [0m:      [Fleet.PullMessages] node_id=1355200885494816835
15:21:43 [92mINFO [0m:      [Fleet.PullMessages] node_id=7404142900057678788
15:21:43 [92mINFO [0m:      [Fleet.PullMessages] node_id=18069906350040356888
15:21:44 [92mINFO [0m:      [Fleet.PullMessages] node_id=17559155593777058442
15:21:44 [92mINFO [0m:      [Fleet.PullMessages] node_id=13979921700086420179
15:21:45 [92mINFO [0m:      [Fleet.PullMessages] node_id=1355200885494816835
15:21:47 [92mINFO [0m:      [Fleet.PushMessages] Push replies from node_id=7404142900057678788
15:21:47 [92mINFO [0m:      [Fleet.PullMessages] node_id=7404142900057678788
15:21:47 [92mINFO [0m:      [Fleet.PushMessages] Push replies from node_id=18069906350040356888
15:21:47 [92mINFO [0m:      [Fleet.PullMessages] node_id=18069906350040356888
15:21:48 [92mINFO [0m:      [Fleet.PushMessages] Push replies from node_id=17559155593777058442
15:21:48 [92mINFO [0m:      [Fleet.PullMessages] node_id=17559155593777058442
15:21:48 [92mINFO [0m:      [Fleet.PushMessages] Push replies from node_id=13979921700086420179
15:21:48 [92mINFO [0m:      [Fleet.PullMessages] node_id=13979921700086420179
15:21:49 [92mINFO [0m:      [Fleet.PushMessages] Push replies from node_id=1355200885494816835
15:21:49 [92mINFO [0m:      [Fleet.PullMessages] node_id=1355200885494816835
15:21:50 [92mINFO [0m:      [Fleet.PullMessages] node_id=7404142900057678788
15:21:50 [92mINFO [0m:      [Fleet.PullMessages] node_id=18069906350040356888
15:21:51 [92mINFO [0m:      [Fleet.PullMessages] node_id=17559155593777058442
15:21:51 [92mINFO [0m:      [Fleet.PullMessages] node_id=13979921700086420179
15:21:52 [92mINFO [0m:      [Fleet.PullMessages] node_id=1355200885494816835
15:21:53 [92mINFO [0m:      [Fleet.PullMessages] node_id=7404142900057678788
15:21:53 [92mINFO [0m:      [Fleet.PullMessages] node_id=18069906350040356888
15:21:54 [92mINFO [0m:      [Fleet.PullMessages] node_id=17559155593777058442
15:21:54 [92mINFO [0m:      [Fleet.PullMessages] node_id=13979921700086420179
15:21:56 [92mINFO [0m:      [Fleet.PushMessages] Push replies from node_id=1355200885494816835
15:21:56 [92mINFO [0m:      [Fleet.PullMessages] node_id=1355200885494816835
15:21:57 [92mINFO [0m:      [Fleet.PushMessages] Push replies from node_id=7404142900057678788
15:21:57 [92mINFO [0m:      [Fleet.PullMessages] node_id=7404142900057678788
15:21:58 [92mINFO [0m:      [Fleet.PushMessages] Push replies from node_id=18069906350040356888
15:21:58 [92mINFO [0m:      [Fleet.PullMessages] node_id=18069906350040356888
15:21:58 [92mINFO [0m:      [Fleet.PushMessages] Push replies from node_id=13979921700086420179
15:21:58 [92mINFO [0m:      [Fleet.PullMessages] node_id=13979921700086420179
15:21:58 [92mINFO [0m:      [Fleet.PushMessages] Push replies from node_id=17559155593777058442
15:21:58 [92mINFO [0m:      [Fleet.PullMessages] node_id=17559155593777058442
15:21:59 [92mINFO [0m:      [Fleet.PullMessages] node_id=1355200885494816835
15:22:00 [92mINFO [0m:      [Fleet.PullMessages] node_id=7404142900057678788
15:22:01 [92mINFO [0m:      [Fleet.PullMessages] node_id=18069906350040356888
15:22:01 [92mINFO [0m:      [Fleet.PullMessages] node_id=13979921700086420179
15:22:01 [92mINFO [0m:      [Fleet.PullMessages] node_id=17559155593777058442
15:22:03 [92mINFO [0m:      [Fleet.PushMessages] Push replies from node_id=1355200885494816835
15:22:03 [92mINFO [0m:      [Fleet.PullMessages] node_id=1355200885494816835
15:22:04 [92mINFO [0m:      [Fleet.PushMessages] Push replies from node_id=7404142900057678788
15:22:04 [92mINFO [0m:      [Fleet.PullMessages] node_id=7404142900057678788
15:22:05 [92mINFO [0m:      [Fleet.PushMessages] Push replies from node_id=18069906350040356888
15:22:05 [92mINFO [0m:      [Fleet.PushMessages] Push replies from node_id=17559155593777058442
15:22:05 [92mINFO [0m:      [Fleet.PullMessages] node_id=17559155593777058442
15:22:05 [92mINFO [0m:      [Fleet.PullMessages] node_id=18069906350040356888
15:22:05 [92mINFO [0m:      [Fleet.PushMessages] Push replies from node_id=13979921700086420179
15:22:05 [92mINFO [0m:      [Fleet.PullMessages] node_id=13979921700086420179
15:22:06 [92mINFO [0m:      [Fleet.PullMessages] node_id=1355200885494816835
15:22:07 [92mINFO [0m:      [Fleet.PullMessages] node_id=7404142900057678788
15:22:08 [92mINFO [0m:      [Fleet.PullMessages] node_id=18069906350040356888
15:22:08 [92mINFO [0m:      [Fleet.PullMessages] node_id=17559155593777058442
15:22:08 [92mINFO [0m:      [Fleet.PullMessages] node_id=13979921700086420179
15:22:09 [92mINFO [0m:      [Fleet.PullMessages] node_id=1355200885494816835
15:22:10 [92mINFO [0m:      [Fleet.PullMessages] node_id=7404142900057678788
15:22:12 [92mINFO [0m:      [Fleet.PushMessages] Push replies from node_id=13979921700086420179
15:22:12 [92mINFO [0m:      [Fleet.PullMessages] node_id=13979921700086420179
15:22:12 [92mINFO [0m:      [Fleet.PushMessages] Push replies from node_id=17559155593777058442
15:22:12 [92mINFO [0m:      [Fleet.PullMessages] node_id=17559155593777058442
15:22:13 [92mINFO [0m:      [Fleet.PushMessages] Push replies from node_id=18069906350040356888
15:22:13 [92mINFO [0m:      [Fleet.PullMessages] node_id=18069906350040356888
15:22:13 [92mINFO [0m:      [Fleet.PushMessages] Push replies from node_id=1355200885494816835
15:22:13 [92mINFO [0m:      [Fleet.PullMessages] node_id=1355200885494816835
15:22:14 [92mINFO [0m:      [Fleet.PushMessages] Push replies from node_id=7404142900057678788
15:22:14 [92mINFO [0m:      [Fleet.PullMessages] node_id=7404142900057678788
15:22:15 [92mINFO [0m:      [Fleet.PullMessages] node_id=13979921700086420179
15:22:15 [92mINFO [0m:      [Fleet.PullMessages] node_id=17559155593777058442
15:22:16 [92mINFO [0m:      [Fleet.PullMessages] node_id=18069906350040356888
15:22:16 [92mINFO [0m:      [Fleet.PullMessages] node_id=1355200885494816835
15:22:17 [92mINFO [0m:      [Fleet.PullMessages] node_id=7404142900057678788
15:22:18 [92mINFO [0m:      [Fleet.PullMessages] node_id=13979921700086420179
15:22:18 [92mINFO [0m:      ControlServicer.StreamLogs
15:22:18 [92mINFO [0m:      [Fleet.PullMessages] node_id=17559155593777058442
15:22:19 [92mINFO [0m:      [Fleet.PullMessages] node_id=18069906350040356888
15:22:19 [92mINFO [0m:      [Fleet.PullMessages] node_id=1355200885494816835
15:22:22 [92mINFO [0m:      [Fleet.PushMessages] Push replies from node_id=7404142900057678788
15:22:22 [92mINFO [0m:      [Fleet.PullMessages] node_id=7404142900057678788
15:22:22 [92mINFO [0m:      [Fleet.PushMessages] Push replies from node_id=13979921700086420179
15:22:22 [92mINFO [0m:      [Fleet.PullMessages] node_id=13979921700086420179
15:22:23 [92mINFO [0m:      [Fleet.PushMessages] Push replies from node_id=17559155593777058442
15:22:23 [92mINFO [0m:      [Fleet.PullMessages] node_id=17559155593777058442
15:22:23 [92mINFO [0m:      [Fleet.PushMessages] Push replies from node_id=18069906350040356888
15:22:23 [92mINFO [0m:      [Fleet.PullMessages] node_id=18069906350040356888
15:22:23 [92mINFO [0m:      [Fleet.PushMessages] Push replies from node_id=1355200885494816835
15:22:23 [92mINFO [0m:      [Fleet.PullMessages] node_id=1355200885494816835
15:22:25 [92mINFO [0m:      [Fleet.PullMessages] node_id=7404142900057678788
15:22:25 [92mINFO [0m:      [Fleet.PullMessages] node_id=13979921700086420179
15:22:26 [92mINFO [0m:      [Fleet.PullMessages] node_id=17559155593777058442
15:22:26 [92mINFO [0m:      [Fleet.PullMessages] node_id=18069906350040356888
15:22:26 [92mINFO [0m:      [Fleet.PullMessages] node_id=1355200885494816835
15:22:28 [92mINFO [0m:      [Fleet.PullMessages] node_id=7404142900057678788
15:22:28 [92mINFO [0m:      [Fleet.PullMessages] node_id=13979921700086420179
15:22:30 [92mINFO [0m:      [Fleet.PushMessages] Push replies from node_id=17559155593777058442
15:22:30 [92mINFO [0m:      [Fleet.PullMessages] node_id=17559155593777058442
15:22:30 [92mINFO [0m:      [Fleet.PushMessages] Push replies from node_id=1355200885494816835
15:22:30 [92mINFO [0m:      [Fleet.PullMessages] node_id=1355200885494816835
15:22:31 [92mINFO [0m:      [Fleet.PushMessages] Push replies from node_id=18069906350040356888
15:22:31 [92mINFO [0m:      [Fleet.PullMessages] node_id=18069906350040356888
15:22:31 [92mINFO [0m:      [Fleet.PushMessages] Push replies from node_id=7404142900057678788
15:22:31 [92mINFO [0m:      [Fleet.PullMessages] node_id=7404142900057678788
15:22:32 [92mINFO [0m:      [Fleet.PushMessages] Push replies from node_id=13979921700086420179
15:22:32 [92mINFO [0m:      [Fleet.PullMessages] node_id=13979921700086420179
15:22:33 [92mINFO [0m:      [Fleet.PullMessages] node_id=17559155593777058442
15:22:33 [92mINFO [0m:      [Fleet.PullMessages] node_id=1355200885494816835
15:22:34 [92mINFO [0m:      [Fleet.PullMessages] node_id=18069906350040356888
15:22:34 [92mINFO [0m:      [Fleet.PullMessages] node_id=7404142900057678788
15:22:35 [92mINFO [0m:      [Fleet.PullMessages] node_id=13979921700086420179
15:22:36 [92mINFO [0m:      [Fleet.PullMessages] node_id=17559155593777058442
15:22:36 [92mINFO [0m:      [Fleet.PullMessages] node_id=1355200885494816835
15:22:37 [92mINFO [0m:      [Fleet.PullMessages] node_id=18069906350040356888
15:22:37 [92mINFO [0m:      [Fleet.PullMessages] node_id=7404142900057678788
15:22:38 [92mINFO [0m:      [Fleet.PushMessages] Push replies from node_id=13979921700086420179
15:22:38 [92mINFO [0m:      [Fleet.PullMessages] node_id=13979921700086420179
15:22:40 [92mINFO [0m:      [Fleet.PushMessages] Push replies from node_id=17559155593777058442
15:22:40 [92mINFO [0m:      [Fleet.PullMessages] node_id=17559155593777058442
15:22:40 [92mINFO [0m:      [Fleet.PushMessages] Push replies from node_id=1355200885494816835
15:22:40 [92mINFO [0m:      [Fleet.PushMessages] Push replies from node_id=7404142900057678788
15:22:40 [92mINFO [0m:      [Fleet.PullMessages] node_id=1355200885494816835
15:22:40 [92mINFO [0m:      [Fleet.PullMessages] node_id=7404142900057678788
15:22:41 [92mINFO [0m:      [Fleet.PushMessages] Push replies from node_id=18069906350040356888
15:22:41 [92mINFO [0m:      [Fleet.PullMessages] node_id=13979921700086420179
15:22:41 [92mINFO [0m:      [Fleet.PullMessages] node_id=18069906350040356888
15:22:43 [92mINFO [0m:      [Fleet.PullMessages] node_id=17559155593777058442
15:22:43 [92mINFO [0m:      [Fleet.PullMessages] node_id=1355200885494816835
15:22:43 [92mINFO [0m:      [Fleet.PullMessages] node_id=7404142900057678788
15:22:44 [92mINFO [0m:      [Fleet.PullMessages] node_id=13979921700086420179
15:22:44 [92mINFO [0m:      [Fleet.PullMessages] node_id=18069906350040356888
15:22:46 [92mINFO [0m:      [Fleet.PullMessages] node_id=17559155593777058442
15:22:47 [92mINFO [0m:      [Fleet.PushMessages] Push replies from node_id=1355200885494816835
15:22:47 [92mINFO [0m:      [Fleet.PullMessages] node_id=1355200885494816835
15:22:47 [92mINFO [0m:      [Fleet.PushMessages] Push replies from node_id=7404142900057678788
15:22:47 [92mINFO [0m:      [Fleet.PullMessages] node_id=7404142900057678788
15:22:48 [92mINFO [0m:      [Fleet.PushMessages] Push replies from node_id=13979921700086420179
15:22:48 [92mINFO [0m:      [Fleet.PullMessages] node_id=13979921700086420179
15:22:49 [92mINFO [0m:      [Fleet.PushMessages] Push replies from node_id=18069906350040356888
15:22:49 [92mINFO [0m:      [Fleet.PullMessages] node_id=18069906350040356888
15:22:50 [92mINFO [0m:      [Fleet.PushMessages] Push replies from node_id=17559155593777058442
15:22:50 [92mINFO [0m:      [Fleet.PullMessages] node_id=17559155593777058442
15:22:50 [92mINFO [0m:      [Fleet.PullMessages] node_id=1355200885494816835
15:22:50 [92mINFO [0m:      [Fleet.PullMessages] node_id=7404142900057678788
15:22:51 [92mINFO [0m:      [Fleet.PullMessages] node_id=13979921700086420179
15:22:52 [92mINFO [0m:      [Fleet.PullMessages] node_id=18069906350040356888
15:22:53 [92mINFO [0m:      [Fleet.PullMessages] node_id=17559155593777058442
15:22:53 [92mINFO [0m:      [Fleet.PullMessages] node_id=1355200885494816835
15:22:53 [92mINFO [0m:      [Fleet.PullMessages] node_id=7404142900057678788
15:22:54 [92mINFO [0m:      [Fleet.PullMessages] node_id=13979921700086420179
15:22:55 [92mINFO [0m:      [Fleet.PullMessages] node_id=18069906350040356888
15:22:58 [92mINFO [0m:      [Fleet.PushMessages] Push replies from node_id=17559155593777058442
15:22:58 [92mINFO [0m:      [Fleet.PullMessages] node_id=17559155593777058442
15:22:58 [92mINFO [0m:      [Fleet.PushMessages] Push replies from node_id=1355200885494816835
15:22:58 [92mINFO [0m:      [Fleet.PushMessages] Push replies from node_id=7404142900057678788
15:22:58 [92mINFO [0m:      [Fleet.PullMessages] node_id=1355200885494816835
15:22:58 [92mINFO [0m:      [Fleet.PullMessages] node_id=7404142900057678788
15:22:59 [92mINFO [0m:      [Fleet.PushMessages] Push replies from node_id=13979921700086420179
15:22:59 [92mINFO [0m:      [Fleet.PullMessages] node_id=13979921700086420179
15:23:00 [92mINFO [0m:      [Fleet.PushMessages] Push replies from node_id=18069906350040356888
15:23:00 [92mINFO [0m:      [Fleet.PullMessages] node_id=18069906350040356888
15:23:01 [92mINFO [0m:      [Fleet.PullMessages] node_id=17559155593777058442
15:23:01 [92mINFO [0m:      [Fleet.PullMessages] node_id=1355200885494816835
15:23:01 [92mINFO [0m:      [Fleet.PullMessages] node_id=7404142900057678788
15:23:02 [92mINFO [0m:      [Fleet.PullMessages] node_id=13979921700086420179
15:23:03 [92mINFO [0m:      [Fleet.PullMessages] node_id=18069906350040356888
15:23:04 [92mINFO [0m:      [Fleet.PullMessages] node_id=17559155593777058442
15:23:04 [92mINFO [0m:      [Fleet.PullMessages] node_id=7404142900057678788
15:23:04 [92mINFO [0m:      [Fleet.PullMessages] node_id=1355200885494816835
15:23:06 [92mINFO [0m:      [Fleet.PushMessages] Push replies from node_id=13979921700086420179
15:23:06 [92mINFO [0m:      [Fleet.PullMessages] node_id=13979921700086420179
15:23:08 [92mINFO [0m:      [Fleet.PushMessages] Push replies from node_id=18069906350040356888
15:23:08 [92mINFO [0m:      [Fleet.PullMessages] node_id=18069906350040356888
15:23:08 [92mINFO [0m:      [Fleet.PushMessages] Push replies from node_id=17559155593777058442
15:23:08 [92mINFO [0m:      [Fleet.PullMessages] node_id=17559155593777058442
15:23:09 [92mINFO [0m:      [Fleet.PullMessages] node_id=13979921700086420179
15:23:09 [92mINFO [0m:      [Fleet.PushMessages] Push replies from node_id=7404142900057678788
15:23:09 [92mINFO [0m:      [Fleet.PushMessages] Push replies from node_id=1355200885494816835
15:23:09 [92mINFO [0m:      [Fleet.PullMessages] node_id=1355200885494816835
15:23:09 [92mINFO [0m:      [Fleet.PullMessages] node_id=7404142900057678788
15:23:11 [92mINFO [0m:      [Fleet.PullMessages] node_id=18069906350040356888
15:23:11 [92mINFO [0m:      [Fleet.PullMessages] node_id=17559155593777058442
15:23:12 [92mINFO [0m:      [Fleet.PullMessages] node_id=13979921700086420179
15:23:12 [92mINFO [0m:      [Fleet.PullMessages] node_id=1355200885494816835
15:23:12 [92mINFO [0m:      [Fleet.PullMessages] node_id=7404142900057678788
15:23:15 [92mINFO [0m:      [Fleet.PushMessages] Push replies from node_id=17559155593777058442
15:23:15 [92mINFO [0m:      [Fleet.PullMessages] node_id=17559155593777058442
15:23:16 [92mINFO [0m:      [Fleet.PushMessages] Push replies from node_id=13979921700086420179
15:23:16 [92mINFO [0m:      [Fleet.PushMessages] Push replies from node_id=18069906350040356888
15:23:16 [92mINFO [0m:      [Fleet.PullMessages] node_id=13979921700086420179
15:23:16 [92mINFO [0m:      [Fleet.PullMessages] node_id=18069906350040356888
15:23:16 [92mINFO [0m:      [Fleet.PushMessages] Push replies from node_id=1355200885494816835
15:23:16 [92mINFO [0m:      [Fleet.PushMessages] Push replies from node_id=7404142900057678788
15:23:16 [92mINFO [0m:      [Fleet.PullMessages] node_id=1355200885494816835
15:23:16 [92mINFO [0m:      [Fleet.PullMessages] node_id=7404142900057678788
15:23:18 [92mINFO [0m:      [Fleet.PullMessages] node_id=17559155593777058442
15:23:19 [92mINFO [0m:      ControlServicer.StreamLogs
15:23:19 [92mINFO [0m:      [Fleet.PullMessages] node_id=13979921700086420179
15:23:19 [92mINFO [0m:      [Fleet.PullMessages] node_id=18069906350040356888
15:23:19 [92mINFO [0m:      [Fleet.PullMessages] node_id=1355200885494816835
15:23:19 [92mINFO [0m:      [Fleet.PullMessages] node_id=7404142900057678788
15:23:22 [92mINFO [0m:      [Fleet.PushMessages] Push replies from node_id=17559155593777058442
15:23:22 [92mINFO [0m:      [Fleet.PullMessages] node_id=17559155593777058442
15:23:23 [92mINFO [0m:      [Fleet.PushMessages] Push replies from node_id=1355200885494816835
15:23:23 [92mINFO [0m:      [Fleet.PullMessages] node_id=1355200885494816835
15:23:23 [92mINFO [0m:      [Fleet.PushMessages] Push replies from node_id=13979921700086420179
15:23:23 [92mINFO [0m:      [Fleet.PullMessages] node_id=13979921700086420179
15:23:23 [92mINFO [0m:      [Fleet.PushMessages] Push replies from node_id=7404142900057678788
15:23:23 [92mINFO [0m:      [Fleet.PullMessages] node_id=7404142900057678788
15:23:23 [92mINFO [0m:      [Fleet.PushMessages] Push replies from node_id=18069906350040356888
15:23:23 [92mINFO [0m:      [Fleet.PullMessages] node_id=18069906350040356888
15:23:25 [92mINFO [0m:      [Fleet.PullMessages] node_id=17559155593777058442
15:23:26 [92mINFO [0m:      [Fleet.PullMessages] node_id=1355200885494816835
15:23:26 [92mINFO [0m:      [Fleet.PullMessages] node_id=13979921700086420179
15:23:26 [92mINFO [0m:      [Fleet.PullMessages] node_id=7404142900057678788
15:23:26 [92mINFO [0m:      [Fleet.PullMessages] node_id=18069906350040356888
15:23:28 [92mINFO [0m:      [Fleet.PullMessages] node_id=17559155593777058442
15:23:29 [92mINFO [0m:      [Fleet.PushMessages] Push replies from node_id=13979921700086420179
15:23:29 [92mINFO [0m:      [Fleet.PullMessages] node_id=13979921700086420179
15:23:30 [92mINFO [0m:      [Fleet.PushMessages] Push replies from node_id=1355200885494816835
15:23:30 [92mINFO [0m:      [Fleet.PushMessages] Push replies from node_id=7404142900057678788
15:23:30 [92mINFO [0m:      [Fleet.PullMessages] node_id=1355200885494816835
15:23:30 [92mINFO [0m:      [Fleet.PullMessages] node_id=7404142900057678788
15:23:31 [92mINFO [0m:      [Fleet.PushMessages] Push replies from node_id=18069906350040356888
15:23:31 [92mINFO [0m:      [Fleet.PullMessages] node_id=18069906350040356888
15:23:32 [92mINFO [0m:      [Fleet.PushMessages] Push replies from node_id=17559155593777058442
15:23:32 [92mINFO [0m:      [Fleet.PullMessages] node_id=17559155593777058442
15:23:32 [92mINFO [0m:      [Fleet.PullMessages] node_id=13979921700086420179
15:23:33 [92mINFO [0m:      [Fleet.PullMessages] node_id=1355200885494816835
15:23:33 [92mINFO [0m:      [Fleet.PullMessages] node_id=7404142900057678788
15:23:34 [92mINFO [0m:      [Fleet.PullMessages] node_id=18069906350040356888
15:23:35 [92mINFO [0m:      [Fleet.PullMessages] node_id=17559155593777058442
15:23:35 [92mINFO [0m:      [Fleet.PullMessages] node_id=13979921700086420179
15:23:36 [92mINFO [0m:      [Fleet.PullMessages] node_id=1355200885494816835
15:23:36 [92mINFO [0m:      [Fleet.PullMessages] node_id=7404142900057678788
15:23:37 [92mINFO [0m:      [Fleet.PullMessages] node_id=18069906350040356888
15:23:39 [92mINFO [0m:      [Fleet.PushMessages] Push replies from node_id=17559155593777058442
15:23:39 [92mINFO [0m:      [Fleet.PullMessages] node_id=17559155593777058442
15:23:39 [92mINFO [0m:      [Fleet.PushMessages] Push replies from node_id=1355200885494816835
15:23:39 [92mINFO [0m:      [Fleet.PullMessages] node_id=1355200885494816835
15:23:40 [92mINFO [0m:      [Fleet.PushMessages] Push replies from node_id=13979921700086420179
15:23:40 [92mINFO [0m:      [Fleet.PullMessages] node_id=13979921700086420179
15:23:40 [92mINFO [0m:      [Fleet.PushMessages] Push replies from node_id=7404142900057678788
15:23:40 [92mINFO [0m:      [Fleet.PullMessages] node_id=7404142900057678788
15:23:41 [92mINFO [0m:      [Fleet.PushMessages] Push replies from node_id=18069906350040356888
15:23:41 [92mINFO [0m:      [Fleet.PullMessages] node_id=18069906350040356888
15:23:42 [92mINFO [0m:      [Fleet.PullMessages] node_id=17559155593777058442
15:23:42 [92mINFO [0m:      [Fleet.PullMessages] node_id=1355200885494816835
15:23:43 [92mINFO [0m:      [Fleet.PullMessages] node_id=13979921700086420179
15:23:43 [92mINFO [0m:      [Fleet.PullMessages] node_id=7404142900057678788
15:23:44 [92mINFO [0m:      [Fleet.PullMessages] node_id=18069906350040356888
15:23:45 [92mINFO [0m:      [Fleet.PullMessages] node_id=17559155593777058442
15:23:45 [92mINFO [0m:      [Fleet.PullMessages] node_id=1355200885494816835
15:23:46 [92mINFO [0m:      [Fleet.PullMessages] node_id=13979921700086420179
15:23:46 [92mINFO [0m:      [Fleet.PullMessages] node_id=7404142900057678788
15:23:48 [92mINFO [0m:      [Fleet.PushMessages] Push replies from node_id=18069906350040356888
15:23:48 [92mINFO [0m:      [Fleet.PullMessages] node_id=18069906350040356888
15:23:49 [92mINFO [0m:      [Fleet.PushMessages] Push replies from node_id=17559155593777058442
15:23:49 [92mINFO [0m:      [Fleet.PullMessages] node_id=17559155593777058442
15:23:49 [92mINFO [0m:      [Fleet.PushMessages] Push replies from node_id=1355200885494816835
15:23:50 [92mINFO [0m:      [Fleet.PullMessages] node_id=1355200885494816835
15:23:50 [92mINFO [0m:      [Fleet.PushMessages] Push replies from node_id=13979921700086420179
15:23:50 [92mINFO [0m:      [Fleet.PullMessages] node_id=13979921700086420179
15:23:50 [92mINFO [0m:      [Fleet.PushMessages] Push replies from node_id=7404142900057678788
15:23:50 [92mINFO [0m:      [Fleet.PullMessages] node_id=7404142900057678788
15:23:51 [92mINFO [0m:      [Fleet.PullMessages] node_id=18069906350040356888
15:23:52 [92mINFO [0m:      [Fleet.PullMessages] node_id=17559155593777058442
15:23:53 [92mINFO [0m:      [Fleet.PullMessages] node_id=1355200885494816835
15:23:53 [92mINFO [0m:      [Fleet.PullMessages] node_id=13979921700086420179
15:23:53 [92mINFO [0m:      [Fleet.PullMessages] node_id=7404142900057678788
15:23:54 [92mINFO [0m:      [Fleet.PullMessages] node_id=18069906350040356888
15:23:55 [92mINFO [0m:      [Fleet.PullMessages] node_id=17559155593777058442
15:23:56 [92mINFO [0m:      [Fleet.PullMessages] node_id=1355200885494816835
15:23:56 [92mINFO [0m:      [Fleet.PullMessages] node_id=13979921700086420179
15:23:57 [92mINFO [0m:      [Fleet.PushMessages] Push replies from node_id=7404142900057678788
15:23:57 [92mINFO [0m:      [Fleet.PullMessages] node_id=7404142900057678788
15:23:58 [92mINFO [0m:      [Fleet.PushMessages] Push replies from node_id=18069906350040356888
15:23:58 [92mINFO [0m:      [Fleet.PullMessages] node_id=18069906350040356888
15:23:59 [92mINFO [0m:      [Fleet.PushMessages] Push replies from node_id=17559155593777058442
15:23:59 [92mINFO [0m:      [Fleet.PullMessages] node_id=17559155593777058442
15:24:00 [92mINFO [0m:      [Fleet.PushMessages] Push replies from node_id=13979921700086420179
15:24:00 [92mINFO [0m:      [Fleet.PullMessages] node_id=13979921700086420179
15:24:00 [92mINFO [0m:      [Fleet.PushMessages] Push replies from node_id=1355200885494816835
15:24:00 [92mINFO [0m:      [Fleet.PullMessages] node_id=1355200885494816835
15:24:00 [92mINFO [0m:      [Fleet.PullMessages] node_id=7404142900057678788
15:24:01 [92mINFO [0m:      [Fleet.PullMessages] node_id=18069906350040356888
15:24:02 [92mINFO [0m:      [Fleet.PullMessages] node_id=17559155593777058442
15:24:03 [92mINFO [0m:      [Fleet.PullMessages] node_id=13979921700086420179
15:24:03 [92mINFO [0m:      [Fleet.PullMessages] node_id=1355200885494816835
15:24:03 [92mINFO [0m:      [Fleet.PullMessages] node_id=7404142900057678788
15:24:04 [92mINFO [0m:      [Fleet.PullMessages] node_id=18069906350040356888
15:24:06 [92mINFO [0m:      [Fleet.PushMessages] Push replies from node_id=17559155593777058442
15:24:07 [92mINFO [0m:      [Fleet.PullMessages] node_id=17559155593777058442
15:24:07 [92mINFO [0m:      [Fleet.PushMessages] Push replies from node_id=1355200885494816835
15:24:07 [92mINFO [0m:      [Fleet.PullMessages] node_id=1355200885494816835
15:24:07 [92mINFO [0m:      [Fleet.PushMessages] Push replies from node_id=13979921700086420179
15:24:07 [92mINFO [0m:      [Fleet.PullMessages] node_id=13979921700086420179
15:24:08 [92mINFO [0m:      [Fleet.PushMessages] Push replies from node_id=7404142900057678788
15:24:08 [92mINFO [0m:      [Fleet.PullMessages] node_id=7404142900057678788
15:24:09 [92mINFO [0m:      [Fleet.PushMessages] Push replies from node_id=18069906350040356888
15:24:09 [92mINFO [0m:      [Fleet.PullMessages] node_id=18069906350040356888
15:24:10 [92mINFO [0m:      [Fleet.PullMessages] node_id=17559155593777058442
15:24:10 [92mINFO [0m:      [Fleet.PullMessages] node_id=1355200885494816835
15:24:10 [92mINFO [0m:      [Fleet.PullMessages] node_id=13979921700086420179
15:24:11 [92mINFO [0m:      [Fleet.PullMessages] node_id=7404142900057678788
15:24:12 [92mINFO [0m:      [Fleet.PullMessages] node_id=18069906350040356888
15:24:13 [92mINFO [0m:      [Fleet.PullMessages] node_id=17559155593777058442
15:24:13 [92mINFO [0m:      [Fleet.PullMessages] node_id=1355200885494816835
15:24:13 [92mINFO [0m:      [Fleet.PullMessages] node_id=13979921700086420179
15:24:14 [92mINFO [0m:      [Fleet.PullMessages] node_id=7404142900057678788
15:24:17 [92mINFO [0m:      [Fleet.PushMessages] Push replies from node_id=18069906350040356888
15:24:17 [92mINFO [0m:      [Fleet.PullMessages] node_id=18069906350040356888
15:24:17 [92mINFO [0m:      [Fleet.PushMessages] Push replies from node_id=1355200885494816835
15:24:17 [92mINFO [0m:      [Fleet.PullMessages] node_id=1355200885494816835
15:24:17 [92mINFO [0m:      [Fleet.PushMessages] Push replies from node_id=13979921700086420179
15:24:17 [92mINFO [0m:      [Fleet.PullMessages] node_id=13979921700086420179
15:24:17 [92mINFO [0m:      [Fleet.PushMessages] Push replies from node_id=17559155593777058442
15:24:17 [92mINFO [0m:      [Fleet.PullMessages] node_id=17559155593777058442
15:24:18 [92mINFO [0m:      [Fleet.PushMessages] Push replies from node_id=7404142900057678788
15:24:18 [92mINFO [0m:      [Fleet.PullMessages] node_id=7404142900057678788
15:24:19 [92mINFO [0m:      ControlServicer.StreamLogs
15:24:20 [92mINFO [0m:      [Fleet.PullMessages] node_id=18069906350040356888
15:24:20 [92mINFO [0m:      [Fleet.PullMessages] node_id=1355200885494816835
15:24:20 [92mINFO [0m:      [Fleet.PullMessages] node_id=13979921700086420179
15:24:20 [92mINFO [0m:      [Fleet.PullMessages] node_id=17559155593777058442
15:24:21 [92mINFO [0m:      [Fleet.PullMessages] node_id=7404142900057678788
15:24:23 [92mINFO [0m:      [Fleet.PullMessages] node_id=18069906350040356888
15:24:23 [92mINFO [0m:      [Fleet.PullMessages] node_id=1355200885494816835
15:24:24 [92mINFO [0m:      [Fleet.PushMessages] Push replies from node_id=13979921700086420179
15:24:24 [92mINFO [0m:      [Fleet.PullMessages] node_id=13979921700086420179
15:24:25 [92mINFO [0m:      [Fleet.PushMessages] Push replies from node_id=17559155593777058442
15:24:25 [92mINFO [0m:      [Fleet.PullMessages] node_id=17559155593777058442
15:24:25 [92mINFO [0m:      [Fleet.PushMessages] Push replies from node_id=7404142900057678788
15:24:26 [92mINFO [0m:      [Fleet.PullMessages] node_id=7404142900057678788
15:24:27 [92mINFO [0m:      [Fleet.PushMessages] Push replies from node_id=18069906350040356888
15:24:27 [92mINFO [0m:      [Fleet.PullMessages] node_id=18069906350040356888
15:24:27 [92mINFO [0m:      [Fleet.PushMessages] Push replies from node_id=1355200885494816835
15:24:27 [92mINFO [0m:      [Fleet.PullMessages] node_id=1355200885494816835
15:24:27 [92mINFO [0m:      [Fleet.PullMessages] node_id=13979921700086420179
15:24:28 [92mINFO [0m:      [Fleet.PullMessages] node_id=17559155593777058442
15:24:29 [92mINFO [0m:      [Fleet.PullMessages] node_id=7404142900057678788
15:24:30 [92mINFO [0m:      [Fleet.PullMessages] node_id=18069906350040356888
15:24:30 [92mINFO [0m:      [Fleet.PullMessages] node_id=1355200885494816835
15:24:30 [92mINFO [0m:      [Fleet.PullMessages] node_id=13979921700086420179
15:24:31 [92mINFO [0m:      [Fleet.PullMessages] node_id=17559155593777058442
15:24:32 [92mINFO [0m:      [Fleet.PullMessages] node_id=7404142900057678788
15:24:35 [92mINFO [0m:      [Fleet.PushMessages] Push replies from node_id=1355200885494816835
15:24:35 [92mINFO [0m:      [Fleet.PullMessages] node_id=1355200885494816835
15:24:35 [92mINFO [0m:      [Fleet.PushMessages] Push replies from node_id=17559155593777058442
15:24:35 [92mINFO [0m:      [Fleet.PullMessages] node_id=17559155593777058442
15:24:35 [92mINFO [0m:      [Fleet.PushMessages] Push replies from node_id=13979921700086420179
15:24:35 [92mINFO [0m:      [Fleet.PullMessages] node_id=13979921700086420179
15:24:35 [92mINFO [0m:      [Fleet.PushMessages] Push replies from node_id=18069906350040356888
15:24:35 [92mINFO [0m:      [Fleet.PullMessages] node_id=18069906350040356888
15:24:36 [92mINFO [0m:      [Fleet.PushMessages] Push replies from node_id=7404142900057678788
15:24:36 [92mINFO [0m:      [Fleet.PullMessages] node_id=7404142900057678788
15:24:38 [92mINFO [0m:      [Fleet.PullMessages] node_id=1355200885494816835
15:24:38 [92mINFO [0m:      [Fleet.PullMessages] node_id=17559155593777058442
15:24:38 [92mINFO [0m:      [Fleet.PullMessages] node_id=13979921700086420179
15:24:38 [92mINFO [0m:      [Fleet.PullMessages] node_id=18069906350040356888
15:24:39 [92mINFO [0m:      [Fleet.PullMessages] node_id=7404142900057678788
15:24:41 [92mINFO [0m:      [Fleet.PullMessages] node_id=1355200885494816835
15:24:41 [92mINFO [0m:      [Fleet.PullMessages] node_id=17559155593777058442
15:24:41 [92mINFO [0m:      [Fleet.PullMessages] node_id=13979921700086420179
15:24:41 [92mINFO [0m:      [Fleet.PullMessages] node_id=18069906350040356888
15:24:43 [92mINFO [0m:      [Fleet.PushMessages] Push replies from node_id=7404142900057678788
15:24:43 [92mINFO [0m:      [Fleet.PullMessages] node_id=7404142900057678788
15:24:44 [92mINFO [0m:      [Fleet.PushMessages] Push replies from node_id=13979921700086420179
15:24:44 [92mINFO [0m:      [Fleet.PullMessages] node_id=13979921700086420179
15:24:45 [92mINFO [0m:      [Fleet.PushMessages] Push replies from node_id=1355200885494816835
15:24:45 [92mINFO [0m:      [Fleet.PullMessages] node_id=1355200885494816835
15:24:45 [92mINFO [0m:      [Fleet.PushMessages] Push replies from node_id=17559155593777058442
15:24:45 [92mINFO [0m:      [Fleet.PullMessages] node_id=17559155593777058442
15:24:46 [92mINFO [0m:      [Fleet.PullMessages] node_id=7404142900057678788
15:24:46 [92mINFO [0m:      [Fleet.PushMessages] Push replies from node_id=18069906350040356888
15:24:46 [92mINFO [0m:      [Fleet.PullMessages] node_id=18069906350040356888
15:24:47 [92mINFO [0m:      [Fleet.PullMessages] node_id=13979921700086420179
15:24:48 [92mINFO [0m:      [Fleet.PullMessages] node_id=1355200885494816835
15:24:48 [92mINFO [0m:      [Fleet.PullMessages] node_id=17559155593777058442
15:24:49 [92mINFO [0m:      [Fleet.PullMessages] node_id=7404142900057678788
15:24:49 [92mINFO [0m:      [Fleet.PullMessages] node_id=18069906350040356888
15:24:52 [92mINFO [0m:      [Fleet.PushMessages] Push replies from node_id=13979921700086420179
15:24:52 [92mINFO [0m:      [Fleet.PullMessages] node_id=13979921700086420179
15:24:52 [92mINFO [0m:      [Fleet.PushMessages] Push replies from node_id=17559155593777058442
15:24:52 [92mINFO [0m:      [Fleet.PullMessages] node_id=17559155593777058442
15:24:53 [92mINFO [0m:      [Fleet.PushMessages] Push replies from node_id=1355200885494816835
15:24:53 [92mINFO [0m:      [Fleet.PullMessages] node_id=1355200885494816835
15:24:53 [92mINFO [0m:      [Fleet.PushMessages] Push replies from node_id=7404142900057678788
15:24:53 [92mINFO [0m:      [Fleet.PullMessages] node_id=7404142900057678788
15:24:54 [92mINFO [0m:      [Fleet.PushMessages] Push replies from node_id=18069906350040356888
15:24:54 [92mINFO [0m:      [Fleet.PullMessages] node_id=18069906350040356888
15:24:55 [92mINFO [0m:      [Fleet.PullMessages] node_id=13979921700086420179
15:24:55 [92mINFO [0m:      [Fleet.PullMessages] node_id=17559155593777058442
15:24:56 [92mINFO [0m:      [Fleet.PullMessages] node_id=1355200885494816835
15:24:56 [92mINFO [0m:      [Fleet.PullMessages] node_id=7404142900057678788
15:24:57 [92mINFO [0m:      [Fleet.PullMessages] node_id=18069906350040356888
15:24:58 [92mINFO [0m:      [Fleet.PullMessages] node_id=13979921700086420179
15:24:58 [92mINFO [0m:      [Fleet.PullMessages] node_id=17559155593777058442
15:24:59 [92mINFO [0m:      [Fleet.PullMessages] node_id=1355200885494816835
15:24:59 [92mINFO [0m:      [Fleet.PullMessages] node_id=7404142900057678788
15:25:02 [92mINFO [0m:      [Fleet.PushMessages] Push replies from node_id=18069906350040356888
15:25:02 [92mINFO [0m:      [Fleet.PullMessages] node_id=18069906350040356888
15:25:03 [92mINFO [0m:      [Fleet.PushMessages] Push replies from node_id=13979921700086420179
15:25:03 [92mINFO [0m:      [Fleet.PullMessages] node_id=13979921700086420179
15:25:03 [92mINFO [0m:      [Fleet.PushMessages] Push replies from node_id=7404142900057678788
15:25:03 [92mINFO [0m:      [Fleet.PushMessages] Push replies from node_id=17559155593777058442
15:25:03 [92mINFO [0m:      [Fleet.PullMessages] node_id=7404142900057678788
15:25:03 [92mINFO [0m:      [Fleet.PullMessages] node_id=17559155593777058442
15:25:04 [92mINFO [0m:      [Fleet.PushMessages] Push replies from node_id=1355200885494816835
15:25:04 [92mINFO [0m:      [Fleet.PullMessages] node_id=1355200885494816835
15:25:05 [92mINFO [0m:      [Fleet.PullMessages] node_id=18069906350040356888
15:25:06 [92mINFO [0m:      [Fleet.PullMessages] node_id=13979921700086420179
15:25:06 [92mINFO [0m:      [Fleet.PullMessages] node_id=7404142900057678788
15:25:06 [92mINFO [0m:      [Fleet.PullMessages] node_id=17559155593777058442
15:25:07 [92mINFO [0m:      [Fleet.PullMessages] node_id=1355200885494816835
15:25:11 [92mINFO [0m:      [Fleet.PushMessages] Push replies from node_id=7404142900057678788
15:25:11 [92mINFO [0m:      [Fleet.PullMessages] node_id=7404142900057678788
15:25:11 [92mINFO [0m:      [Fleet.PushMessages] Push replies from node_id=13979921700086420179
15:25:11 [92mINFO [0m:      [Fleet.PullMessages] node_id=13979921700086420179
15:25:11 [92mINFO [0m:      [Fleet.PushMessages] Push replies from node_id=17559155593777058442
15:25:11 [92mINFO [0m:      [Fleet.PullMessages] node_id=17559155593777058442
15:25:11 [92mINFO [0m:      [Fleet.PushMessages] Push replies from node_id=18069906350040356888
15:25:11 [92mINFO [0m:      [Fleet.PullMessages] node_id=18069906350040356888
15:25:13 [92mINFO [0m:      [Fleet.PushMessages] Push replies from node_id=1355200885494816835
15:25:13 [92mINFO [0m:      [Fleet.PullMessages] node_id=1355200885494816835
15:25:14 [92mINFO [0m:      [Fleet.PullMessages] node_id=7404142900057678788
15:25:14 [92mINFO [0m:      [Fleet.PullMessages] node_id=13979921700086420179
15:25:14 [92mINFO [0m:      [Fleet.PullMessages] node_id=17559155593777058442
15:25:14 [92mINFO [0m:      [Fleet.PullMessages] node_id=18069906350040356888
15:25:16 [92mINFO [0m:      [Fleet.PullMessages] node_id=1355200885494816835
15:25:17 [92mINFO [0m:      [Fleet.PullMessages] node_id=7404142900057678788
15:25:17 [92mINFO [0m:      [Fleet.PullMessages] node_id=13979921700086420179
15:25:18 [92mINFO [0m:      [Fleet.PushMessages] Push replies from node_id=17559155593777058442
15:25:18 [92mINFO [0m:      [Fleet.PullMessages] node_id=17559155593777058442
15:25:19 [92mINFO [0m:      [Fleet.PushMessages] Push replies from node_id=18069906350040356888
15:25:19 [92mINFO [0m:      [Fleet.PullMessages] node_id=18069906350040356888
15:25:19 [92mINFO [0m:      [Fleet.PushMessages] Push replies from node_id=1355200885494816835
15:25:19 [92mINFO [0m:      [Fleet.PullMessages] node_id=1355200885494816835
15:25:20 [92mINFO [0m:      ControlServicer.StreamLogs
15:25:20 [92mINFO [0m:      [Fleet.PushMessages] Push replies from node_id=13979921700086420179
15:25:20 [92mINFO [0m:      [Fleet.PullMessages] node_id=13979921700086420179
15:25:21 [92mINFO [0m:      [Fleet.PushMessages] Push replies from node_id=7404142900057678788
15:25:21 [92mINFO [0m:      [Fleet.PullMessages] node_id=7404142900057678788
15:25:21 [92mINFO [0m:      [Fleet.PullMessages] node_id=17559155593777058442
15:25:22 [92mINFO [0m:      [Fleet.PullMessages] node_id=18069906350040356888
15:25:22 [92mINFO [0m:      [Fleet.PullMessages] node_id=1355200885494816835
15:25:23 [92mINFO [0m:      [Fleet.PullMessages] node_id=13979921700086420179
15:25:24 [92mINFO [0m:      [Fleet.PullMessages] node_id=7404142900057678788
15:25:24 [92mINFO [0m:      [Fleet.PullMessages] node_id=17559155593777058442
15:25:25 [92mINFO [0m:      [Fleet.PullMessages] node_id=18069906350040356888
15:25:25 [92mINFO [0m:      [Fleet.PullMessages] node_id=1355200885494816835
15:25:28 [92mINFO [0m:      [Fleet.PushMessages] Push replies from node_id=7404142900057678788
15:25:28 [92mINFO [0m:      [Fleet.PullMessages] node_id=7404142900057678788
15:25:28 [92mINFO [0m:      [Fleet.PushMessages] Push replies from node_id=13979921700086420179
15:25:28 [92mINFO [0m:      [Fleet.PullMessages] node_id=13979921700086420179
15:25:28 [92mINFO [0m:      [Fleet.PushMessages] Push replies from node_id=17559155593777058442
15:25:28 [92mINFO [0m:      [Fleet.PullMessages] node_id=17559155593777058442
15:25:29 [92mINFO [0m:      [Fleet.PushMessages] Push replies from node_id=18069906350040356888
15:25:29 [92mINFO [0m:      [Fleet.PullMessages] node_id=18069906350040356888
15:25:30 [92mINFO [0m:      [Fleet.PushMessages] Push replies from node_id=1355200885494816835
15:25:30 [92mINFO [0m:      [Fleet.PullMessages] node_id=1355200885494816835
15:25:31 [92mINFO [0m:      [Fleet.PullMessages] node_id=7404142900057678788
15:25:31 [92mINFO [0m:      [Fleet.PullMessages] node_id=13979921700086420179
15:25:31 [92mINFO [0m:      [Fleet.PullMessages] node_id=17559155593777058442
15:25:32 [92mINFO [0m:      [Fleet.PullMessages] node_id=18069906350040356888
15:25:33 [92mINFO [0m:      [Fleet.PullMessages] node_id=1355200885494816835
15:25:34 [92mINFO [0m:      [Fleet.PullMessages] node_id=7404142900057678788
15:25:34 [92mINFO [0m:      [Fleet.PullMessages] node_id=13979921700086420179
15:25:34 [92mINFO [0m:      [Fleet.PullMessages] node_id=17559155593777058442
15:25:35 [92mINFO [0m:      [Fleet.PullMessages] node_id=18069906350040356888
15:25:36 [92mINFO [0m:      [Fleet.PushMessages] Push replies from node_id=1355200885494816835
15:25:36 [92mINFO [0m:      [Fleet.PullMessages] node_id=1355200885494816835
15:25:38 [92mINFO [0m:      [Fleet.PushMessages] Push replies from node_id=7404142900057678788
15:25:38 [92mINFO [0m:      [Fleet.PullMessages] node_id=7404142900057678788
15:25:38 [92mINFO [0m:      [Fleet.PushMessages] Push replies from node_id=13979921700086420179
15:25:38 [92mINFO [0m:      [Fleet.PullMessages] node_id=13979921700086420179
15:25:39 [92mINFO [0m:      [Fleet.PushMessages] Push replies from node_id=17559155593777058442
15:25:39 [92mINFO [0m:      [Fleet.PullMessages] node_id=17559155593777058442
15:25:39 [92mINFO [0m:      [Fleet.PushMessages] Push replies from node_id=18069906350040356888
15:25:39 [92mINFO [0m:      [Fleet.PullMessages] node_id=18069906350040356888
15:25:39 [92mINFO [0m:      [Fleet.PullMessages] node_id=1355200885494816835
15:25:41 [92mINFO [0m:      [Fleet.PullMessages] node_id=7404142900057678788
15:25:41 [92mINFO [0m:      [Fleet.PullMessages] node_id=13979921700086420179
15:25:42 [92mINFO [0m:      [Fleet.PullMessages] node_id=17559155593777058442
15:25:42 [92mINFO [0m:      [Fleet.PullMessages] node_id=18069906350040356888
15:25:42 [92mINFO [0m:      [Fleet.PullMessages] node_id=1355200885494816835
15:25:44 [92mINFO [0m:      [Fleet.PullMessages] node_id=7404142900057678788
15:25:44 [92mINFO [0m:      [Fleet.PullMessages] node_id=13979921700086420179
15:25:46 [92mINFO [0m:      [Fleet.PushMessages] Push replies from node_id=17559155593777058442
15:25:46 [92mINFO [0m:      [Fleet.PullMessages] node_id=17559155593777058442
15:25:46 [92mINFO [0m:      [Fleet.PushMessages] Push replies from node_id=1355200885494816835
15:25:46 [92mINFO [0m:      [Fleet.PullMessages] node_id=1355200885494816835
15:25:47 [92mINFO [0m:      [Fleet.PushMessages] Push replies from node_id=18069906350040356888
15:25:47 [92mINFO [0m:      [Fleet.PullMessages] node_id=18069906350040356888
15:25:48 [92mINFO [0m:      [Fleet.PushMessages] Push replies from node_id=7404142900057678788
15:25:48 [92mINFO [0m:      [Fleet.PullMessages] node_id=7404142900057678788
15:25:48 [92mINFO [0m:      [Fleet.PushMessages] Push replies from node_id=13979921700086420179
15:25:48 [92mINFO [0m:      [Fleet.PullMessages] node_id=13979921700086420179
15:25:49 [92mINFO [0m:      [Fleet.PullMessages] node_id=17559155593777058442
15:25:50 [92mINFO [0m:      [Fleet.PullMessages] node_id=1355200885494816835
15:25:50 [92mINFO [0m:      [Fleet.PullMessages] node_id=18069906350040356888
15:25:51 [92mINFO [0m:      [Fleet.PullMessages] node_id=7404142900057678788
15:25:51 [92mINFO [0m:      [Fleet.PullMessages] node_id=13979921700086420179
15:25:52 [92mINFO [0m:      [Fleet.PullMessages] node_id=17559155593777058442
15:25:53 [92mINFO [0m:      [Fleet.PullMessages] node_id=1355200885494816835
15:25:54 [92mINFO [0m:      [Fleet.PushMessages] Push replies from node_id=13979921700086420179
15:25:54 [92mINFO [0m:      [Fleet.PullMessages] node_id=13979921700086420179
15:25:55 [92mINFO [0m:      [Fleet.PushMessages] Push replies from node_id=7404142900057678788
15:25:55 [92mINFO [0m:      [Fleet.PullMessages] node_id=7404142900057678788
15:25:55 [92mINFO [0m:      [Fleet.PushMessages] Push replies from node_id=18069906350040356888
15:25:55 [92mINFO [0m:      [Fleet.PullMessages] node_id=18069906350040356888
15:25:56 [92mINFO [0m:      [Fleet.PushMessages] Push replies from node_id=17559155593777058442
15:25:56 [92mINFO [0m:      [Fleet.PullMessages] node_id=17559155593777058442
15:25:57 [92mINFO [0m:      [Fleet.PushMessages] Push replies from node_id=1355200885494816835
15:25:57 [92mINFO [0m:      [Fleet.PullMessages] node_id=1355200885494816835
15:25:57 [92mINFO [0m:      [Fleet.PullMessages] node_id=13979921700086420179
15:25:58 [92mINFO [0m:      [Fleet.PullMessages] node_id=7404142900057678788
15:25:58 [92mINFO [0m:      [Fleet.PullMessages] node_id=18069906350040356888
15:25:59 [92mINFO [0m:      [Fleet.PullMessages] node_id=17559155593777058442
15:26:00 [92mINFO [0m:      [Fleet.PullMessages] node_id=1355200885494816835
15:26:00 [92mINFO [0m:      [Fleet.PullMessages] node_id=13979921700086420179
15:26:01 [92mINFO [0m:      [Fleet.PullMessages] node_id=7404142900057678788
15:26:01 [92mINFO [0m:      [Fleet.PullMessages] node_id=18069906350040356888
15:26:02 [92mINFO [0m:      [Fleet.PullMessages] node_id=17559155593777058442
15:26:04 [92mINFO [0m:      [Fleet.PushMessages] Push replies from node_id=1355200885494816835
15:26:04 [92mINFO [0m:      [Fleet.PullMessages] node_id=1355200885494816835
15:26:04 [92mINFO [0m:      [Fleet.PushMessages] Push replies from node_id=13979921700086420179
15:26:04 [92mINFO [0m:      [Fleet.PullMessages] node_id=13979921700086420179
15:26:05 [92mINFO [0m:      [Fleet.PushMessages] Push replies from node_id=7404142900057678788
15:26:05 [92mINFO [0m:      [Fleet.PullMessages] node_id=7404142900057678788
15:26:05 [92mINFO [0m:      [Fleet.PushMessages] Push replies from node_id=18069906350040356888
15:26:05 [92mINFO [0m:      [Fleet.PullMessages] node_id=18069906350040356888
15:26:06 [92mINFO [0m:      [Fleet.PushMessages] Push replies from node_id=17559155593777058442
15:26:06 [92mINFO [0m:      [Fleet.PullMessages] node_id=17559155593777058442
15:26:07 [92mINFO [0m:      [Fleet.PullMessages] node_id=1355200885494816835
15:26:07 [92mINFO [0m:      [Fleet.PullMessages] node_id=13979921700086420179
15:26:08 [92mINFO [0m:      [Fleet.PullMessages] node_id=7404142900057678788
15:26:08 [92mINFO [0m:      [Fleet.PullMessages] node_id=18069906350040356888
15:26:09 [92mINFO [0m:      [Fleet.PullMessages] node_id=17559155593777058442
15:26:10 [92mINFO [0m:      Finished task 4435582577712175500 of run 17256312238335460168
15:26:10 [92mINFO [0m:      [Fleet.PullMessages] node_id=1355200885494816835
15:26:10 [92mINFO [0m:      All logs for run ID `17256312238335460168` returned
15:26:10 [92mINFO [0m:      [Fleet.PullMessages] node_id=13979921700086420179
